[2023-07-08T17:14:57.005+0900][gc,heap] Heap region size: 1M
[2023-07-08T17:14:57.012+0900][gc     ] Using G1
[2023-07-08T17:14:57.012+0900][gc,heap,coops] Heap address: 0x00000007c0000000, size: 1024 MB, Compressed Oops mode: Zero based, Oop shift amount: 3
[2023-07-08T17:14:58.157+0900][gc,start     ] GC(0) Pause Young (Concurrent Start) (Metadata GC Threshold)
[2023-07-08T17:14:58.157+0900][gc,task      ] GC(0) Using 9 workers of 9 for evacuation
[2023-07-08T17:14:58.169+0900][gc,phases    ] GC(0)   Pre Evacuate Collection Set: 0.0ms
[2023-07-08T17:14:58.169+0900][gc,phases    ] GC(0)   Evacuate Collection Set: 11.1ms
[2023-07-08T17:14:58.169+0900][gc,phases    ] GC(0)   Post Evacuate Collection Set: 0.4ms
[2023-07-08T17:14:58.169+0900][gc,phases    ] GC(0)   Other: 0.7ms
[2023-07-08T17:14:58.169+0900][gc,heap      ] GC(0) Eden regions: 48->0(44)
[2023-07-08T17:14:58.169+0900][gc,heap      ] GC(0) Survivor regions: 0->7(7)
[2023-07-08T17:14:58.169+0900][gc,heap      ] GC(0) Old regions: 0->0
[2023-07-08T17:14:58.169+0900][gc,heap      ] GC(0) Humongous regions: 0->0
[2023-07-08T17:14:58.169+0900][gc,metaspace ] GC(0) Metaspace: 20698K->20698K(1069056K)
[2023-07-08T17:14:58.169+0900][gc           ] GC(0) Pause Young (Concurrent Start) (Metadata GC Threshold) 47M->6M(1024M) 12.246ms
[2023-07-08T17:14:58.169+0900][gc,cpu       ] GC(0) User=0.04s Sys=0.02s Real=0.01s
[2023-07-08T17:14:58.170+0900][gc           ] GC(1) Concurrent Cycle
[2023-07-08T17:14:58.170+0900][gc,marking   ] GC(1) Concurrent Clear Claimed Marks
[2023-07-08T17:14:58.170+0900][gc,marking   ] GC(1) Concurrent Clear Claimed Marks 0.040ms
[2023-07-08T17:14:58.170+0900][gc,marking   ] GC(1) Concurrent Scan Root Regions
[2023-07-08T17:14:58.172+0900][gc,marking   ] GC(1) Concurrent Scan Root Regions 1.826ms
[2023-07-08T17:14:58.172+0900][gc,marking   ] GC(1) Concurrent Mark (1.173s)
[2023-07-08T17:14:58.172+0900][gc,marking   ] GC(1) Concurrent Mark From Roots
[2023-07-08T17:14:58.172+0900][gc,task      ] GC(1) Using 2 workers of 2 for marking
[2023-07-08T17:14:58.172+0900][gc,marking   ] GC(1) Concurrent Mark From Roots 0.123ms
[2023-07-08T17:14:58.172+0900][gc,marking   ] GC(1) Concurrent Preclean
[2023-07-08T17:14:58.172+0900][gc,marking   ] GC(1) Concurrent Preclean 0.026ms
[2023-07-08T17:14:58.172+0900][gc,marking   ] GC(1) Concurrent Mark (1.173s, 1.173s) 0.320ms
[2023-07-08T17:14:58.172+0900][gc,start     ] GC(1) Pause Remark
[2023-07-08T17:14:58.177+0900][gc,stringtable] GC(1) Cleaned string and symbol table, strings: 7166 processed, 0 removed, symbols: 66199 processed, 41 removed
[2023-07-08T17:14:58.177+0900][gc            ] GC(1) Pause Remark 7M->7M(1024M) 4.946ms
[2023-07-08T17:14:58.177+0900][gc,cpu        ] GC(1) User=0.01s Sys=0.00s Real=0.00s
[2023-07-08T17:14:58.177+0900][gc,marking    ] GC(1) Concurrent Rebuild Remembered Sets
[2023-07-08T17:14:58.177+0900][gc,marking    ] GC(1) Concurrent Rebuild Remembered Sets 0.091ms
[2023-07-08T17:14:58.178+0900][gc,start      ] GC(1) Pause Cleanup
[2023-07-08T17:14:58.178+0900][gc            ] GC(1) Pause Cleanup 7M->7M(1024M) 0.149ms
[2023-07-08T17:14:58.178+0900][gc,cpu        ] GC(1) User=0.00s Sys=0.00s Real=0.00s
[2023-07-08T17:14:58.178+0900][gc,marking    ] GC(1) Concurrent Cleanup for Next Mark
[2023-07-08T17:14:58.183+0900][gc,marking    ] GC(1) Concurrent Cleanup for Next Mark 5.360ms
[2023-07-08T17:14:58.184+0900][gc            ] GC(1) Concurrent Cycle 14.174ms
[2023-07-08T17:14:58.929+0900][gc,start      ] GC(2) Pause Young (Normal) (G1 Evacuation Pause)
[2023-07-08T17:14:58.929+0900][gc,task       ] GC(2) Using 9 workers of 9 for evacuation
[2023-07-08T17:14:58.945+0900][gc,phases     ] GC(2)   Pre Evacuate Collection Set: 0.1ms
[2023-07-08T17:14:58.945+0900][gc,phases     ] GC(2)   Evacuate Collection Set: 15.1ms
[2023-07-08T17:14:58.945+0900][gc,phases     ] GC(2)   Post Evacuate Collection Set: 0.4ms
[2023-07-08T17:14:58.945+0900][gc,phases     ] GC(2)   Other: 0.2ms
[2023-07-08T17:14:58.945+0900][gc,heap       ] GC(2) Eden regions: 44->0(48)
[2023-07-08T17:14:58.945+0900][gc,heap       ] GC(2) Survivor regions: 7->3(7)
[2023-07-08T17:14:58.945+0900][gc,heap       ] GC(2) Old regions: 0->7
[2023-07-08T17:14:58.945+0900][gc,heap       ] GC(2) Humongous regions: 129->129
[2023-07-08T17:14:58.945+0900][gc,metaspace  ] GC(2) Metaspace: 29234K->29234K(1075200K)
[2023-07-08T17:14:58.945+0900][gc            ] GC(2) Pause Young (Normal) (G1 Evacuation Pause) 179M->137M(1024M) 15.884ms
[2023-07-08T17:14:58.945+0900][gc,cpu        ] GC(2) User=0.06s Sys=0.03s Real=0.02s
[2023-07-08T17:14:59.326+0900][gc,start      ] GC(3) Pause Young (Concurrent Start) (Metadata GC Threshold)
[2023-07-08T17:14:59.326+0900][gc,task       ] GC(3) Using 9 workers of 9 for evacuation
[2023-07-08T17:14:59.330+0900][gc,phases     ] GC(3)   Pre Evacuate Collection Set: 0.0ms
[2023-07-08T17:14:59.330+0900][gc,phases     ] GC(3)   Evacuate Collection Set: 4.1ms
[2023-07-08T17:14:59.330+0900][gc,phases     ] GC(3)   Post Evacuate Collection Set: 0.2ms
[2023-07-08T17:14:59.330+0900][gc,phases     ] GC(3)   Other: 0.2ms
[2023-07-08T17:14:59.330+0900][gc,heap       ] GC(3) Eden regions: 34->0(46)
[2023-07-08T17:14:59.330+0900][gc,heap       ] GC(3) Survivor regions: 3->5(7)
[2023-07-08T17:14:59.330+0900][gc,heap       ] GC(3) Old regions: 7->7
[2023-07-08T17:14:59.330+0900][gc,heap       ] GC(3) Humongous regions: 129->129
[2023-07-08T17:14:59.330+0900][gc,metaspace  ] GC(3) Metaspace: 34811K->34811K(1081344K)
[2023-07-08T17:14:59.330+0900][gc            ] GC(3) Pause Young (Concurrent Start) (Metadata GC Threshold) 171M->140M(1024M) 4.599ms
[2023-07-08T17:14:59.330+0900][gc,cpu        ] GC(3) User=0.03s Sys=0.01s Real=0.01s
[2023-07-08T17:14:59.330+0900][gc            ] GC(4) Concurrent Cycle
[2023-07-08T17:14:59.330+0900][gc,marking    ] GC(4) Concurrent Clear Claimed Marks
[2023-07-08T17:14:59.330+0900][gc,marking    ] GC(4) Concurrent Clear Claimed Marks 0.021ms
[2023-07-08T17:14:59.330+0900][gc,marking    ] GC(4) Concurrent Scan Root Regions
[2023-07-08T17:14:59.332+0900][gc,marking    ] GC(4) Concurrent Scan Root Regions 1.326ms
[2023-07-08T17:14:59.332+0900][gc,marking    ] GC(4) Concurrent Mark (2.333s)
[2023-07-08T17:14:59.332+0900][gc,marking    ] GC(4) Concurrent Mark From Roots
[2023-07-08T17:14:59.332+0900][gc,task       ] GC(4) Using 2 workers of 2 for marking
[2023-07-08T17:14:59.337+0900][gc,marking    ] GC(4) Concurrent Mark From Roots 5.441ms
[2023-07-08T17:14:59.338+0900][gc,marking    ] GC(4) Concurrent Preclean
[2023-07-08T17:14:59.339+0900][gc,marking    ] GC(4) Concurrent Preclean 0.067ms
[2023-07-08T17:14:59.339+0900][gc,marking    ] GC(4) Concurrent Mark (2.333s, 2.340s) 6.667ms
[2023-07-08T17:14:59.339+0900][gc,start      ] GC(4) Pause Remark
[2023-07-08T17:14:59.347+0900][gc,stringtable] GC(4) Cleaned string and symbol table, strings: 11614 processed, 12 removed, symbols: 98088 processed, 18 removed
[2023-07-08T17:14:59.348+0900][gc            ] GC(4) Pause Remark 140M->140M(1024M) 8.818ms
[2023-07-08T17:14:59.348+0900][gc,cpu        ] GC(4) User=0.02s Sys=0.01s Real=0.01s
[2023-07-08T17:14:59.348+0900][gc,marking    ] GC(4) Concurrent Rebuild Remembered Sets
[2023-07-08T17:14:59.350+0900][gc,marking    ] GC(4) Concurrent Rebuild Remembered Sets 2.121ms
[2023-07-08T17:14:59.350+0900][gc,start      ] GC(4) Pause Cleanup
[2023-07-08T17:14:59.351+0900][gc            ] GC(4) Pause Cleanup 140M->140M(1024M) 0.188ms
[2023-07-08T17:14:59.351+0900][gc,cpu        ] GC(4) User=0.00s Sys=0.00s Real=0.00s
[2023-07-08T17:14:59.351+0900][gc,marking    ] GC(4) Concurrent Cleanup for Next Mark
[2023-07-08T17:14:59.354+0900][gc,marking    ] GC(4) Concurrent Cleanup for Next Mark 3.210ms
[2023-07-08T17:14:59.354+0900][gc            ] GC(4) Concurrent Cycle 23.496ms
[2023-07-08T17:15:13.423+0900][gc,start      ] GC(5) Pause Young (Normal) (G1 Evacuation Pause)
[2023-07-08T17:15:13.423+0900][gc,task       ] GC(5) Using 9 workers of 9 for evacuation
[2023-07-08T17:15:13.431+0900][gc,phases     ] GC(5)   Pre Evacuate Collection Set: 0.0ms
[2023-07-08T17:15:13.431+0900][gc,phases     ] GC(5)   Evacuate Collection Set: 7.3ms
[2023-07-08T17:15:13.431+0900][gc,phases     ] GC(5)   Post Evacuate Collection Set: 0.3ms
[2023-07-08T17:15:13.431+0900][gc,phases     ] GC(5)   Other: 0.3ms
[2023-07-08T17:15:13.431+0900][gc,heap       ] GC(5) Eden regions: 46->0(45)
[2023-07-08T17:15:13.431+0900][gc,heap       ] GC(5) Survivor regions: 5->6(7)
[2023-07-08T17:15:13.431+0900][gc,heap       ] GC(5) Old regions: 7->9
[2023-07-08T17:15:13.431+0900][gc,heap       ] GC(5) Humongous regions: 129->129
[2023-07-08T17:15:13.431+0900][gc,metaspace  ] GC(5) Metaspace: 42866K->42866K(1087488K)
[2023-07-08T17:15:13.431+0900][gc            ] GC(5) Pause Young (Normal) (G1 Evacuation Pause) 186M->142M(1024M) 8.010ms
[2023-07-08T17:15:13.431+0900][gc,cpu        ] GC(5) User=0.04s Sys=0.01s Real=0.01s
[2023-07-08T19:31:19.645+0900][gc,heap,exit  ] Heap
[2023-07-08T19:31:19.645+0900][gc,heap,exit  ]  garbage-first heap   total 1048576K, used 190146K [0x00000007c0000000, 0x0000000800000000)
[2023-07-08T19:31:19.645+0900][gc,heap,exit  ]   region size 1024K, 51 young (52224K), 6 survivors (6144K)
[2023-07-08T19:31:19.645+0900][gc,heap,exit  ]  Metaspace       used 44556K, capacity 46265K, committed 46592K, reserved 1089536K
[2023-07-08T19:31:19.645+0900][gc,heap,exit  ]   class space    used 5241K, capacity 6064K, committed 6144K, reserved 1048576K
