[2023-07-10T12:08:17.478+0900][gc,heap] Heap region size: 1M
[2023-07-10T12:08:17.484+0900][gc     ] Using G1
[2023-07-10T12:08:17.484+0900][gc,heap,coops] Heap address: 0x00000007c0000000, size: 1024 MB, Compressed Oops mode: Zero based, Oop shift amount: 3
[2023-07-10T12:08:18.663+0900][gc,start     ] GC(0) Pause Young (Concurrent Start) (Metadata GC Threshold)
[2023-07-10T12:08:18.663+0900][gc,task      ] GC(0) Using 9 workers of 9 for evacuation
[2023-07-10T12:08:18.673+0900][gc,phases    ] GC(0)   Pre Evacuate Collection Set: 0.0ms
[2023-07-10T12:08:18.673+0900][gc,phases    ] GC(0)   Evacuate Collection Set: 9.4ms
[2023-07-10T12:08:18.673+0900][gc,phases    ] GC(0)   Post Evacuate Collection Set: 0.4ms
[2023-07-10T12:08:18.673+0900][gc,phases    ] GC(0)   Other: 0.7ms
[2023-07-10T12:08:18.673+0900][gc,heap      ] GC(0) Eden regions: 48->0(44)
[2023-07-10T12:08:18.673+0900][gc,heap      ] GC(0) Survivor regions: 0->7(7)
[2023-07-10T12:08:18.673+0900][gc,heap      ] GC(0) Old regions: 0->0
[2023-07-10T12:08:18.673+0900][gc,heap      ] GC(0) Humongous regions: 0->0
[2023-07-10T12:08:18.673+0900][gc,metaspace ] GC(0) Metaspace: 20699K->20699K(1069056K)
[2023-07-10T12:08:18.673+0900][gc           ] GC(0) Pause Young (Concurrent Start) (Metadata GC Threshold) 47M->6M(1024M) 10.634ms
[2023-07-10T12:08:18.673+0900][gc,cpu       ] GC(0) User=0.04s Sys=0.02s Real=0.01s
[2023-07-10T12:08:18.674+0900][gc           ] GC(1) Concurrent Cycle
[2023-07-10T12:08:18.674+0900][gc,marking   ] GC(1) Concurrent Clear Claimed Marks
[2023-07-10T12:08:18.674+0900][gc,marking   ] GC(1) Concurrent Clear Claimed Marks 0.023ms
[2023-07-10T12:08:18.674+0900][gc,marking   ] GC(1) Concurrent Scan Root Regions
[2023-07-10T12:08:18.675+0900][gc,marking   ] GC(1) Concurrent Scan Root Regions 1.604ms
[2023-07-10T12:08:18.675+0900][gc,marking   ] GC(1) Concurrent Mark (1.204s)
[2023-07-10T12:08:18.675+0900][gc,marking   ] GC(1) Concurrent Mark From Roots
[2023-07-10T12:08:18.675+0900][gc,task      ] GC(1) Using 2 workers of 2 for marking
[2023-07-10T12:08:18.675+0900][gc,marking   ] GC(1) Concurrent Mark From Roots 0.129ms
[2023-07-10T12:08:18.675+0900][gc,marking   ] GC(1) Concurrent Preclean
[2023-07-10T12:08:18.676+0900][gc,marking   ] GC(1) Concurrent Preclean 0.036ms
[2023-07-10T12:08:18.676+0900][gc,marking   ] GC(1) Concurrent Mark (1.204s, 1.205s) 0.315ms
[2023-07-10T12:08:18.676+0900][gc,start     ] GC(1) Pause Remark
[2023-07-10T12:08:18.680+0900][gc,stringtable] GC(1) Cleaned string and symbol table, strings: 7165 processed, 0 removed, symbols: 66199 processed, 41 removed
[2023-07-10T12:08:18.680+0900][gc            ] GC(1) Pause Remark 7M->7M(1024M) 4.289ms
[2023-07-10T12:08:18.680+0900][gc,cpu        ] GC(1) User=0.00s Sys=0.01s Real=0.01s
[2023-07-10T12:08:18.680+0900][gc,marking    ] GC(1) Concurrent Rebuild Remembered Sets
[2023-07-10T12:08:18.680+0900][gc,marking    ] GC(1) Concurrent Rebuild Remembered Sets 0.096ms
[2023-07-10T12:08:18.680+0900][gc,start      ] GC(1) Pause Cleanup
[2023-07-10T12:08:18.681+0900][gc            ] GC(1) Pause Cleanup 7M->7M(1024M) 0.302ms
[2023-07-10T12:08:18.681+0900][gc,cpu        ] GC(1) User=0.00s Sys=0.00s Real=0.00s
[2023-07-10T12:08:18.681+0900][gc,marking    ] GC(1) Concurrent Cleanup for Next Mark
[2023-07-10T12:08:18.686+0900][gc,marking    ] GC(1) Concurrent Cleanup for Next Mark 4.690ms
[2023-07-10T12:08:18.687+0900][gc            ] GC(1) Concurrent Cycle 13.232ms
[2023-07-10T12:08:19.550+0900][gc,start      ] GC(2) Pause Young (Normal) (G1 Evacuation Pause)
[2023-07-10T12:08:19.551+0900][gc,task       ] GC(2) Using 9 workers of 9 for evacuation
[2023-07-10T12:08:19.567+0900][gc,phases     ] GC(2)   Pre Evacuate Collection Set: 0.0ms
[2023-07-10T12:08:19.567+0900][gc,phases     ] GC(2)   Evacuate Collection Set: 15.8ms
[2023-07-10T12:08:19.567+0900][gc,phases     ] GC(2)   Post Evacuate Collection Set: 0.4ms
[2023-07-10T12:08:19.567+0900][gc,phases     ] GC(2)   Other: 0.2ms
[2023-07-10T12:08:19.567+0900][gc,heap       ] GC(2) Eden regions: 44->0(48)
[2023-07-10T12:08:19.567+0900][gc,heap       ] GC(2) Survivor regions: 7->3(7)
[2023-07-10T12:08:19.567+0900][gc,heap       ] GC(2) Old regions: 0->7
[2023-07-10T12:08:19.567+0900][gc,heap       ] GC(2) Humongous regions: 129->129
[2023-07-10T12:08:19.567+0900][gc,metaspace  ] GC(2) Metaspace: 29207K->29207K(1075200K)
[2023-07-10T12:08:19.567+0900][gc            ] GC(2) Pause Young (Normal) (G1 Evacuation Pause) 179M->138M(1024M) 16.490ms
[2023-07-10T12:08:19.567+0900][gc,cpu        ] GC(2) User=0.07s Sys=0.02s Real=0.01s
[2023-07-10T12:08:19.959+0900][gc,start      ] GC(3) Pause Young (Concurrent Start) (Metadata GC Threshold)
[2023-07-10T12:08:19.959+0900][gc,task       ] GC(3) Using 9 workers of 9 for evacuation
[2023-07-10T12:08:19.963+0900][gc,phases     ] GC(3)   Pre Evacuate Collection Set: 0.0ms
[2023-07-10T12:08:19.963+0900][gc,phases     ] GC(3)   Evacuate Collection Set: 3.3ms
[2023-07-10T12:08:19.963+0900][gc,phases     ] GC(3)   Post Evacuate Collection Set: 0.2ms
[2023-07-10T12:08:19.963+0900][gc,phases     ] GC(3)   Other: 0.2ms
[2023-07-10T12:08:19.963+0900][gc,heap       ] GC(3) Eden regions: 34->0(46)
[2023-07-10T12:08:19.963+0900][gc,heap       ] GC(3) Survivor regions: 3->5(7)
[2023-07-10T12:08:19.963+0900][gc,heap       ] GC(3) Old regions: 7->7
[2023-07-10T12:08:19.963+0900][gc,heap       ] GC(3) Humongous regions: 129->129
[2023-07-10T12:08:19.963+0900][gc,metaspace  ] GC(3) Metaspace: 34779K->34779K(1081344K)
[2023-07-10T12:08:19.963+0900][gc            ] GC(3) Pause Young (Concurrent Start) (Metadata GC Threshold) 172M->140M(1024M) 3.768ms
[2023-07-10T12:08:19.963+0900][gc,cpu        ] GC(3) User=0.02s Sys=0.00s Real=0.01s
[2023-07-10T12:08:19.963+0900][gc            ] GC(4) Concurrent Cycle
[2023-07-10T12:08:19.963+0900][gc,marking    ] GC(4) Concurrent Clear Claimed Marks
[2023-07-10T12:08:19.963+0900][gc,marking    ] GC(4) Concurrent Clear Claimed Marks 0.018ms
[2023-07-10T12:08:19.963+0900][gc,marking    ] GC(4) Concurrent Scan Root Regions
[2023-07-10T12:08:19.965+0900][gc,marking    ] GC(4) Concurrent Scan Root Regions 1.302ms
[2023-07-10T12:08:19.965+0900][gc,marking    ] GC(4) Concurrent Mark (2.494s)
[2023-07-10T12:08:19.965+0900][gc,marking    ] GC(4) Concurrent Mark From Roots
[2023-07-10T12:08:19.965+0900][gc,task       ] GC(4) Using 2 workers of 2 for marking
[2023-07-10T12:08:19.969+0900][gc,marking    ] GC(4) Concurrent Mark From Roots 3.971ms
[2023-07-10T12:08:19.969+0900][gc,marking    ] GC(4) Concurrent Preclean
[2023-07-10T12:08:19.969+0900][gc,marking    ] GC(4) Concurrent Preclean 0.042ms
[2023-07-10T12:08:19.969+0900][gc,marking    ] GC(4) Concurrent Mark (2.494s, 2.498s) 4.046ms
[2023-07-10T12:08:19.969+0900][gc,start      ] GC(4) Pause Remark
[2023-07-10T12:08:19.976+0900][gc,stringtable] GC(4) Cleaned string and symbol table, strings: 11696 processed, 12 removed, symbols: 98343 processed, 19 removed
[2023-07-10T12:08:19.977+0900][gc            ] GC(4) Pause Remark 140M->140M(1024M) 7.634ms
[2023-07-10T12:08:19.977+0900][gc,cpu        ] GC(4) User=0.01s Sys=0.02s Real=0.01s
[2023-07-10T12:08:19.977+0900][gc,marking    ] GC(4) Concurrent Rebuild Remembered Sets
[2023-07-10T12:08:19.979+0900][gc,marking    ] GC(4) Concurrent Rebuild Remembered Sets 2.141ms
[2023-07-10T12:08:19.979+0900][gc,start      ] GC(4) Pause Cleanup
[2023-07-10T12:08:19.979+0900][gc            ] GC(4) Pause Cleanup 140M->140M(1024M) 0.141ms
[2023-07-10T12:08:19.979+0900][gc,cpu        ] GC(4) User=0.00s Sys=0.00s Real=0.00s
[2023-07-10T12:08:19.979+0900][gc,marking    ] GC(4) Concurrent Cleanup for Next Mark
[2023-07-10T12:08:19.982+0900][gc,marking    ] GC(4) Concurrent Cleanup for Next Mark 2.929ms
[2023-07-10T12:08:19.982+0900][gc            ] GC(4) Concurrent Cycle 19.273ms
[2023-07-10T12:08:30.098+0900][gc,start      ] GC(5) Pause Young (Normal) (G1 Evacuation Pause)
[2023-07-10T12:08:30.099+0900][gc,task       ] GC(5) Using 9 workers of 9 for evacuation
[2023-07-10T12:08:30.114+0900][gc,phases     ] GC(5)   Pre Evacuate Collection Set: 0.2ms
[2023-07-10T12:08:30.114+0900][gc,phases     ] GC(5)   Evacuate Collection Set: 14.3ms
[2023-07-10T12:08:30.114+0900][gc,phases     ] GC(5)   Post Evacuate Collection Set: 0.4ms
[2023-07-10T12:08:30.114+0900][gc,phases     ] GC(5)   Other: 1.0ms
[2023-07-10T12:08:30.114+0900][gc,heap       ] GC(5) Eden regions: 46->0(45)
[2023-07-10T12:08:30.114+0900][gc,heap       ] GC(5) Survivor regions: 5->6(7)
[2023-07-10T12:08:30.114+0900][gc,heap       ] GC(5) Old regions: 7->9
[2023-07-10T12:08:30.114+0900][gc,heap       ] GC(5) Humongous regions: 129->129
[2023-07-10T12:08:30.114+0900][gc,metaspace  ] GC(5) Metaspace: 42582K->42582K(1087488K)
[2023-07-10T12:08:30.114+0900][gc            ] GC(5) Pause Young (Normal) (G1 Evacuation Pause) 186M->142M(1024M) 15.995ms
[2023-07-10T12:08:30.114+0900][gc,cpu        ] GC(5) User=0.10s Sys=0.01s Real=0.02s
[2023-07-10T12:10:35.406+0900][gc,start      ] GC(6) Pause Young (Normal) (G1 Evacuation Pause)
[2023-07-10T12:10:35.406+0900][gc,task       ] GC(6) Using 9 workers of 9 for evacuation
[2023-07-10T12:10:35.413+0900][gc,phases     ] GC(6)   Pre Evacuate Collection Set: 0.0ms
[2023-07-10T12:10:35.413+0900][gc,phases     ] GC(6)   Evacuate Collection Set: 6.4ms
[2023-07-10T12:10:35.413+0900][gc,phases     ] GC(6)   Post Evacuate Collection Set: 0.5ms
[2023-07-10T12:10:35.413+0900][gc,phases     ] GC(6)   Other: 0.5ms
[2023-07-10T12:10:35.413+0900][gc,heap       ] GC(6) Eden regions: 45->0(45)
[2023-07-10T12:10:35.413+0900][gc,heap       ] GC(6) Survivor regions: 6->6(7)
[2023-07-10T12:10:35.413+0900][gc,heap       ] GC(6) Old regions: 9->12
[2023-07-10T12:10:35.413+0900][gc,heap       ] GC(6) Humongous regions: 129->129
[2023-07-10T12:10:35.413+0900][gc,metaspace  ] GC(6) Metaspace: 48812K->48812K(1093632K)
[2023-07-10T12:10:35.413+0900][gc            ] GC(6) Pause Young (Normal) (G1 Evacuation Pause) 187M->145M(1024M) 7.371ms
[2023-07-10T12:10:35.413+0900][gc,cpu        ] GC(6) User=0.04s Sys=0.01s Real=0.01s
[2023-07-10T12:18:02.147+0900][gc,start      ] GC(7) Pause Young (Normal) (G1 Evacuation Pause)
[2023-07-10T12:18:02.147+0900][gc,task       ] GC(7) Using 9 workers of 9 for evacuation
[2023-07-10T12:18:02.165+0900][gc,phases     ] GC(7)   Pre Evacuate Collection Set: 0.3ms
[2023-07-10T12:18:02.165+0900][gc,phases     ] GC(7)   Evacuate Collection Set: 16.5ms
[2023-07-10T12:18:02.165+0900][gc,phases     ] GC(7)   Post Evacuate Collection Set: 0.7ms
[2023-07-10T12:18:02.165+0900][gc,phases     ] GC(7)   Other: 0.7ms
[2023-07-10T12:18:02.165+0900][gc,heap       ] GC(7) Eden regions: 45->0(45)
[2023-07-10T12:18:02.165+0900][gc,heap       ] GC(7) Survivor regions: 6->6(7)
[2023-07-10T12:18:02.165+0900][gc,heap       ] GC(7) Old regions: 12->14
[2023-07-10T12:18:02.165+0900][gc,heap       ] GC(7) Humongous regions: 129->129
[2023-07-10T12:18:02.165+0900][gc,metaspace  ] GC(7) Metaspace: 50344K->50344K(1095680K)
[2023-07-10T12:18:02.165+0900][gc            ] GC(7) Pause Young (Normal) (G1 Evacuation Pause) 190M->148M(1024M) 18.188ms
[2023-07-10T12:18:02.165+0900][gc,cpu        ] GC(7) User=0.06s Sys=0.04s Real=0.02s
[2023-07-10T12:20:06.274+0900][gc,start      ] GC(8) Pause Young (Normal) (G1 Evacuation Pause)
[2023-07-10T12:20:06.274+0900][gc,task       ] GC(8) Using 9 workers of 9 for evacuation
[2023-07-10T12:20:06.298+0900][gc,mmu        ] GC(8) MMU target violated: 21.0ms (20.0ms/21.0ms)
[2023-07-10T12:20:06.298+0900][gc,phases     ] GC(8)   Pre Evacuate Collection Set: 0.3ms
[2023-07-10T12:20:06.298+0900][gc,phases     ] GC(8)   Evacuate Collection Set: 22.7ms
[2023-07-10T12:20:06.298+0900][gc,phases     ] GC(8)   Post Evacuate Collection Set: 0.6ms
[2023-07-10T12:20:06.298+0900][gc,phases     ] GC(8)   Other: 0.8ms
[2023-07-10T12:20:06.298+0900][gc,heap       ] GC(8) Eden regions: 45->0(46)
[2023-07-10T12:20:06.298+0900][gc,heap       ] GC(8) Survivor regions: 6->5(7)
[2023-07-10T12:20:06.298+0900][gc,heap       ] GC(8) Old regions: 14->17
[2023-07-10T12:20:06.298+0900][gc,heap       ] GC(8) Humongous regions: 129->129
[2023-07-10T12:20:06.298+0900][gc,metaspace  ] GC(8) Metaspace: 50640K->50640K(1095680K)
[2023-07-10T12:20:06.298+0900][gc            ] GC(8) Pause Young (Normal) (G1 Evacuation Pause) 193M->150M(1024M) 24.447ms
[2023-07-10T12:20:06.298+0900][gc,cpu        ] GC(8) User=0.10s Sys=0.06s Real=0.02s
[2023-07-10T12:22:44.288+0900][gc,start      ] GC(9) Pause Young (Normal) (G1 Evacuation Pause)
[2023-07-10T12:22:44.289+0900][gc,task       ] GC(9) Using 9 workers of 9 for evacuation
[2023-07-10T12:22:44.304+0900][gc,phases     ] GC(9)   Pre Evacuate Collection Set: 0.1ms
[2023-07-10T12:22:44.304+0900][gc,phases     ] GC(9)   Evacuate Collection Set: 13.4ms
[2023-07-10T12:22:44.304+0900][gc,phases     ] GC(9)   Post Evacuate Collection Set: 0.4ms
[2023-07-10T12:22:44.304+0900][gc,phases     ] GC(9)   Other: 1.7ms
[2023-07-10T12:22:44.304+0900][gc,heap       ] GC(9) Eden regions: 46->0(53)
[2023-07-10T12:22:44.304+0900][gc,heap       ] GC(9) Survivor regions: 5->3(7)
[2023-07-10T12:22:44.304+0900][gc,heap       ] GC(9) Old regions: 17->19
[2023-07-10T12:22:44.304+0900][gc,heap       ] GC(9) Humongous regions: 129->129
[2023-07-10T12:22:44.304+0900][gc,metaspace  ] GC(9) Metaspace: 50663K->50663K(1095680K)
[2023-07-10T12:22:44.304+0900][gc            ] GC(9) Pause Young (Normal) (G1 Evacuation Pause) 196M->149M(1024M) 15.726ms
[2023-07-10T12:22:44.304+0900][gc,cpu        ] GC(9) User=0.05s Sys=0.01s Real=0.02s
[2023-07-10T12:31:27.549+0900][gc,start      ] GC(10) Pause Young (Normal) (G1 Evacuation Pause)
[2023-07-10T12:31:27.550+0900][gc,task       ] GC(10) Using 9 workers of 9 for evacuation
[2023-07-10T12:31:27.562+0900][gc,phases     ] GC(10)   Pre Evacuate Collection Set: 0.5ms
[2023-07-10T12:31:27.562+0900][gc,phases     ] GC(10)   Evacuate Collection Set: 10.4ms
[2023-07-10T12:31:27.562+0900][gc,phases     ] GC(10)   Post Evacuate Collection Set: 0.4ms
[2023-07-10T12:31:27.563+0900][gc,phases     ] GC(10)   Other: 2.5ms
[2023-07-10T12:31:27.563+0900][gc,heap       ] GC(10) Eden regions: 53->0(52)
[2023-07-10T12:31:27.563+0900][gc,heap       ] GC(10) Survivor regions: 3->6(7)
[2023-07-10T12:31:27.563+0900][gc,heap       ] GC(10) Old regions: 19->19
[2023-07-10T12:31:27.563+0900][gc,heap       ] GC(10) Humongous regions: 129->129
[2023-07-10T12:31:27.563+0900][gc,metaspace  ] GC(10) Metaspace: 50818K->50818K(1095680K)
[2023-07-10T12:31:27.563+0900][gc            ] GC(10) Pause Young (Normal) (G1 Evacuation Pause) 202M->152M(1024M) 13.873ms
[2023-07-10T12:31:27.563+0900][gc,cpu        ] GC(10) User=0.04s Sys=0.03s Real=0.02s
[2023-07-10T12:41:25.665+0900][gc,start      ] GC(11) Pause Young (Normal) (G1 Evacuation Pause)
[2023-07-10T12:41:25.668+0900][gc,task       ] GC(11) Using 9 workers of 9 for evacuation
[2023-07-10T12:41:25.690+0900][gc,mmu        ] GC(11) MMU target violated: 21.0ms (20.0ms/21.0ms)
[2023-07-10T12:41:25.690+0900][gc,phases     ] GC(11)   Pre Evacuate Collection Set: 0.7ms
[2023-07-10T12:41:25.690+0900][gc,phases     ] GC(11)   Evacuate Collection Set: 20.5ms
[2023-07-10T12:41:25.690+0900][gc,phases     ] GC(11)   Post Evacuate Collection Set: 0.4ms
[2023-07-10T12:41:25.690+0900][gc,phases     ] GC(11)   Other: 2.9ms
[2023-07-10T12:41:25.690+0900][gc,heap       ] GC(11) Eden regions: 52->0(46)
[2023-07-10T12:41:25.690+0900][gc,heap       ] GC(11) Survivor regions: 6->6(8)
[2023-07-10T12:41:25.690+0900][gc,heap       ] GC(11) Old regions: 19->23
[2023-07-10T12:41:25.690+0900][gc,heap       ] GC(11) Humongous regions: 129->129
[2023-07-10T12:41:25.690+0900][gc,metaspace  ] GC(11) Metaspace: 50876K->50876K(1095680K)
[2023-07-10T12:41:25.690+0900][gc            ] GC(11) Pause Young (Normal) (G1 Evacuation Pause) 204M->157M(1024M) 24.477ms
[2023-07-10T12:41:25.690+0900][gc,cpu        ] GC(11) User=0.08s Sys=0.06s Real=0.03s
[2023-07-10T12:50:13.798+0900][gc,start      ] GC(12) Pause Young (Normal) (G1 Evacuation Pause)
[2023-07-10T12:50:13.799+0900][gc,task       ] GC(12) Using 9 workers of 9 for evacuation
[2023-07-10T12:50:13.825+0900][gc,mmu        ] GC(12) MMU target violated: 21.0ms (20.0ms/21.0ms)
[2023-07-10T12:50:13.825+0900][gc,phases     ] GC(12)   Pre Evacuate Collection Set: 0.6ms
[2023-07-10T12:50:13.825+0900][gc,phases     ] GC(12)   Evacuate Collection Set: 21.9ms
[2023-07-10T12:50:13.825+0900][gc,phases     ] GC(12)   Post Evacuate Collection Set: 2.8ms
[2023-07-10T12:50:13.825+0900][gc,phases     ] GC(12)   Other: 2.0ms
[2023-07-10T12:50:13.825+0900][gc,heap       ] GC(12) Eden regions: 46->0(47)
[2023-07-10T12:50:13.825+0900][gc,heap       ] GC(12) Survivor regions: 6->4(7)
[2023-07-10T12:50:13.825+0900][gc,heap       ] GC(12) Old regions: 23->27
[2023-07-10T12:50:13.825+0900][gc,heap       ] GC(12) Humongous regions: 129->129
[2023-07-10T12:50:13.825+0900][gc,metaspace  ] GC(12) Metaspace: 50950K->50950K(1095680K)
[2023-07-10T12:50:13.825+0900][gc            ] GC(12) Pause Young (Normal) (G1 Evacuation Pause) 203M->159M(1024M) 27.277ms
[2023-07-10T12:50:13.825+0900][gc,cpu        ] GC(12) User=0.07s Sys=0.06s Real=0.03s
[2023-07-10T12:59:16.465+0900][gc,start      ] GC(13) Pause Young (Normal) (G1 Evacuation Pause)
[2023-07-10T12:59:16.467+0900][gc,task       ] GC(13) Using 9 workers of 9 for evacuation
[2023-07-10T12:59:16.495+0900][gc,mmu        ] GC(13) MMU target violated: 21.0ms (20.0ms/21.0ms)
[2023-07-10T12:59:16.495+0900][gc,phases     ] GC(13)   Pre Evacuate Collection Set: 0.8ms
[2023-07-10T12:59:16.495+0900][gc,phases     ] GC(13)   Evacuate Collection Set: 25.7ms
[2023-07-10T12:59:16.495+0900][gc,phases     ] GC(13)   Post Evacuate Collection Set: 0.8ms
[2023-07-10T12:59:16.495+0900][gc,phases     ] GC(13)   Other: 2.9ms
[2023-07-10T12:59:16.495+0900][gc,heap       ] GC(13) Eden regions: 47->0(44)
[2023-07-10T12:59:16.495+0900][gc,heap       ] GC(13) Survivor regions: 4->7(7)
[2023-07-10T12:59:16.495+0900][gc,heap       ] GC(13) Old regions: 27->27
[2023-07-10T12:59:16.495+0900][gc,heap       ] GC(13) Humongous regions: 129->129
[2023-07-10T12:59:16.495+0900][gc,metaspace  ] GC(13) Metaspace: 50970K->50970K(1095680K)
[2023-07-10T12:59:16.495+0900][gc            ] GC(13) Pause Young (Normal) (G1 Evacuation Pause) 206M->163M(1024M) 30.141ms
[2023-07-10T12:59:16.495+0900][gc,cpu        ] GC(13) User=0.06s Sys=0.06s Real=0.03s
[2023-07-10T13:07:39.387+0900][gc,start      ] GC(14) Pause Young (Normal) (G1 Evacuation Pause)
[2023-07-10T13:07:39.388+0900][gc,task       ] GC(14) Using 9 workers of 9 for evacuation
[2023-07-10T13:07:39.420+0900][gc,mmu        ] GC(14) MMU target violated: 21.0ms (20.0ms/21.0ms)
[2023-07-10T13:07:39.420+0900][gc,phases     ] GC(14)   Pre Evacuate Collection Set: 1.0ms
[2023-07-10T13:07:39.420+0900][gc,phases     ] GC(14)   Evacuate Collection Set: 28.4ms
[2023-07-10T13:07:39.420+0900][gc,phases     ] GC(14)   Post Evacuate Collection Set: 1.0ms
[2023-07-10T13:07:39.420+0900][gc,phases     ] GC(14)   Other: 2.9ms
[2023-07-10T13:07:39.420+0900][gc,heap       ] GC(14) Eden regions: 44->0(47)
[2023-07-10T13:07:39.420+0900][gc,heap       ] GC(14) Survivor regions: 7->4(7)
[2023-07-10T13:07:39.420+0900][gc,heap       ] GC(14) Old regions: 27->34
[2023-07-10T13:07:39.420+0900][gc,heap       ] GC(14) Humongous regions: 129->129
[2023-07-10T13:07:39.420+0900][gc,metaspace  ] GC(14) Metaspace: 51015K->51015K(1095680K)
[2023-07-10T13:07:39.420+0900][gc            ] GC(14) Pause Young (Normal) (G1 Evacuation Pause) 207M->166M(1024M) 33.375ms
[2023-07-10T13:07:39.420+0900][gc,cpu        ] GC(14) User=0.09s Sys=0.07s Real=0.04s
[2023-07-10T13:16:02.612+0900][gc,start      ] GC(15) Pause Young (Normal) (G1 Evacuation Pause)
[2023-07-10T13:16:02.614+0900][gc,task       ] GC(15) Using 9 workers of 9 for evacuation
[2023-07-10T13:16:02.642+0900][gc,mmu        ] GC(15) MMU target violated: 21.0ms (20.0ms/21.0ms)
[2023-07-10T13:16:02.642+0900][gc,phases     ] GC(15)   Pre Evacuate Collection Set: 0.8ms
[2023-07-10T13:16:02.642+0900][gc,phases     ] GC(15)   Evacuate Collection Set: 25.9ms
[2023-07-10T13:16:02.642+0900][gc,phases     ] GC(15)   Post Evacuate Collection Set: 0.6ms
[2023-07-10T13:16:02.642+0900][gc,phases     ] GC(15)   Other: 3.3ms
[2023-07-10T13:16:02.642+0900][gc,heap       ] GC(15) Eden regions: 47->0(44)
[2023-07-10T13:16:02.642+0900][gc,heap       ] GC(15) Survivor regions: 4->7(7)
[2023-07-10T13:16:02.642+0900][gc,heap       ] GC(15) Old regions: 34->34
[2023-07-10T13:16:02.642+0900][gc,heap       ] GC(15) Humongous regions: 129->129
[2023-07-10T13:16:02.642+0900][gc,metaspace  ] GC(15) Metaspace: 51074K->51074K(1095680K)
[2023-07-10T13:16:02.642+0900][gc            ] GC(15) Pause Young (Normal) (G1 Evacuation Pause) 213M->168M(1024M) 30.517ms
[2023-07-10T13:16:02.642+0900][gc,cpu        ] GC(15) User=0.04s Sys=0.07s Real=0.03s
[2023-07-10T13:24:22.842+0900][gc,start      ] GC(16) Pause Young (Normal) (G1 Evacuation Pause)
[2023-07-10T13:24:22.844+0900][gc,task       ] GC(16) Using 9 workers of 9 for evacuation
[2023-07-10T13:24:22.868+0900][gc,mmu        ] GC(16) MMU target violated: 21.0ms (20.0ms/21.0ms)
[2023-07-10T13:24:22.868+0900][gc,phases     ] GC(16)   Pre Evacuate Collection Set: 0.7ms
[2023-07-10T13:24:22.868+0900][gc,phases     ] GC(16)   Evacuate Collection Set: 21.0ms
[2023-07-10T13:24:22.868+0900][gc,phases     ] GC(16)   Post Evacuate Collection Set: 1.0ms
[2023-07-10T13:24:22.868+0900][gc,phases     ] GC(16)   Other: 3.4ms
[2023-07-10T13:24:22.868+0900][gc,heap       ] GC(16) Eden regions: 44->0(47)
[2023-07-10T13:24:22.868+0900][gc,heap       ] GC(16) Survivor regions: 7->4(7)
[2023-07-10T13:24:22.868+0900][gc,heap       ] GC(16) Old regions: 34->37
[2023-07-10T13:24:22.868+0900][gc,heap       ] GC(16) Humongous regions: 129->129
[2023-07-10T13:24:22.868+0900][gc,metaspace  ] GC(16) Metaspace: 51091K->51091K(1095680K)
[2023-07-10T13:24:22.868+0900][gc            ] GC(16) Pause Young (Normal) (G1 Evacuation Pause) 212M->169M(1024M) 26.170ms
[2023-07-10T13:24:22.868+0900][gc,cpu        ] GC(16) User=0.06s Sys=0.06s Real=0.02s
[2023-07-10T13:33:21.304+0900][gc,start      ] GC(17) Pause Young (Normal) (G1 Evacuation Pause)
[2023-07-10T13:33:21.305+0900][gc,task       ] GC(17) Using 9 workers of 9 for evacuation
[2023-07-10T13:33:21.314+0900][gc,phases     ] GC(17)   Pre Evacuate Collection Set: 0.5ms
[2023-07-10T13:33:21.314+0900][gc,phases     ] GC(17)   Evacuate Collection Set: 7.0ms
[2023-07-10T13:33:21.314+0900][gc,phases     ] GC(17)   Post Evacuate Collection Set: 0.5ms
[2023-07-10T13:33:21.314+0900][gc,phases     ] GC(17)   Other: 2.4ms
[2023-07-10T13:33:21.314+0900][gc,heap       ] GC(17) Eden regions: 47->0(49)
[2023-07-10T13:33:21.314+0900][gc,heap       ] GC(17) Survivor regions: 4->4(7)
[2023-07-10T13:33:21.314+0900][gc,heap       ] GC(17) Old regions: 37->37
[2023-07-10T13:33:21.314+0900][gc,heap       ] GC(17) Humongous regions: 129->129
[2023-07-10T13:33:21.314+0900][gc,metaspace  ] GC(17) Metaspace: 51093K->51093K(1095680K)
[2023-07-10T13:33:21.314+0900][gc            ] GC(17) Pause Young (Normal) (G1 Evacuation Pause) 216M->169M(1024M) 10.373ms
[2023-07-10T13:33:21.314+0900][gc,cpu        ] GC(17) User=0.02s Sys=0.02s Real=0.01s
[2023-07-10T13:42:20.909+0900][gc,start      ] GC(18) Pause Young (Normal) (G1 Evacuation Pause)
[2023-07-10T13:42:20.910+0900][gc,task       ] GC(18) Using 9 workers of 9 for evacuation
[2023-07-10T13:42:20.927+0900][gc,phases     ] GC(18)   Pre Evacuate Collection Set: 0.5ms
[2023-07-10T13:42:20.927+0900][gc,phases     ] GC(18)   Evacuate Collection Set: 14.8ms
[2023-07-10T13:42:20.927+0900][gc,phases     ] GC(18)   Post Evacuate Collection Set: 0.5ms
[2023-07-10T13:42:20.927+0900][gc,phases     ] GC(18)   Other: 1.9ms
[2023-07-10T13:42:20.927+0900][gc,heap       ] GC(18) Eden regions: 47->0(56)
[2023-07-10T13:42:20.927+0900][gc,heap       ] GC(18) Survivor regions: 4->4(7)
[2023-07-10T13:42:20.927+0900][gc,heap       ] GC(18) Old regions: 37->37
[2023-07-10T13:42:20.927+0900][gc,heap       ] GC(18) Humongous regions: 129->129
[2023-07-10T13:42:20.927+0900][gc,metaspace  ] GC(18) Metaspace: 51095K->51095K(1095680K)
[2023-07-10T13:42:20.927+0900][gc            ] GC(18) Pause Young (Normal) (G1 Evacuation Pause) 216M->169M(1024M) 17.772ms
[2023-07-10T13:42:20.927+0900][gc,cpu        ] GC(18) User=0.03s Sys=0.03s Real=0.02s
[2023-07-10T13:53:01.709+0900][gc,start      ] GC(19) Pause Young (Normal) (G1 Evacuation Pause)
[2023-07-10T13:53:01.709+0900][gc,task       ] GC(19) Using 9 workers of 9 for evacuation
[2023-07-10T13:53:01.740+0900][gc,mmu        ] GC(19) MMU target violated: 21.0ms (20.0ms/21.0ms)
[2023-07-10T13:53:01.740+0900][gc,phases     ] GC(19)   Pre Evacuate Collection Set: 0.9ms
[2023-07-10T13:53:01.740+0900][gc,phases     ] GC(19)   Evacuate Collection Set: 28.8ms
[2023-07-10T13:53:01.740+0900][gc,phases     ] GC(19)   Post Evacuate Collection Set: 0.6ms
[2023-07-10T13:53:01.740+0900][gc,phases     ] GC(19)   Other: 1.4ms
[2023-07-10T13:53:01.740+0900][gc,heap       ] GC(19) Eden regions: 56->0(46)
[2023-07-10T13:53:01.740+0900][gc,heap       ] GC(19) Survivor regions: 4->5(8)
[2023-07-10T13:53:01.740+0900][gc,heap       ] GC(19) Old regions: 37->37
[2023-07-10T13:53:01.740+0900][gc,heap       ] GC(19) Humongous regions: 129->129
[2023-07-10T13:53:01.740+0900][gc,metaspace  ] GC(19) Metaspace: 51113K->51113K(1095680K)
[2023-07-10T13:53:01.740+0900][gc            ] GC(19) Pause Young (Normal) (G1 Evacuation Pause) 225M->170M(1024M) 31.631ms
[2023-07-10T13:53:01.740+0900][gc,cpu        ] GC(19) User=0.05s Sys=0.04s Real=0.04s
[2023-07-10T14:01:47.769+0900][gc,start      ] GC(20) Pause Young (Normal) (G1 Evacuation Pause)
[2023-07-10T14:01:47.771+0900][gc,task       ] GC(20) Using 9 workers of 9 for evacuation
[2023-07-10T14:01:47.788+0900][gc,phases     ] GC(20)   Pre Evacuate Collection Set: 0.9ms
[2023-07-10T14:01:47.788+0900][gc,phases     ] GC(20)   Evacuate Collection Set: 15.2ms
[2023-07-10T14:01:47.788+0900][gc,phases     ] GC(20)   Post Evacuate Collection Set: 0.7ms
[2023-07-10T14:01:47.788+0900][gc,phases     ] GC(20)   Other: 2.0ms
[2023-07-10T14:01:47.788+0900][gc,heap       ] GC(20) Eden regions: 46->0(612)
[2023-07-10T14:01:47.788+0900][gc,heap       ] GC(20) Survivor regions: 5->2(7)
[2023-07-10T14:01:47.788+0900][gc,heap       ] GC(20) Old regions: 37->38
[2023-07-10T14:01:47.788+0900][gc,heap       ] GC(20) Humongous regions: 129->129
[2023-07-10T14:01:47.788+0900][gc,metaspace  ] GC(20) Metaspace: 51115K->51115K(1095680K)
[2023-07-10T14:01:47.788+0900][gc            ] GC(20) Pause Young (Normal) (G1 Evacuation Pause) 216M->168M(1024M) 19.112ms
[2023-07-10T14:01:47.789+0900][gc,cpu        ] GC(20) User=0.03s Sys=0.03s Real=0.02s
[2023-07-10T17:41:09.799+0900][gc,start      ] GC(21) Pause Young (Normal) (G1 Evacuation Pause)
[2023-07-10T17:41:09.800+0900][gc,task       ] GC(21) Using 9 workers of 9 for evacuation
[2023-07-10T17:41:09.828+0900][gc,mmu        ] GC(21) MMU target violated: 21.0ms (20.0ms/21.0ms)
[2023-07-10T17:41:09.828+0900][gc,phases     ] GC(21)   Pre Evacuate Collection Set: 0.5ms
[2023-07-10T17:41:09.828+0900][gc,phases     ] GC(21)   Evacuate Collection Set: 21.9ms
[2023-07-10T17:41:09.828+0900][gc,phases     ] GC(21)   Post Evacuate Collection Set: 3.2ms
[2023-07-10T17:41:09.828+0900][gc,phases     ] GC(21)   Other: 7.0ms
[2023-07-10T17:41:09.829+0900][gc,heap       ] GC(21) Eden regions: 612->0(69)
[2023-07-10T17:41:09.829+0900][gc,heap       ] GC(21) Survivor regions: 2->3(77)
[2023-07-10T17:41:09.829+0900][gc,heap       ] GC(21) Old regions: 38->38
[2023-07-10T17:41:09.829+0900][gc,heap       ] GC(21) Humongous regions: 129->129
[2023-07-10T17:41:09.829+0900][gc,metaspace  ] GC(21) Metaspace: 51296K->51296K(1095680K)
[2023-07-10T17:41:09.829+0900][gc            ] GC(21) Pause Young (Normal) (G1 Evacuation Pause) 780M->169M(1024M) 30.398ms
[2023-07-10T17:41:09.829+0900][gc,cpu        ] GC(21) User=0.02s Sys=0.02s Real=0.03s
[2023-07-10T17:45:12.280+0900][gc,start      ] GC(22) Pause Young (Normal) (G1 Evacuation Pause)
[2023-07-10T17:45:12.282+0900][gc,task       ] GC(22) Using 9 workers of 9 for evacuation
[2023-07-10T17:45:12.307+0900][gc,mmu        ] GC(22) MMU target violated: 21.0ms (20.0ms/21.0ms)
[2023-07-10T17:45:12.307+0900][gc,phases     ] GC(22)   Pre Evacuate Collection Set: 0.9ms
[2023-07-10T17:45:12.307+0900][gc,phases     ] GC(22)   Evacuate Collection Set: 19.2ms
[2023-07-10T17:45:12.307+0900][gc,phases     ] GC(22)   Post Evacuate Collection Set: 1.0ms
[2023-07-10T17:45:12.307+0900][gc,phases     ] GC(22)   Other: 6.0ms
[2023-07-10T17:45:12.307+0900][gc,heap       ] GC(22) Eden regions: 69->0(47)
[2023-07-10T17:45:12.307+0900][gc,heap       ] GC(22) Survivor regions: 3->4(9)
[2023-07-10T17:45:12.307+0900][gc,heap       ] GC(22) Old regions: 38->38
[2023-07-10T17:45:12.307+0900][gc,heap       ] GC(22) Humongous regions: 129->129
[2023-07-10T17:45:12.307+0900][gc,metaspace  ] GC(22) Metaspace: 51313K->51313K(1095680K)
[2023-07-10T17:45:12.307+0900][gc            ] GC(22) Pause Young (Normal) (G1 Evacuation Pause) 238M->170M(1024M) 27.143ms
[2023-07-10T17:45:12.308+0900][gc,cpu        ] GC(22) User=0.04s Sys=0.02s Real=0.02s
[2023-07-10T17:47:58.112+0900][gc,start      ] GC(23) Pause Young (Normal) (G1 Evacuation Pause)
[2023-07-10T17:47:58.114+0900][gc,task       ] GC(23) Using 9 workers of 9 for evacuation
[2023-07-10T17:47:58.123+0900][gc,phases     ] GC(23)   Pre Evacuate Collection Set: 0.1ms
[2023-07-10T17:47:58.123+0900][gc,phases     ] GC(23)   Evacuate Collection Set: 8.3ms
[2023-07-10T17:47:58.123+0900][gc,phases     ] GC(23)   Post Evacuate Collection Set: 0.7ms
[2023-07-10T17:47:58.123+0900][gc,phases     ] GC(23)   Other: 2.1ms
[2023-07-10T17:47:58.123+0900][gc,heap       ] GC(23) Eden regions: 47->0(106)
[2023-07-10T17:47:58.123+0900][gc,heap       ] GC(23) Survivor regions: 4->3(7)
[2023-07-10T17:47:58.123+0900][gc,heap       ] GC(23) Old regions: 38->38
[2023-07-10T17:47:58.123+0900][gc,heap       ] GC(23) Humongous regions: 129->129
[2023-07-10T17:47:58.123+0900][gc,metaspace  ] GC(23) Metaspace: 51317K->51317K(1095680K)
[2023-07-10T17:47:58.123+0900][gc            ] GC(23) Pause Young (Normal) (G1 Evacuation Pause) 217M->169M(1024M) 11.319ms
[2023-07-10T17:47:58.123+0900][gc,cpu        ] GC(23) User=0.02s Sys=0.02s Real=0.01s
[2023-07-10T17:56:05.832+0900][gc,start      ] GC(24) Pause Young (Normal) (G1 Evacuation Pause)
[2023-07-10T17:56:05.834+0900][gc,task       ] GC(24) Using 9 workers of 9 for evacuation
[2023-07-10T17:56:05.856+0900][gc,mmu        ] GC(24) MMU target violated: 21.0ms (20.0ms/21.0ms)
[2023-07-10T17:56:05.856+0900][gc,phases     ] GC(24)   Pre Evacuate Collection Set: 0.7ms
[2023-07-10T17:56:05.856+0900][gc,phases     ] GC(24)   Evacuate Collection Set: 18.3ms
[2023-07-10T17:56:05.856+0900][gc,phases     ] GC(24)   Post Evacuate Collection Set: 2.0ms
[2023-07-10T17:56:05.856+0900][gc,phases     ] GC(24)   Other: 3.1ms
[2023-07-10T17:56:05.856+0900][gc,heap       ] GC(24) Eden regions: 106->0(113)
[2023-07-10T17:56:05.856+0900][gc,heap       ] GC(24) Survivor regions: 3->5(14)
[2023-07-10T17:56:05.856+0900][gc,heap       ] GC(24) Old regions: 38->38
[2023-07-10T17:56:05.856+0900][gc,heap       ] GC(24) Humongous regions: 129->129
[2023-07-10T17:56:05.856+0900][gc,metaspace  ] GC(24) Metaspace: 51438K->51438K(1095680K)
[2023-07-10T17:56:05.856+0900][gc            ] GC(24) Pause Young (Normal) (G1 Evacuation Pause) 275M->171M(1024M) 24.116ms
[2023-07-10T17:56:05.857+0900][gc,cpu        ] GC(24) User=0.04s Sys=0.03s Real=0.02s
[2023-07-10T18:03:24.462+0900][gc,start      ] GC(25) Pause Young (Normal) (G1 Evacuation Pause)
[2023-07-10T18:03:24.462+0900][gc,task       ] GC(25) Using 9 workers of 9 for evacuation
[2023-07-10T18:03:24.469+0900][gc,phases     ] GC(25)   Pre Evacuate Collection Set: 0.2ms
[2023-07-10T18:03:24.469+0900][gc,phases     ] GC(25)   Evacuate Collection Set: 5.5ms
[2023-07-10T18:03:24.469+0900][gc,phases     ] GC(25)   Post Evacuate Collection Set: 0.7ms
[2023-07-10T18:03:24.469+0900][gc,phases     ] GC(25)   Other: 0.5ms
[2023-07-10T18:03:24.469+0900][gc,heap       ] GC(25) Eden regions: 113->0(144)
[2023-07-10T18:03:24.469+0900][gc,heap       ] GC(25) Survivor regions: 5->4(15)
[2023-07-10T18:03:24.469+0900][gc,heap       ] GC(25) Old regions: 38->38
[2023-07-10T18:03:24.469+0900][gc,heap       ] GC(25) Humongous regions: 129->129
[2023-07-10T18:03:24.469+0900][gc,metaspace  ] GC(25) Metaspace: 52313K->52313K(1097728K)
[2023-07-10T18:03:24.469+0900][gc            ] GC(25) Pause Young (Normal) (G1 Evacuation Pause) 284M->170M(1024M) 6.976ms
[2023-07-10T18:03:24.469+0900][gc,cpu        ] GC(25) User=0.02s Sys=0.02s Real=0.00s
[2023-07-10T18:11:17.117+0900][gc,start      ] GC(26) Pause Young (Normal) (G1 Evacuation Pause)
[2023-07-10T18:11:17.118+0900][gc,task       ] GC(26) Using 9 workers of 9 for evacuation
[2023-07-10T18:11:17.132+0900][gc,phases     ] GC(26)   Pre Evacuate Collection Set: 0.5ms
[2023-07-10T18:11:17.132+0900][gc,phases     ] GC(26)   Evacuate Collection Set: 12.0ms
[2023-07-10T18:11:17.132+0900][gc,phases     ] GC(26)   Post Evacuate Collection Set: 0.8ms
[2023-07-10T18:11:17.132+0900][gc,phases     ] GC(26)   Other: 2.1ms
[2023-07-10T18:11:17.132+0900][gc,heap       ] GC(26) Eden regions: 144->0(155)
[2023-07-10T18:11:17.132+0900][gc,heap       ] GC(26) Survivor regions: 4->6(19)
[2023-07-10T18:11:17.132+0900][gc,heap       ] GC(26) Old regions: 38->38
[2023-07-10T18:11:17.132+0900][gc,heap       ] GC(26) Humongous regions: 129->129
[2023-07-10T18:11:17.132+0900][gc,metaspace  ] GC(26) Metaspace: 52564K->52564K(1097728K)
[2023-07-10T18:11:17.132+0900][gc            ] GC(26) Pause Young (Normal) (G1 Evacuation Pause) 314M->172M(1024M) 15.516ms
[2023-07-10T18:11:17.132+0900][gc,cpu        ] GC(26) User=0.05s Sys=0.04s Real=0.02s
[2023-07-10T18:20:13.449+0900][gc,start      ] GC(27) Pause Young (Normal) (G1 Evacuation Pause)
[2023-07-10T18:20:13.450+0900][gc,task       ] GC(27) Using 9 workers of 9 for evacuation
[2023-07-10T18:20:13.471+0900][gc,mmu        ] GC(27) MMU target violated: 20.1ms (20.0ms/21.0ms)
[2023-07-10T18:20:13.471+0900][gc,phases     ] GC(27)   Pre Evacuate Collection Set: 0.4ms
[2023-07-10T18:20:13.471+0900][gc,phases     ] GC(27)   Evacuate Collection Set: 18.1ms
[2023-07-10T18:20:13.471+0900][gc,phases     ] GC(27)   Post Evacuate Collection Set: 1.0ms
[2023-07-10T18:20:13.471+0900][gc,phases     ] GC(27)   Other: 2.7ms
[2023-07-10T18:20:13.471+0900][gc,heap       ] GC(27) Eden regions: 155->0(177)
[2023-07-10T18:20:13.471+0900][gc,heap       ] GC(27) Survivor regions: 6->5(21)
[2023-07-10T18:20:13.471+0900][gc,heap       ] GC(27) Old regions: 38->38
[2023-07-10T18:20:13.471+0900][gc,heap       ] GC(27) Humongous regions: 129->129
[2023-07-10T18:20:13.471+0900][gc,metaspace  ] GC(27) Metaspace: 52581K->52581K(1097728K)
[2023-07-10T18:20:13.471+0900][gc            ] GC(27) Pause Young (Normal) (G1 Evacuation Pause) 327M->171M(1024M) 22.320ms
[2023-07-10T18:20:13.471+0900][gc,cpu        ] GC(27) User=0.04s Sys=0.01s Real=0.03s
[2023-07-10T18:26:16.556+0900][gc,heap,exit  ] Heap
[2023-07-10T18:26:16.556+0900][gc,heap,exit  ]  garbage-first heap   total 1048576K, used 275757K [0x00000007c0000000, 0x0000000800000000)
[2023-07-10T18:26:16.556+0900][gc,heap,exit  ]   region size 1024K, 105 young (107520K), 5 survivors (5120K)
[2023-07-10T18:26:16.556+0900][gc,heap,exit  ]  Metaspace       used 53299K, capacity 56559K, committed 56832K, reserved 1097728K
[2023-07-10T18:26:16.556+0900][gc,heap,exit  ]   class space    used 6831K, capacity 8410K, committed 8448K, reserved 1048576K
