[2023-07-10T18:26:30.480+0900][gc,heap] Heap region size: 1M
[2023-07-10T18:26:30.486+0900][gc     ] Using G1
[2023-07-10T18:26:30.486+0900][gc,heap,coops] Heap address: 0x00000007c0000000, size: 1024 MB, Compressed Oops mode: Zero based, Oop shift amount: 3
[2023-07-10T18:26:31.621+0900][gc,start     ] GC(0) Pause Young (Concurrent Start) (Metadata GC Threshold)
[2023-07-10T18:26:31.621+0900][gc,task      ] GC(0) Using 9 workers of 9 for evacuation
[2023-07-10T18:26:31.632+0900][gc,phases    ] GC(0)   Pre Evacuate Collection Set: 0.0ms
[2023-07-10T18:26:31.632+0900][gc,phases    ] GC(0)   Evacuate Collection Set: 10.0ms
[2023-07-10T18:26:31.632+0900][gc,phases    ] GC(0)   Post Evacuate Collection Set: 0.4ms
[2023-07-10T18:26:31.632+0900][gc,phases    ] GC(0)   Other: 0.8ms
[2023-07-10T18:26:31.632+0900][gc,heap      ] GC(0) Eden regions: 48->0(44)
[2023-07-10T18:26:31.632+0900][gc,heap      ] GC(0) Survivor regions: 0->7(7)
[2023-07-10T18:26:31.632+0900][gc,heap      ] GC(0) Old regions: 0->0
[2023-07-10T18:26:31.632+0900][gc,heap      ] GC(0) Humongous regions: 0->0
[2023-07-10T18:26:31.632+0900][gc,metaspace ] GC(0) Metaspace: 20696K->20696K(1069056K)
[2023-07-10T18:26:31.632+0900][gc           ] GC(0) Pause Young (Concurrent Start) (Metadata GC Threshold) 48M->6M(1024M) 11.407ms
[2023-07-10T18:26:31.632+0900][gc,cpu       ] GC(0) User=0.04s Sys=0.01s Real=0.01s
[2023-07-10T18:26:31.633+0900][gc           ] GC(1) Concurrent Cycle
[2023-07-10T18:26:31.633+0900][gc,marking   ] GC(1) Concurrent Clear Claimed Marks
[2023-07-10T18:26:31.633+0900][gc,marking   ] GC(1) Concurrent Clear Claimed Marks 0.096ms
[2023-07-10T18:26:31.633+0900][gc,marking   ] GC(1) Concurrent Scan Root Regions
[2023-07-10T18:26:31.635+0900][gc,marking   ] GC(1) Concurrent Scan Root Regions 1.787ms
[2023-07-10T18:26:31.635+0900][gc,marking   ] GC(1) Concurrent Mark (1.162s)
[2023-07-10T18:26:31.635+0900][gc,marking   ] GC(1) Concurrent Mark From Roots
[2023-07-10T18:26:31.635+0900][gc,task      ] GC(1) Using 2 workers of 2 for marking
[2023-07-10T18:26:31.635+0900][gc,marking   ] GC(1) Concurrent Mark From Roots 0.131ms
[2023-07-10T18:26:31.635+0900][gc,marking   ] GC(1) Concurrent Preclean
[2023-07-10T18:26:31.635+0900][gc,marking   ] GC(1) Concurrent Preclean 0.026ms
[2023-07-10T18:26:31.635+0900][gc,marking   ] GC(1) Concurrent Mark (1.162s, 1.162s) 0.304ms
[2023-07-10T18:26:31.636+0900][gc,start     ] GC(1) Pause Remark
[2023-07-10T18:26:31.640+0900][gc,stringtable] GC(1) Cleaned string and symbol table, strings: 7171 processed, 0 removed, symbols: 66199 processed, 41 removed
[2023-07-10T18:26:31.640+0900][gc            ] GC(1) Pause Remark 7M->7M(1024M) 4.201ms
[2023-07-10T18:26:31.640+0900][gc,cpu        ] GC(1) User=0.00s Sys=0.00s Real=0.01s
[2023-07-10T18:26:31.640+0900][gc,marking    ] GC(1) Concurrent Rebuild Remembered Sets
[2023-07-10T18:26:31.640+0900][gc,marking    ] GC(1) Concurrent Rebuild Remembered Sets 0.121ms
[2023-07-10T18:26:31.641+0900][gc,start      ] GC(1) Pause Cleanup
[2023-07-10T18:26:31.641+0900][gc            ] GC(1) Pause Cleanup 7M->7M(1024M) 0.107ms
[2023-07-10T18:26:31.641+0900][gc,cpu        ] GC(1) User=0.00s Sys=0.00s Real=0.00s
[2023-07-10T18:26:31.641+0900][gc,marking    ] GC(1) Concurrent Cleanup for Next Mark
[2023-07-10T18:26:31.645+0900][gc,marking    ] GC(1) Concurrent Cleanup for Next Mark 3.771ms
[2023-07-10T18:26:31.648+0900][gc            ] GC(1) Concurrent Cycle 15.710ms
[2023-07-10T18:26:32.447+0900][gc,start      ] GC(2) Pause Young (Normal) (G1 Evacuation Pause)
[2023-07-10T18:26:32.447+0900][gc,task       ] GC(2) Using 9 workers of 9 for evacuation
[2023-07-10T18:26:32.462+0900][gc,phases     ] GC(2)   Pre Evacuate Collection Set: 0.0ms
[2023-07-10T18:26:32.462+0900][gc,phases     ] GC(2)   Evacuate Collection Set: 14.8ms
[2023-07-10T18:26:32.462+0900][gc,phases     ] GC(2)   Post Evacuate Collection Set: 0.5ms
[2023-07-10T18:26:32.462+0900][gc,phases     ] GC(2)   Other: 0.1ms
[2023-07-10T18:26:32.463+0900][gc,heap       ] GC(2) Eden regions: 44->0(49)
[2023-07-10T18:26:32.463+0900][gc,heap       ] GC(2) Survivor regions: 7->2(7)
[2023-07-10T18:26:32.463+0900][gc,heap       ] GC(2) Old regions: 0->7
[2023-07-10T18:26:32.463+0900][gc,heap       ] GC(2) Humongous regions: 0->0
[2023-07-10T18:26:32.463+0900][gc,metaspace  ] GC(2) Metaspace: 29265K->29265K(1075200K)
[2023-07-10T18:26:32.463+0900][gc            ] GC(2) Pause Young (Normal) (G1 Evacuation Pause) 50M->8M(1024M) 15.513ms
[2023-07-10T18:26:32.463+0900][gc,cpu        ] GC(2) User=0.08s Sys=0.03s Real=0.02s
[2023-07-10T18:26:33.536+0900][gc,start      ] GC(3) Pause Young (Concurrent Start) (Metadata GC Threshold)
[2023-07-10T18:26:33.536+0900][gc,task       ] GC(3) Using 9 workers of 9 for evacuation
[2023-07-10T18:26:33.543+0900][gc,phases     ] GC(3)   Pre Evacuate Collection Set: 0.0ms
[2023-07-10T18:26:33.543+0900][gc,phases     ] GC(3)   Evacuate Collection Set: 5.9ms
[2023-07-10T18:26:33.543+0900][gc,phases     ] GC(3)   Post Evacuate Collection Set: 0.2ms
[2023-07-10T18:26:33.543+0900][gc,phases     ] GC(3)   Other: 0.2ms
[2023-07-10T18:26:33.543+0900][gc,heap       ] GC(3) Eden regions: 39->0(47)
[2023-07-10T18:26:33.543+0900][gc,heap       ] GC(3) Survivor regions: 2->4(7)
[2023-07-10T18:26:33.543+0900][gc,heap       ] GC(3) Old regions: 7->7
[2023-07-10T18:26:33.543+0900][gc,heap       ] GC(3) Humongous regions: 129->129
[2023-07-10T18:26:33.543+0900][gc,metaspace  ] GC(3) Metaspace: 34759K->34759K(1081344K)
[2023-07-10T18:26:33.543+0900][gc            ] GC(3) Pause Young (Concurrent Start) (Metadata GC Threshold) 176M->139M(1024M) 6.467ms
[2023-07-10T18:26:33.543+0900][gc,cpu        ] GC(3) User=0.03s Sys=0.00s Real=0.01s
[2023-07-10T18:26:33.543+0900][gc            ] GC(4) Concurrent Cycle
[2023-07-10T18:26:33.543+0900][gc,marking    ] GC(4) Concurrent Clear Claimed Marks
[2023-07-10T18:26:33.543+0900][gc,marking    ] GC(4) Concurrent Clear Claimed Marks 0.015ms
[2023-07-10T18:26:33.543+0900][gc,marking    ] GC(4) Concurrent Scan Root Regions
[2023-07-10T18:26:33.544+0900][gc,marking    ] GC(4) Concurrent Scan Root Regions 1.023ms
[2023-07-10T18:26:33.544+0900][gc,marking    ] GC(4) Concurrent Mark (3.071s)
[2023-07-10T18:26:33.545+0900][gc,marking    ] GC(4) Concurrent Mark From Roots
[2023-07-10T18:26:33.545+0900][gc,task       ] GC(4) Using 2 workers of 2 for marking
[2023-07-10T18:26:33.549+0900][gc,marking    ] GC(4) Concurrent Mark From Roots 4.356ms
[2023-07-10T18:26:33.549+0900][gc,marking    ] GC(4) Concurrent Preclean
[2023-07-10T18:26:33.549+0900][gc,marking    ] GC(4) Concurrent Preclean 0.063ms
[2023-07-10T18:26:33.549+0900][gc,marking    ] GC(4) Concurrent Mark (3.071s, 3.076s) 5.129ms
[2023-07-10T18:26:33.549+0900][gc,start      ] GC(4) Pause Remark
[2023-07-10T18:26:33.559+0900][gc,stringtable] GC(4) Cleaned string and symbol table, strings: 10996 processed, 10 removed, symbols: 98411 processed, 16 removed
[2023-07-10T18:26:33.559+0900][gc            ] GC(4) Pause Remark 140M->140M(1024M) 9.455ms
[2023-07-10T18:26:33.559+0900][gc,cpu        ] GC(4) User=0.01s Sys=0.02s Real=0.01s
[2023-07-10T18:26:33.559+0900][gc,marking    ] GC(4) Concurrent Rebuild Remembered Sets
[2023-07-10T18:26:33.561+0900][gc,marking    ] GC(4) Concurrent Rebuild Remembered Sets 2.313ms
[2023-07-10T18:26:33.562+0900][gc,start      ] GC(4) Pause Cleanup
[2023-07-10T18:26:33.562+0900][gc            ] GC(4) Pause Cleanup 140M->140M(1024M) 0.131ms
[2023-07-10T18:26:33.562+0900][gc,cpu        ] GC(4) User=0.00s Sys=0.00s Real=0.00s
[2023-07-10T18:26:33.562+0900][gc,marking    ] GC(4) Concurrent Cleanup for Next Mark
[2023-07-10T18:26:33.566+0900][gc,marking    ] GC(4) Concurrent Cleanup for Next Mark 3.922ms
[2023-07-10T18:26:33.566+0900][gc            ] GC(4) Concurrent Cycle 23.154ms
[2023-07-10T18:26:34.103+0900][gc,start      ] GC(5) Pause Young (Normal) (G1 Evacuation Pause)
[2023-07-10T18:26:34.103+0900][gc,task       ] GC(5) Using 9 workers of 9 for evacuation
[2023-07-10T18:26:34.112+0900][gc,phases     ] GC(5)   Pre Evacuate Collection Set: 0.0ms
[2023-07-10T18:26:34.112+0900][gc,phases     ] GC(5)   Evacuate Collection Set: 8.9ms
[2023-07-10T18:26:34.112+0900][gc,phases     ] GC(5)   Post Evacuate Collection Set: 0.4ms
[2023-07-10T18:26:34.112+0900][gc,phases     ] GC(5)   Other: 0.2ms
[2023-07-10T18:26:34.112+0900][gc,heap       ] GC(5) Eden regions: 47->0(44)
[2023-07-10T18:26:34.112+0900][gc,heap       ] GC(5) Survivor regions: 4->7(7)
[2023-07-10T18:26:34.112+0900][gc,heap       ] GC(5) Old regions: 7->8
[2023-07-10T18:26:34.112+0900][gc,heap       ] GC(5) Humongous regions: 129->129
[2023-07-10T18:26:34.113+0900][gc,metaspace  ] GC(5) Metaspace: 42312K->42312K(1087488K)
[2023-07-10T18:26:34.113+0900][gc            ] GC(5) Pause Young (Normal) (G1 Evacuation Pause) 186M->143M(1024M) 9.649ms
[2023-07-10T18:26:34.113+0900][gc,cpu        ] GC(5) User=0.06s Sys=0.01s Real=0.01s
[2023-07-10T18:27:15.644+0900][gc,start      ] GC(6) Pause Young (Normal) (G1 Evacuation Pause)
[2023-07-10T18:27:15.644+0900][gc,task       ] GC(6) Using 9 workers of 9 for evacuation
[2023-07-10T18:27:15.656+0900][gc,phases     ] GC(6)   Pre Evacuate Collection Set: 0.0ms
[2023-07-10T18:27:15.656+0900][gc,phases     ] GC(6)   Evacuate Collection Set: 10.6ms
[2023-07-10T18:27:15.656+0900][gc,phases     ] GC(6)   Post Evacuate Collection Set: 0.6ms
[2023-07-10T18:27:15.656+0900][gc,phases     ] GC(6)   Other: 0.4ms
[2023-07-10T18:27:15.656+0900][gc,heap       ] GC(6) Eden regions: 44->0(47)
[2023-07-10T18:27:15.656+0900][gc,heap       ] GC(6) Survivor regions: 7->4(7)
[2023-07-10T18:27:15.656+0900][gc,heap       ] GC(6) Old regions: 8->14
[2023-07-10T18:27:15.656+0900][gc,heap       ] GC(6) Humongous regions: 147->129
[2023-07-10T18:27:15.656+0900][gc,metaspace  ] GC(6) Metaspace: 48931K->48931K(1093632K)
[2023-07-10T18:27:15.656+0900][gc            ] GC(6) Pause Young (Normal) (G1 Evacuation Pause) 205M->146M(1024M) 11.771ms
[2023-07-10T18:27:15.656+0900][gc,cpu        ] GC(6) User=0.05s Sys=0.02s Real=0.01s
[2023-07-10T18:28:54.419+0900][gc,start      ] GC(7) Pause Young (Normal) (G1 Evacuation Pause)
[2023-07-10T18:28:54.420+0900][gc,task       ] GC(7) Using 9 workers of 9 for evacuation
[2023-07-10T18:28:54.435+0900][gc,phases     ] GC(7)   Pre Evacuate Collection Set: 0.3ms
[2023-07-10T18:28:54.435+0900][gc,phases     ] GC(7)   Evacuate Collection Set: 14.2ms
[2023-07-10T18:28:54.435+0900][gc,phases     ] GC(7)   Post Evacuate Collection Set: 0.8ms
[2023-07-10T18:28:54.435+0900][gc,phases     ] GC(7)   Other: 1.2ms
[2023-07-10T18:28:54.435+0900][gc,heap       ] GC(7) Eden regions: 47->0(46)
[2023-07-10T18:28:54.435+0900][gc,heap       ] GC(7) Survivor regions: 4->5(7)
[2023-07-10T18:28:54.435+0900][gc,heap       ] GC(7) Old regions: 14->14
[2023-07-10T18:28:54.435+0900][gc,heap       ] GC(7) Humongous regions: 129->129
[2023-07-10T18:28:54.435+0900][gc,metaspace  ] GC(7) Metaspace: 50831K->50831K(1095680K)
[2023-07-10T18:28:54.435+0900][gc            ] GC(7) Pause Young (Normal) (G1 Evacuation Pause) 193M->147M(1024M) 16.540ms
[2023-07-10T18:28:54.435+0900][gc,cpu        ] GC(7) User=0.06s Sys=0.03s Real=0.02s
[2023-07-10T18:31:25.614+0900][gc,start      ] GC(8) Pause Young (Normal) (G1 Evacuation Pause)
[2023-07-10T18:31:25.615+0900][gc,task       ] GC(8) Using 9 workers of 9 for evacuation
[2023-07-10T18:31:25.630+0900][gc,phases     ] GC(8)   Pre Evacuate Collection Set: 0.1ms
[2023-07-10T18:31:25.630+0900][gc,phases     ] GC(8)   Evacuate Collection Set: 13.4ms
[2023-07-10T18:31:25.630+0900][gc,phases     ] GC(8)   Post Evacuate Collection Set: 0.5ms
[2023-07-10T18:31:25.630+0900][gc,phases     ] GC(8)   Other: 1.6ms
[2023-07-10T18:31:25.630+0900][gc,heap       ] GC(8) Eden regions: 46->0(47)
[2023-07-10T18:31:25.630+0900][gc,heap       ] GC(8) Survivor regions: 5->4(7)
[2023-07-10T18:31:25.630+0900][gc,heap       ] GC(8) Old regions: 14->17
[2023-07-10T18:31:25.630+0900][gc,heap       ] GC(8) Humongous regions: 129->129
[2023-07-10T18:31:25.630+0900][gc,metaspace  ] GC(8) Metaspace: 51006K->51006K(1095680K)
[2023-07-10T18:31:25.630+0900][gc            ] GC(8) Pause Young (Normal) (G1 Evacuation Pause) 193M->148M(1024M) 15.586ms
[2023-07-10T18:31:25.630+0900][gc,cpu        ] GC(8) User=0.06s Sys=0.02s Real=0.02s
[2023-07-10T18:34:04.677+0900][gc,start      ] GC(9) Pause Young (Normal) (G1 Evacuation Pause)
[2023-07-10T18:34:04.678+0900][gc,task       ] GC(9) Using 9 workers of 9 for evacuation
[2023-07-10T18:34:04.693+0900][gc,phases     ] GC(9)   Pre Evacuate Collection Set: 0.2ms
[2023-07-10T18:34:04.693+0900][gc,phases     ] GC(9)   Evacuate Collection Set: 12.8ms
[2023-07-10T18:34:04.693+0900][gc,phases     ] GC(9)   Post Evacuate Collection Set: 0.5ms
[2023-07-10T18:34:04.693+0900][gc,phases     ] GC(9)   Other: 2.3ms
[2023-07-10T18:34:04.693+0900][gc,heap       ] GC(9) Eden regions: 47->0(46)
[2023-07-10T18:34:04.693+0900][gc,heap       ] GC(9) Survivor regions: 4->5(7)
[2023-07-10T18:34:04.693+0900][gc,heap       ] GC(9) Old regions: 17->17
[2023-07-10T18:34:04.693+0900][gc,heap       ] GC(9) Humongous regions: 129->129
[2023-07-10T18:34:04.693+0900][gc,metaspace  ] GC(9) Metaspace: 51063K->51063K(1095680K)
[2023-07-10T18:34:04.693+0900][gc            ] GC(9) Pause Young (Normal) (G1 Evacuation Pause) 195M->149M(1024M) 15.921ms
[2023-07-10T18:34:04.693+0900][gc,cpu        ] GC(9) User=0.08s Sys=0.02s Real=0.02s
[2023-07-10T18:36:43.498+0900][gc,start      ] GC(10) Pause Young (Normal) (G1 Evacuation Pause)
[2023-07-10T18:36:43.500+0900][gc,task       ] GC(10) Using 9 workers of 9 for evacuation
[2023-07-10T18:36:43.523+0900][gc,mmu        ] GC(10) MMU target violated: 21.0ms (20.0ms/21.0ms)
[2023-07-10T18:36:43.523+0900][gc,phases     ] GC(10)   Pre Evacuate Collection Set: 0.1ms
[2023-07-10T18:36:43.523+0900][gc,phases     ] GC(10)   Evacuate Collection Set: 22.1ms
[2023-07-10T18:36:43.523+0900][gc,phases     ] GC(10)   Post Evacuate Collection Set: 0.4ms
[2023-07-10T18:36:43.523+0900][gc,phases     ] GC(10)   Other: 2.3ms
[2023-07-10T18:36:43.523+0900][gc,heap       ] GC(10) Eden regions: 46->0(44)
[2023-07-10T18:36:43.523+0900][gc,heap       ] GC(10) Survivor regions: 5->7(7)
[2023-07-10T18:36:43.523+0900][gc,heap       ] GC(10) Old regions: 17->18
[2023-07-10T18:36:43.523+0900][gc,heap       ] GC(10) Humongous regions: 129->129
[2023-07-10T18:36:43.523+0900][gc,metaspace  ] GC(10) Metaspace: 51194K->51194K(1095680K)
[2023-07-10T18:36:43.523+0900][gc            ] GC(10) Pause Young (Normal) (G1 Evacuation Pause) 195M->152M(1024M) 25.018ms
[2023-07-10T18:36:43.523+0900][gc,cpu        ] GC(10) User=0.10s Sys=0.02s Real=0.03s
[2023-07-10T18:39:18.465+0900][gc,start      ] GC(11) Pause Young (Normal) (G1 Evacuation Pause)
[2023-07-10T18:39:18.467+0900][gc,task       ] GC(11) Using 9 workers of 9 for evacuation
[2023-07-10T18:39:18.489+0900][gc,mmu        ] GC(11) MMU target violated: 21.0ms (20.0ms/21.0ms)
[2023-07-10T18:39:18.489+0900][gc,phases     ] GC(11)   Pre Evacuate Collection Set: 0.8ms
[2023-07-10T18:39:18.489+0900][gc,phases     ] GC(11)   Evacuate Collection Set: 20.7ms
[2023-07-10T18:39:18.489+0900][gc,phases     ] GC(11)   Post Evacuate Collection Set: 0.3ms
[2023-07-10T18:39:18.489+0900][gc,phases     ] GC(11)   Other: 2.7ms
[2023-07-10T18:39:18.489+0900][gc,heap       ] GC(11) Eden regions: 44->0(50)
[2023-07-10T18:39:18.489+0900][gc,heap       ] GC(11) Survivor regions: 7->4(7)
[2023-07-10T18:39:18.489+0900][gc,heap       ] GC(11) Old regions: 18->22
[2023-07-10T18:39:18.489+0900][gc,heap       ] GC(11) Humongous regions: 129->129
[2023-07-10T18:39:18.489+0900][gc,metaspace  ] GC(11) Metaspace: 51227K->51227K(1095680K)
[2023-07-10T18:39:18.489+0900][gc            ] GC(11) Pause Young (Normal) (G1 Evacuation Pause) 196M->154M(1024M) 24.373ms
[2023-07-10T18:39:18.489+0900][gc,cpu        ] GC(11) User=0.05s Sys=0.02s Real=0.02s
[2023-07-10T18:42:14.795+0900][gc,start      ] GC(12) Pause Young (Normal) (G1 Evacuation Pause)
[2023-07-10T18:42:14.795+0900][gc,task       ] GC(12) Using 9 workers of 9 for evacuation
[2023-07-10T18:42:14.807+0900][gc,phases     ] GC(12)   Pre Evacuate Collection Set: 0.0ms
[2023-07-10T18:42:14.807+0900][gc,phases     ] GC(12)   Evacuate Collection Set: 10.9ms
[2023-07-10T18:42:14.807+0900][gc,phases     ] GC(12)   Post Evacuate Collection Set: 0.4ms
[2023-07-10T18:42:14.807+0900][gc,phases     ] GC(12)   Other: 0.6ms
[2023-07-10T18:42:14.807+0900][gc,heap       ] GC(12) Eden regions: 50->0(63)
[2023-07-10T18:42:14.807+0900][gc,heap       ] GC(12) Survivor regions: 4->7(7)
[2023-07-10T18:42:14.807+0900][gc,heap       ] GC(12) Old regions: 22->22
[2023-07-10T18:42:14.807+0900][gc,heap       ] GC(12) Humongous regions: 129->129
[2023-07-10T18:42:14.807+0900][gc,metaspace  ] GC(12) Metaspace: 51260K->51260K(1095680K)
[2023-07-10T18:42:14.807+0900][gc            ] GC(12) Pause Young (Normal) (G1 Evacuation Pause) 204M->157M(1024M) 11.992ms
[2023-07-10T18:42:14.807+0900][gc,cpu        ] GC(12) User=0.02s Sys=0.02s Real=0.01s
[2023-07-10T18:45:57.057+0900][gc,start      ] GC(13) Pause Young (Normal) (G1 Evacuation Pause)
[2023-07-10T18:45:57.058+0900][gc,task       ] GC(13) Using 9 workers of 9 for evacuation
[2023-07-10T18:45:57.081+0900][gc,mmu        ] GC(13) MMU target violated: 21.0ms (20.0ms/21.0ms)
[2023-07-10T18:45:57.081+0900][gc,phases     ] GC(13)   Pre Evacuate Collection Set: 0.4ms
[2023-07-10T18:45:57.081+0900][gc,phases     ] GC(13)   Evacuate Collection Set: 21.9ms
[2023-07-10T18:45:57.081+0900][gc,phases     ] GC(13)   Post Evacuate Collection Set: 0.3ms
[2023-07-10T18:45:57.081+0900][gc,phases     ] GC(13)   Other: 1.1ms
[2023-07-10T18:45:57.081+0900][gc,heap       ] GC(13) Eden regions: 63->0(62)
[2023-07-10T18:45:57.081+0900][gc,heap       ] GC(13) Survivor regions: 7->5(9)
[2023-07-10T18:45:57.081+0900][gc,heap       ] GC(13) Old regions: 22->27
[2023-07-10T18:45:57.081+0900][gc,heap       ] GC(13) Humongous regions: 129->129
[2023-07-10T18:45:57.081+0900][gc,metaspace  ] GC(13) Metaspace: 51272K->51272K(1095680K)
[2023-07-10T18:45:57.081+0900][gc            ] GC(13) Pause Young (Normal) (G1 Evacuation Pause) 220M->159M(1024M) 23.797ms
[2023-07-10T18:45:57.081+0900][gc,cpu        ] GC(13) User=0.03s Sys=0.02s Real=0.03s
[2023-07-10T18:49:35.756+0900][gc,start      ] GC(14) Pause Young (Normal) (G1 Evacuation Pause)
[2023-07-10T18:49:35.758+0900][gc,task       ] GC(14) Using 9 workers of 9 for evacuation
[2023-07-10T18:49:35.780+0900][gc,mmu        ] GC(14) MMU target violated: 21.0ms (20.0ms/21.0ms)
[2023-07-10T18:49:35.781+0900][gc,phases     ] GC(14)   Pre Evacuate Collection Set: 0.7ms
[2023-07-10T18:49:35.781+0900][gc,phases     ] GC(14)   Evacuate Collection Set: 20.5ms
[2023-07-10T18:49:35.781+0900][gc,phases     ] GC(14)   Post Evacuate Collection Set: 0.6ms
[2023-07-10T18:49:35.781+0900][gc,phases     ] GC(14)   Other: 2.8ms
[2023-07-10T18:49:35.781+0900][gc,heap       ] GC(14) Eden regions: 62->0(62)
[2023-07-10T18:49:35.781+0900][gc,heap       ] GC(14) Survivor regions: 5->8(9)
[2023-07-10T18:49:35.781+0900][gc,heap       ] GC(14) Old regions: 27->27
[2023-07-10T18:49:35.781+0900][gc,heap       ] GC(14) Humongous regions: 129->129
[2023-07-10T18:49:35.781+0900][gc,metaspace  ] GC(14) Metaspace: 51294K->51294K(1095680K)
[2023-07-10T18:49:35.781+0900][gc            ] GC(14) Pause Young (Normal) (G1 Evacuation Pause) 221M->163M(1024M) 24.555ms
[2023-07-10T18:49:35.781+0900][gc,cpu        ] GC(14) User=0.06s Sys=0.05s Real=0.03s
[2023-07-10T18:53:11.191+0900][gc,start      ] GC(15) Pause Young (Normal) (G1 Evacuation Pause)
[2023-07-10T18:53:11.192+0900][gc,task       ] GC(15) Using 9 workers of 9 for evacuation
[2023-07-10T18:53:11.208+0900][gc,phases     ] GC(15)   Pre Evacuate Collection Set: 0.4ms
[2023-07-10T18:53:11.208+0900][gc,phases     ] GC(15)   Evacuate Collection Set: 15.2ms
[2023-07-10T18:53:11.208+0900][gc,phases     ] GC(15)   Post Evacuate Collection Set: 0.3ms
[2023-07-10T18:53:11.208+0900][gc,phases     ] GC(15)   Other: 0.9ms
[2023-07-10T18:53:11.208+0900][gc,heap       ] GC(15) Eden regions: 61->0(60)
[2023-07-10T18:53:11.208+0900][gc,heap       ] GC(15) Survivor regions: 8->8(9)
[2023-07-10T18:53:11.208+0900][gc,heap       ] GC(15) Old regions: 27->31
[2023-07-10T18:53:11.208+0900][gc,heap       ] GC(15) Humongous regions: 129->129
[2023-07-10T18:53:11.208+0900][gc,metaspace  ] GC(15) Metaspace: 51313K->51313K(1095680K)
[2023-07-10T18:53:11.208+0900][gc            ] GC(15) Pause Young (Normal) (G1 Evacuation Pause) 224M->167M(1024M) 16.942ms
[2023-07-10T18:53:11.208+0900][gc,cpu        ] GC(15) User=0.06s Sys=0.04s Real=0.01s
[2023-07-10T18:56:42.029+0900][gc,start      ] GC(16) Pause Young (Normal) (G1 Evacuation Pause)
[2023-07-10T18:56:42.030+0900][gc,task       ] GC(16) Using 9 workers of 9 for evacuation
[2023-07-10T18:56:42.061+0900][gc,mmu        ] GC(16) MMU target violated: 21.0ms (20.0ms/21.0ms)
[2023-07-10T18:56:42.061+0900][gc,phases     ] GC(16)   Pre Evacuate Collection Set: 0.7ms
[2023-07-10T18:56:42.061+0900][gc,phases     ] GC(16)   Evacuate Collection Set: 28.8ms
[2023-07-10T18:56:42.061+0900][gc,phases     ] GC(16)   Post Evacuate Collection Set: 0.6ms
[2023-07-10T18:56:42.061+0900][gc,phases     ] GC(16)   Other: 2.7ms
[2023-07-10T18:56:42.061+0900][gc,heap       ] GC(16) Eden regions: 60->0(43)
[2023-07-10T18:56:42.061+0900][gc,heap       ] GC(16) Survivor regions: 8->8(9)
[2023-07-10T18:56:42.061+0900][gc,heap       ] GC(16) Old regions: 31->34
[2023-07-10T18:56:42.061+0900][gc,heap       ] GC(16) Humongous regions: 129->129
[2023-07-10T18:56:42.061+0900][gc,metaspace  ] GC(16) Metaspace: 51321K->51321K(1095680K)
[2023-07-10T18:56:42.061+0900][gc            ] GC(16) Pause Young (Normal) (G1 Evacuation Pause) 227M->170M(1024M) 32.580ms
[2023-07-10T18:56:42.061+0900][gc,cpu        ] GC(16) User=0.09s Sys=0.08s Real=0.04s
[2023-07-10T18:59:13.181+0900][gc,start      ] GC(17) Pause Young (Normal) (G1 Evacuation Pause)
[2023-07-10T18:59:13.182+0900][gc,task       ] GC(17) Using 9 workers of 9 for evacuation
[2023-07-10T18:59:13.194+0900][gc,phases     ] GC(17)   Pre Evacuate Collection Set: 0.1ms
[2023-07-10T18:59:13.194+0900][gc,phases     ] GC(17)   Evacuate Collection Set: 11.2ms
[2023-07-10T18:59:13.194+0900][gc,phases     ] GC(17)   Post Evacuate Collection Set: 0.8ms
[2023-07-10T18:59:13.194+0900][gc,phases     ] GC(17)   Other: 0.9ms
[2023-07-10T18:59:13.194+0900][gc,heap       ] GC(17) Eden regions: 43->0(63)
[2023-07-10T18:59:13.194+0900][gc,heap       ] GC(17) Survivor regions: 8->5(7)
[2023-07-10T18:59:13.194+0900][gc,heap       ] GC(17) Old regions: 34->41
[2023-07-10T18:59:13.194+0900][gc,heap       ] GC(17) Humongous regions: 129->129
[2023-07-10T18:59:13.194+0900][gc,metaspace  ] GC(17) Metaspace: 51331K->51331K(1095680K)
[2023-07-10T18:59:13.194+0900][gc            ] GC(17) Pause Young (Normal) (G1 Evacuation Pause) 213M->173M(1024M) 13.123ms
[2023-07-10T18:59:13.194+0900][gc,cpu        ] GC(17) User=0.06s Sys=0.02s Real=0.01s
[2023-07-10T19:02:46.525+0900][gc,start      ] GC(18) Pause Young (Normal) (G1 Evacuation Pause)
[2023-07-10T19:02:46.526+0900][gc,task       ] GC(18) Using 9 workers of 9 for evacuation
[2023-07-10T19:02:46.560+0900][gc,mmu        ] GC(18) MMU target violated: 21.0ms (20.0ms/21.0ms)
[2023-07-10T19:02:46.560+0900][gc,phases     ] GC(18)   Pre Evacuate Collection Set: 1.7ms
[2023-07-10T19:02:46.560+0900][gc,phases     ] GC(18)   Evacuate Collection Set: 29.7ms
[2023-07-10T19:02:46.560+0900][gc,phases     ] GC(18)   Post Evacuate Collection Set: 0.4ms
[2023-07-10T19:02:46.560+0900][gc,phases     ] GC(18)   Other: 4.0ms
[2023-07-10T19:02:46.560+0900][gc,heap       ] GC(18) Eden regions: 61->0(42)
[2023-07-10T19:02:46.560+0900][gc,heap       ] GC(18) Survivor regions: 5->9(9)
[2023-07-10T19:02:46.560+0900][gc,heap       ] GC(18) Old regions: 41->41
[2023-07-10T19:02:46.560+0900][gc,heap       ] GC(18) Humongous regions: 129->129
[2023-07-10T19:02:46.560+0900][gc,metaspace  ] GC(18) Metaspace: 51362K->51362K(1095680K)
[2023-07-10T19:02:46.560+0900][gc            ] GC(18) Pause Young (Normal) (G1 Evacuation Pause) 234M->177M(1024M) 35.550ms
[2023-07-10T19:02:46.560+0900][gc,cpu        ] GC(18) User=0.06s Sys=0.07s Real=0.04s
[2023-07-10T19:05:14.013+0900][gc,start      ] GC(19) Pause Young (Normal) (G1 Evacuation Pause)
[2023-07-10T19:05:14.015+0900][gc,task       ] GC(19) Using 9 workers of 9 for evacuation
[2023-07-10T19:05:14.039+0900][gc,phases     ] GC(19)   Pre Evacuate Collection Set: 1.0ms
[2023-07-10T19:05:14.039+0900][gc,phases     ] GC(19)   Evacuate Collection Set: 12.9ms
[2023-07-10T19:05:14.039+0900][gc,phases     ] GC(19)   Post Evacuate Collection Set: 0.4ms
[2023-07-10T19:05:14.039+0900][gc,phases     ] GC(19)   Other: 12.1ms
[2023-07-10T19:05:14.039+0900][gc,heap       ] GC(19) Eden regions: 42->0(65)
[2023-07-10T19:05:14.039+0900][gc,heap       ] GC(19) Survivor regions: 9->4(7)
[2023-07-10T19:05:14.039+0900][gc,heap       ] GC(19) Old regions: 41->46
[2023-07-10T19:05:14.039+0900][gc,heap       ] GC(19) Humongous regions: 129->129
[2023-07-10T19:05:14.039+0900][gc,metaspace  ] GC(19) Metaspace: 51362K->51362K(1095680K)
[2023-07-10T19:05:14.039+0900][gc            ] GC(19) Pause Young (Normal) (G1 Evacuation Pause) 219M->178M(1024M) 26.329ms
[2023-07-10T19:05:14.039+0900][gc,cpu        ] GC(19) User=0.04s Sys=0.05s Real=0.02s
[2023-07-10T19:09:02.960+0900][gc,start      ] GC(20) Pause Young (Normal) (G1 Evacuation Pause)
[2023-07-10T19:09:02.962+0900][gc,task       ] GC(20) Using 9 workers of 9 for evacuation
[2023-07-10T19:09:02.983+0900][gc,mmu        ] GC(20) MMU target violated: 21.0ms (20.0ms/21.0ms)
[2023-07-10T19:09:02.984+0900][gc,phases     ] GC(20)   Pre Evacuate Collection Set: 0.4ms
[2023-07-10T19:09:02.984+0900][gc,phases     ] GC(20)   Evacuate Collection Set: 19.7ms
[2023-07-10T19:09:02.984+0900][gc,phases     ] GC(20)   Post Evacuate Collection Set: 0.5ms
[2023-07-10T19:09:02.984+0900][gc,phases     ] GC(20)   Other: 2.7ms
[2023-07-10T19:09:02.984+0900][gc,heap       ] GC(20) Eden regions: 65->0(47)
[2023-07-10T19:09:02.984+0900][gc,heap       ] GC(20) Survivor regions: 4->8(9)
[2023-07-10T19:09:02.984+0900][gc,heap       ] GC(20) Old regions: 46->46
[2023-07-10T19:09:02.984+0900][gc,heap       ] GC(20) Humongous regions: 129->129
[2023-07-10T19:09:02.984+0900][gc,metaspace  ] GC(20) Metaspace: 51388K->51388K(1095680K)
[2023-07-10T19:09:02.984+0900][gc            ] GC(20) Pause Young (Normal) (G1 Evacuation Pause) 243M->182M(1024M) 23.404ms
[2023-07-10T19:09:02.984+0900][gc,cpu        ] GC(20) User=0.08s Sys=0.03s Real=0.02s
[2023-07-10T19:11:34.080+0900][gc,start      ] GC(21) Pause Young (Normal) (G1 Evacuation Pause)
[2023-07-10T19:11:34.082+0900][gc,task       ] GC(21) Using 9 workers of 9 for evacuation
[2023-07-10T19:11:34.096+0900][gc,phases     ] GC(21)   Pre Evacuate Collection Set: 0.3ms
[2023-07-10T19:11:34.096+0900][gc,phases     ] GC(21)   Evacuate Collection Set: 12.9ms
[2023-07-10T19:11:34.096+0900][gc,phases     ] GC(21)   Post Evacuate Collection Set: 0.4ms
[2023-07-10T19:11:34.096+0900][gc,phases     ] GC(21)   Other: 2.5ms
[2023-07-10T19:11:34.096+0900][gc,heap       ] GC(21) Eden regions: 43->0(66)
[2023-07-10T19:11:34.096+0900][gc,heap       ] GC(21) Survivor regions: 8->4(7)
[2023-07-10T19:11:34.096+0900][gc,heap       ] GC(21) Old regions: 46->52
[2023-07-10T19:11:34.096+0900][gc,heap       ] GC(21) Humongous regions: 129->129
[2023-07-10T19:11:34.096+0900][gc,metaspace  ] GC(21) Metaspace: 51404K->51404K(1095680K)
[2023-07-10T19:11:34.096+0900][gc            ] GC(21) Pause Young (Normal) (G1 Evacuation Pause) 225M->183M(1024M) 16.195ms
[2023-07-10T19:11:34.096+0900][gc,cpu        ] GC(21) User=0.05s Sys=0.01s Real=0.01s
[2023-07-10T19:15:27.199+0900][gc,start      ] GC(22) Pause Young (Normal) (G1 Evacuation Pause)
[2023-07-10T19:15:27.201+0900][gc,task       ] GC(22) Using 9 workers of 9 for evacuation
[2023-07-10T19:15:27.219+0900][gc,phases     ] GC(22)   Pre Evacuate Collection Set: 0.1ms
[2023-07-10T19:15:27.219+0900][gc,phases     ] GC(22)   Evacuate Collection Set: 16.8ms
[2023-07-10T19:15:27.219+0900][gc,phases     ] GC(22)   Post Evacuate Collection Set: 0.3ms
[2023-07-10T19:15:27.219+0900][gc,phases     ] GC(22)   Other: 2.1ms
[2023-07-10T19:15:27.219+0900][gc,heap       ] GC(22) Eden regions: 66->0(74)
[2023-07-10T19:15:27.219+0900][gc,heap       ] GC(22) Survivor regions: 4->8(9)
[2023-07-10T19:15:27.219+0900][gc,heap       ] GC(22) Old regions: 52->52
[2023-07-10T19:15:27.219+0900][gc,heap       ] GC(22) Humongous regions: 129->129
[2023-07-10T19:15:27.219+0900][gc,metaspace  ] GC(22) Metaspace: 51410K->51410K(1095680K)
[2023-07-10T19:15:27.219+0900][gc            ] GC(22) Pause Young (Normal) (G1 Evacuation Pause) 249M->187M(1024M) 19.425ms
[2023-07-10T19:15:27.219+0900][gc,cpu        ] GC(22) User=0.05s Sys=0.01s Real=0.02s
[2023-07-10T19:19:47.709+0900][gc,start      ] GC(23) Pause Young (Normal) (G1 Evacuation Pause)
[2023-07-10T19:19:47.711+0900][gc,task       ] GC(23) Using 9 workers of 9 for evacuation
[2023-07-10T19:19:47.723+0900][gc,phases     ] GC(23)   Pre Evacuate Collection Set: 0.3ms
[2023-07-10T19:19:47.723+0900][gc,phases     ] GC(23)   Evacuate Collection Set: 10.8ms
[2023-07-10T19:19:47.723+0900][gc,phases     ] GC(23)   Post Evacuate Collection Set: 0.4ms
[2023-07-10T19:19:47.723+0900][gc,phases     ] GC(23)   Other: 2.6ms
[2023-07-10T19:19:47.723+0900][gc,heap       ] GC(23) Eden regions: 74->0(88)
[2023-07-10T19:19:47.723+0900][gc,heap       ] GC(23) Survivor regions: 8->8(11)
[2023-07-10T19:19:47.723+0900][gc,heap       ] GC(23) Old regions: 52->54
[2023-07-10T19:19:47.723+0900][gc,heap       ] GC(23) Humongous regions: 129->129
[2023-07-10T19:19:47.723+0900][gc,metaspace  ] GC(23) Metaspace: 51413K->51413K(1095680K)
[2023-07-10T19:19:47.723+0900][gc            ] GC(23) Pause Young (Normal) (G1 Evacuation Pause) 261M->190M(1024M) 14.155ms
[2023-07-10T19:19:47.723+0900][gc,cpu        ] GC(23) User=0.08s Sys=0.02s Real=0.02s
[2023-07-10T19:24:59.634+0900][gc,start      ] GC(24) Pause Young (Normal) (G1 Evacuation Pause)
[2023-07-10T19:24:59.634+0900][gc,task       ] GC(24) Using 9 workers of 9 for evacuation
[2023-07-10T19:24:59.656+0900][gc,mmu        ] GC(24) MMU target violated: 21.0ms (20.0ms/21.0ms)
[2023-07-10T19:24:59.657+0900][gc,phases     ] GC(24)   Pre Evacuate Collection Set: 0.5ms
[2023-07-10T19:24:59.657+0900][gc,phases     ] GC(24)   Evacuate Collection Set: 20.6ms
[2023-07-10T19:24:59.657+0900][gc,phases     ] GC(24)   Post Evacuate Collection Set: 0.4ms
[2023-07-10T19:24:59.657+0900][gc,phases     ] GC(24)   Other: 1.4ms
[2023-07-10T19:24:59.657+0900][gc,heap       ] GC(24) Eden regions: 88->0(84)
[2023-07-10T19:24:59.657+0900][gc,heap       ] GC(24) Survivor regions: 8->10(12)
[2023-07-10T19:24:59.657+0900][gc,heap       ] GC(24) Old regions: 54->58
[2023-07-10T19:24:59.657+0900][gc,heap       ] GC(24) Humongous regions: 129->129
[2023-07-10T19:24:59.657+0900][gc,metaspace  ] GC(24) Metaspace: 51459K->51459K(1095680K)
[2023-07-10T19:24:59.657+0900][gc            ] GC(24) Pause Young (Normal) (G1 Evacuation Pause) 278M->196M(1024M) 22.987ms
[2023-07-10T19:24:59.657+0900][gc,cpu        ] GC(24) User=0.09s Sys=0.06s Real=0.02s
[2023-07-10T19:29:46.477+0900][gc,start      ] GC(25) Pause Young (Normal) (G1 Evacuation Pause)
[2023-07-10T19:29:46.479+0900][gc,task       ] GC(25) Using 9 workers of 9 for evacuation
[2023-07-10T19:29:46.516+0900][gc,mmu        ] GC(25) MMU target violated: 21.0ms (20.0ms/21.0ms)
[2023-07-10T19:29:46.516+0900][gc,phases     ] GC(25)   Pre Evacuate Collection Set: 0.5ms
[2023-07-10T19:29:46.516+0900][gc,phases     ] GC(25)   Evacuate Collection Set: 35.9ms
[2023-07-10T19:29:46.516+0900][gc,phases     ] GC(25)   Post Evacuate Collection Set: 0.5ms
[2023-07-10T19:29:46.516+0900][gc,phases     ] GC(25)   Other: 2.9ms
[2023-07-10T19:29:46.516+0900][gc,heap       ] GC(25) Eden regions: 84->0(82)
[2023-07-10T19:29:46.516+0900][gc,heap       ] GC(25) Survivor regions: 10->12(12)
[2023-07-10T19:29:46.516+0900][gc,heap       ] GC(25) Old regions: 58->62
[2023-07-10T19:29:46.516+0900][gc,heap       ] GC(25) Humongous regions: 129->129
[2023-07-10T19:29:46.516+0900][gc,metaspace  ] GC(25) Metaspace: 51500K->51500K(1095680K)
[2023-07-10T19:29:46.516+0900][gc            ] GC(25) Pause Young (Normal) (G1 Evacuation Pause) 280M->201M(1024M) 39.690ms
[2023-07-10T19:29:46.516+0900][gc,cpu        ] GC(25) User=0.07s Sys=0.03s Real=0.04s
[2023-07-10T19:34:18.231+0900][gc,start      ] GC(26) Pause Young (Normal) (G1 Evacuation Pause)
[2023-07-10T19:34:18.233+0900][gc,task       ] GC(26) Using 9 workers of 9 for evacuation
[2023-07-10T19:34:18.258+0900][gc,mmu        ] GC(26) MMU target violated: 21.0ms (20.0ms/21.0ms)
[2023-07-10T19:34:18.258+0900][gc,phases     ] GC(26)   Pre Evacuate Collection Set: 0.2ms
[2023-07-10T19:34:18.258+0900][gc,phases     ] GC(26)   Evacuate Collection Set: 22.7ms
[2023-07-10T19:34:18.258+0900][gc,phases     ] GC(26)   Post Evacuate Collection Set: 0.5ms
[2023-07-10T19:34:18.258+0900][gc,phases     ] GC(26)   Other: 3.3ms
[2023-07-10T19:34:18.258+0900][gc,heap       ] GC(26) Eden regions: 77->0(90)
[2023-07-10T19:34:18.258+0900][gc,heap       ] GC(26) Survivor regions: 12->6(12)
[2023-07-10T19:34:18.258+0900][gc,heap       ] GC(26) Old regions: 62->67
[2023-07-10T19:34:18.258+0900][gc,heap       ] GC(26) Humongous regions: 129->129
[2023-07-10T19:34:18.258+0900][gc,metaspace  ] GC(26) Metaspace: 51525K->51525K(1095680K)
[2023-07-10T19:34:18.258+0900][gc            ] GC(26) Pause Young (Normal) (G1 Evacuation Pause) 278M->201M(1024M) 26.696ms
[2023-07-10T19:34:18.258+0900][gc,cpu        ] GC(26) User=0.08s Sys=0.04s Real=0.02s
[2023-07-10T19:39:26.922+0900][gc,start      ] GC(27) Pause Young (Normal) (G1 Evacuation Pause)
[2023-07-10T19:39:26.924+0900][gc,task       ] GC(27) Using 9 workers of 9 for evacuation
[2023-07-10T19:39:26.939+0900][gc,phases     ] GC(27)   Pre Evacuate Collection Set: 0.6ms
[2023-07-10T19:39:26.939+0900][gc,phases     ] GC(27)   Evacuate Collection Set: 13.4ms
[2023-07-10T19:39:26.939+0900][gc,phases     ] GC(27)   Post Evacuate Collection Set: 0.5ms
[2023-07-10T19:39:26.939+0900][gc,phases     ] GC(27)   Other: 2.8ms
[2023-07-10T19:39:26.939+0900][gc,heap       ] GC(27) Eden regions: 87->0(90)
[2023-07-10T19:39:26.939+0900][gc,heap       ] GC(27) Survivor regions: 6->6(12)
[2023-07-10T19:39:26.939+0900][gc,heap       ] GC(27) Old regions: 67->67
[2023-07-10T19:39:26.939+0900][gc,heap       ] GC(27) Humongous regions: 129->129
[2023-07-10T19:39:26.939+0900][gc,metaspace  ] GC(27) Metaspace: 51526K->51526K(1095680K)
[2023-07-10T19:39:26.939+0900][gc            ] GC(27) Pause Young (Normal) (G1 Evacuation Pause) 288M->201M(1024M) 17.265ms
[2023-07-10T19:39:26.939+0900][gc,cpu        ] GC(27) User=0.03s Sys=0.05s Real=0.01s
[2023-07-10T19:44:35.810+0900][gc,start      ] GC(28) Pause Young (Normal) (G1 Evacuation Pause)
[2023-07-10T19:44:35.812+0900][gc,task       ] GC(28) Using 9 workers of 9 for evacuation
[2023-07-10T19:44:35.831+0900][gc,phases     ] GC(28)   Pre Evacuate Collection Set: 0.4ms
[2023-07-10T19:44:35.831+0900][gc,phases     ] GC(28)   Evacuate Collection Set: 17.5ms
[2023-07-10T19:44:35.831+0900][gc,phases     ] GC(28)   Post Evacuate Collection Set: 0.5ms
[2023-07-10T19:44:35.832+0900][gc,phases     ] GC(28)   Other: 2.8ms
[2023-07-10T19:44:35.832+0900][gc,heap       ] GC(28) Eden regions: 87->0(94)
[2023-07-10T19:44:35.832+0900][gc,heap       ] GC(28) Survivor regions: 6->6(12)
[2023-07-10T19:44:35.832+0900][gc,heap       ] GC(28) Old regions: 67->67
[2023-07-10T19:44:35.832+0900][gc,heap       ] GC(28) Humongous regions: 129->129
[2023-07-10T19:44:35.832+0900][gc,metaspace  ] GC(28) Metaspace: 51533K->51533K(1095680K)
[2023-07-10T19:44:35.832+0900][gc            ] GC(28) Pause Young (Normal) (G1 Evacuation Pause) 288M->201M(1024M) 21.182ms
[2023-07-10T19:44:35.832+0900][gc,cpu        ] GC(28) User=0.05s Sys=0.02s Real=0.02s
[2023-07-10T19:50:01.672+0900][gc,start      ] GC(29) Pause Young (Normal) (G1 Evacuation Pause)
[2023-07-10T19:50:01.674+0900][gc,task       ] GC(29) Using 9 workers of 9 for evacuation
[2023-07-10T19:50:01.700+0900][gc,mmu        ] GC(29) MMU target violated: 21.0ms (20.0ms/21.0ms)
[2023-07-10T19:50:01.700+0900][gc,phases     ] GC(29)   Pre Evacuate Collection Set: 0.2ms
[2023-07-10T19:50:01.700+0900][gc,phases     ] GC(29)   Evacuate Collection Set: 25.0ms
[2023-07-10T19:50:01.700+0900][gc,phases     ] GC(29)   Post Evacuate Collection Set: 0.3ms
[2023-07-10T19:50:01.700+0900][gc,phases     ] GC(29)   Other: 2.8ms
[2023-07-10T19:50:01.700+0900][gc,heap       ] GC(29) Eden regions: 92->0(96)
[2023-07-10T19:50:01.700+0900][gc,heap       ] GC(29) Survivor regions: 6->7(13)
[2023-07-10T19:50:01.700+0900][gc,heap       ] GC(29) Old regions: 67->67
[2023-07-10T19:50:01.700+0900][gc,heap       ] GC(29) Humongous regions: 129->129
[2023-07-10T19:50:01.700+0900][gc,metaspace  ] GC(29) Metaspace: 51536K->51536K(1095680K)
[2023-07-10T19:50:01.700+0900][gc            ] GC(29) Pause Young (Normal) (G1 Evacuation Pause) 293M->201M(1024M) 28.184ms
[2023-07-10T19:50:01.700+0900][gc,cpu        ] GC(29) User=0.05s Sys=0.02s Real=0.03s
[2023-07-10T19:55:40.671+0900][gc,start      ] GC(30) Pause Young (Normal) (G1 Evacuation Pause)
[2023-07-10T19:55:40.673+0900][gc,task       ] GC(30) Using 9 workers of 9 for evacuation
[2023-07-10T19:55:40.681+0900][gc,phases     ] GC(30)   Pre Evacuate Collection Set: 0.3ms
[2023-07-10T19:55:40.681+0900][gc,phases     ] GC(30)   Evacuate Collection Set: 6.9ms
[2023-07-10T19:55:40.681+0900][gc,phases     ] GC(30)   Post Evacuate Collection Set: 0.5ms
[2023-07-10T19:55:40.681+0900][gc,phases     ] GC(30)   Other: 2.1ms
[2023-07-10T19:55:40.681+0900][gc,heap       ] GC(30) Eden regions: 96->0(609)
[2023-07-10T19:55:40.681+0900][gc,heap       ] GC(30) Survivor regions: 7->5(13)
[2023-07-10T19:55:40.681+0900][gc,heap       ] GC(30) Old regions: 67->67
[2023-07-10T19:55:40.681+0900][gc,heap       ] GC(30) Humongous regions: 129->129
[2023-07-10T19:55:40.681+0900][gc,metaspace  ] GC(30) Metaspace: 51539K->51539K(1095680K)
[2023-07-10T19:55:40.681+0900][gc            ] GC(30) Pause Young (Normal) (G1 Evacuation Pause) 297M->200M(1024M) 9.958ms
[2023-07-10T19:55:40.681+0900][gc,cpu        ] GC(30) User=0.05s Sys=0.01s Real=0.01s
[2023-07-10T21:19:04.253+0900][gc,start      ] GC(31) Pause Young (Normal) (G1 Evacuation Pause)
[2023-07-10T21:19:04.255+0900][gc,task       ] GC(31) Using 9 workers of 9 for evacuation
[2023-07-10T21:19:04.281+0900][gc,mmu        ] GC(31) MMU target violated: 21.0ms (20.0ms/21.0ms)
[2023-07-10T21:19:04.281+0900][gc,phases     ] GC(31)   Pre Evacuate Collection Set: 0.9ms
[2023-07-10T21:19:04.281+0900][gc,phases     ] GC(31)   Evacuate Collection Set: 21.9ms
[2023-07-10T21:19:04.281+0900][gc,phases     ] GC(31)   Post Evacuate Collection Set: 1.6ms
[2023-07-10T21:19:04.282+0900][gc,phases     ] GC(31)   Other: 4.5ms
[2023-07-10T21:19:04.282+0900][gc,heap       ] GC(31) Eden regions: 609->0(608)
[2023-07-10T21:19:04.282+0900][gc,heap       ] GC(31) Survivor regions: 5->6(77)
[2023-07-10T21:19:04.282+0900][gc,heap       ] GC(31) Old regions: 67->67
[2023-07-10T21:19:04.282+0900][gc,heap       ] GC(31) Humongous regions: 129->129
[2023-07-10T21:19:04.282+0900][gc,metaspace  ] GC(31) Metaspace: 51659K->51659K(1095680K)
[2023-07-10T21:19:04.282+0900][gc            ] GC(31) Pause Young (Normal) (G1 Evacuation Pause) 809M->201M(1024M) 28.823ms
[2023-07-10T21:19:04.282+0900][gc,cpu        ] GC(31) User=0.04s Sys=0.04s Real=0.03s
[2023-07-10T21:55:27.296+0900][gc,start      ] GC(32) Pause Young (Normal) (G1 Evacuation Pause)
[2023-07-10T21:55:27.298+0900][gc,task       ] GC(32) Using 9 workers of 9 for evacuation
[2023-07-10T21:55:27.345+0900][gc,mmu        ] GC(32) MMU target violated: 21.0ms (20.0ms/21.0ms)
[2023-07-10T21:55:27.345+0900][gc,phases     ] GC(32)   Pre Evacuate Collection Set: 0.4ms
[2023-07-10T21:55:27.345+0900][gc,phases     ] GC(32)   Evacuate Collection Set: 41.8ms
[2023-07-10T21:55:27.345+0900][gc,phases     ] GC(32)   Post Evacuate Collection Set: 2.6ms
[2023-07-10T21:55:27.345+0900][gc,phases     ] GC(32)   Other: 5.0ms
[2023-07-10T21:55:27.345+0900][gc,heap       ] GC(32) Eden regions: 608->0(44)
[2023-07-10T21:55:27.345+0900][gc,heap       ] GC(32) Survivor regions: 6->7(77)
[2023-07-10T21:55:27.345+0900][gc,heap       ] GC(32) Old regions: 67->67
[2023-07-10T21:55:27.345+0900][gc,heap       ] GC(32) Humongous regions: 129->129
[2023-07-10T21:55:27.345+0900][gc,metaspace  ] GC(32) Metaspace: 51719K->51719K(1095680K)
[2023-07-10T21:55:27.345+0900][gc            ] GC(32) Pause Young (Normal) (G1 Evacuation Pause) 809M->202M(1024M) 49.347ms
[2023-07-10T21:55:27.345+0900][gc,cpu        ] GC(32) User=0.08s Sys=0.15s Real=0.05s
[2023-07-10T21:58:01.936+0900][gc,start      ] GC(33) Pause Young (Normal) (G1 Evacuation Pause)
[2023-07-10T21:58:01.938+0900][gc,task       ] GC(33) Using 9 workers of 9 for evacuation
[2023-07-10T21:58:01.964+0900][gc,mmu        ] GC(33) MMU target violated: 21.0ms (20.0ms/21.0ms)
[2023-07-10T21:58:01.964+0900][gc,phases     ] GC(33)   Pre Evacuate Collection Set: 0.6ms
[2023-07-10T21:58:01.964+0900][gc,phases     ] GC(33)   Evacuate Collection Set: 23.7ms
[2023-07-10T21:58:01.964+0900][gc,phases     ] GC(33)   Post Evacuate Collection Set: 0.9ms
[2023-07-10T21:58:01.964+0900][gc,phases     ] GC(33)   Other: 2.7ms
[2023-07-10T21:58:01.964+0900][gc,heap       ] GC(33) Eden regions: 44->0(48)
[2023-07-10T21:58:01.964+0900][gc,heap       ] GC(33) Survivor regions: 7->3(7)
[2023-07-10T21:58:01.964+0900][gc,heap       ] GC(33) Old regions: 67->70
[2023-07-10T21:58:01.964+0900][gc,heap       ] GC(33) Humongous regions: 129->129
[2023-07-10T21:58:01.964+0900][gc,metaspace  ] GC(33) Metaspace: 51719K->51719K(1095680K)
[2023-07-10T21:58:01.964+0900][gc            ] GC(33) Pause Young (Normal) (G1 Evacuation Pause) 246M->201M(1024M) 27.904ms
[2023-07-10T21:58:01.964+0900][gc,cpu        ] GC(33) User=0.05s Sys=0.05s Real=0.03s
[2023-07-10T22:00:51.953+0900][gc,start      ] GC(34) Pause Young (Normal) (G1 Evacuation Pause)
[2023-07-10T22:00:51.955+0900][gc,task       ] GC(34) Using 9 workers of 9 for evacuation
[2023-07-10T22:00:51.967+0900][gc,phases     ] GC(34)   Pre Evacuate Collection Set: 0.1ms
[2023-07-10T22:00:51.968+0900][gc,phases     ] GC(34)   Evacuate Collection Set: 11.3ms
[2023-07-10T22:00:51.968+0900][gc,phases     ] GC(34)   Post Evacuate Collection Set: 0.7ms
[2023-07-10T22:00:51.968+0900][gc,phases     ] GC(34)   Other: 2.2ms
[2023-07-10T22:00:51.968+0900][gc,heap       ] GC(34) Eden regions: 48->0(46)
[2023-07-10T22:00:51.968+0900][gc,heap       ] GC(34) Survivor regions: 3->5(7)
[2023-07-10T22:00:51.968+0900][gc,heap       ] GC(34) Old regions: 70->70
[2023-07-10T22:00:51.968+0900][gc,heap       ] GC(34) Humongous regions: 129->129
[2023-07-10T22:00:51.968+0900][gc,metaspace  ] GC(34) Metaspace: 51719K->51719K(1095680K)
[2023-07-10T22:00:51.968+0900][gc            ] GC(34) Pause Young (Normal) (G1 Evacuation Pause) 249M->202M(1024M) 14.479ms
[2023-07-10T22:00:51.968+0900][gc,cpu        ] GC(34) User=0.05s Sys=0.02s Real=0.01s
[2023-07-10T22:03:35.479+0900][gc,start      ] GC(35) Pause Young (Normal) (G1 Evacuation Pause)
[2023-07-10T22:03:35.480+0900][gc,task       ] GC(35) Using 9 workers of 9 for evacuation
[2023-07-10T22:03:35.501+0900][gc,mmu        ] GC(35) MMU target violated: 20.5ms (20.0ms/21.0ms)
[2023-07-10T22:03:35.501+0900][gc,phases     ] GC(35)   Pre Evacuate Collection Set: 0.2ms
[2023-07-10T22:03:35.501+0900][gc,phases     ] GC(35)   Evacuate Collection Set: 19.5ms
[2023-07-10T22:03:35.501+0900][gc,phases     ] GC(35)   Post Evacuate Collection Set: 0.3ms
[2023-07-10T22:03:35.501+0900][gc,phases     ] GC(35)   Other: 2.3ms
[2023-07-10T22:03:35.501+0900][gc,heap       ] GC(35) Eden regions: 46->0(44)
[2023-07-10T22:03:35.501+0900][gc,heap       ] GC(35) Survivor regions: 5->7(7)
[2023-07-10T22:03:35.501+0900][gc,heap       ] GC(35) Old regions: 70->71
[2023-07-10T22:03:35.501+0900][gc,heap       ] GC(35) Humongous regions: 129->129
[2023-07-10T22:03:35.501+0900][gc,metaspace  ] GC(35) Metaspace: 51719K->51719K(1095680K)
[2023-07-10T22:03:35.501+0900][gc            ] GC(35) Pause Young (Normal) (G1 Evacuation Pause) 248M->206M(1024M) 22.383ms
[2023-07-10T22:03:35.501+0900][gc,cpu        ] GC(35) User=0.06s Sys=0.01s Real=0.03s
[2023-07-10T22:06:10.249+0900][gc,start      ] GC(36) Pause Young (Normal) (G1 Evacuation Pause)
[2023-07-10T22:06:10.249+0900][gc,task       ] GC(36) Using 9 workers of 9 for evacuation
[2023-07-10T22:06:10.258+0900][gc,phases     ] GC(36)   Pre Evacuate Collection Set: 0.1ms
[2023-07-10T22:06:10.258+0900][gc,phases     ] GC(36)   Evacuate Collection Set: 8.2ms
[2023-07-10T22:06:10.258+0900][gc,phases     ] GC(36)   Post Evacuate Collection Set: 0.4ms
[2023-07-10T22:06:10.258+0900][gc,phases     ] GC(36)   Other: 0.7ms
[2023-07-10T22:06:10.258+0900][gc,heap       ] GC(36) Eden regions: 44->0(61)
[2023-07-10T22:06:10.258+0900][gc,heap       ] GC(36) Survivor regions: 7->4(7)
[2023-07-10T22:06:10.258+0900][gc,heap       ] GC(36) Old regions: 71->76
[2023-07-10T22:06:10.258+0900][gc,heap       ] GC(36) Humongous regions: 129->129
[2023-07-10T22:06:10.258+0900][gc,metaspace  ] GC(36) Metaspace: 51721K->51721K(1095680K)
[2023-07-10T22:06:10.258+0900][gc            ] GC(36) Pause Young (Normal) (G1 Evacuation Pause) 250M->208M(1024M) 9.603ms
[2023-07-10T22:06:10.258+0900][gc,cpu        ] GC(36) User=0.04s Sys=0.01s Real=0.01s
[2023-07-10T22:09:45.423+0900][gc,start      ] GC(37) Pause Young (Normal) (G1 Evacuation Pause)
[2023-07-10T22:09:45.425+0900][gc,task       ] GC(37) Using 9 workers of 9 for evacuation
[2023-07-10T22:09:45.446+0900][gc,mmu        ] GC(37) MMU target violated: 20.8ms (20.0ms/21.0ms)
[2023-07-10T22:09:45.446+0900][gc,phases     ] GC(37)   Pre Evacuate Collection Set: 0.2ms
[2023-07-10T22:09:45.446+0900][gc,phases     ] GC(37)   Evacuate Collection Set: 19.7ms
[2023-07-10T22:09:45.446+0900][gc,phases     ] GC(37)   Post Evacuate Collection Set: 0.4ms
[2023-07-10T22:09:45.446+0900][gc,phases     ] GC(37)   Other: 3.0ms
[2023-07-10T22:09:45.446+0900][gc,heap       ] GC(37) Eden regions: 61->0(58)
[2023-07-10T22:09:45.446+0900][gc,heap       ] GC(37) Survivor regions: 4->7(9)
[2023-07-10T22:09:45.446+0900][gc,heap       ] GC(37) Old regions: 76->76
[2023-07-10T22:09:45.446+0900][gc,heap       ] GC(37) Humongous regions: 129->129
[2023-07-10T22:09:45.446+0900][gc,metaspace  ] GC(37) Metaspace: 51723K->51723K(1095680K)
[2023-07-10T22:09:45.446+0900][gc            ] GC(37) Pause Young (Normal) (G1 Evacuation Pause) 269M->211M(1024M) 23.361ms
[2023-07-10T22:09:45.446+0900][gc,cpu        ] GC(37) User=0.06s Sys=0.03s Real=0.02s
[2023-07-10T22:13:11.798+0900][gc,start      ] GC(38) Pause Young (Normal) (G1 Evacuation Pause)
[2023-07-10T22:13:11.800+0900][gc,task       ] GC(38) Using 9 workers of 9 for evacuation
[2023-07-10T22:13:11.812+0900][gc,phases     ] GC(38)   Pre Evacuate Collection Set: 1.6ms
[2023-07-10T22:13:11.812+0900][gc,phases     ] GC(38)   Evacuate Collection Set: 9.9ms
[2023-07-10T22:13:11.812+0900][gc,phases     ] GC(38)   Post Evacuate Collection Set: 0.4ms
[2023-07-10T22:13:11.812+0900][gc,phases     ] GC(38)   Other: 2.6ms
[2023-07-10T22:13:11.812+0900][gc,heap       ] GC(38) Eden regions: 58->0(64)
[2023-07-10T22:13:11.812+0900][gc,heap       ] GC(38) Survivor regions: 7->8(9)
[2023-07-10T22:13:11.812+0900][gc,heap       ] GC(38) Old regions: 76->79
[2023-07-10T22:13:11.812+0900][gc,heap       ] GC(38) Humongous regions: 129->129
[2023-07-10T22:13:11.812+0900][gc,metaspace  ] GC(38) Metaspace: 51728K->51728K(1095680K)
[2023-07-10T22:13:11.812+0900][gc            ] GC(38) Pause Young (Normal) (G1 Evacuation Pause) 269M->215M(1024M) 14.636ms
[2023-07-10T22:13:11.812+0900][gc,cpu        ] GC(38) User=0.08s Sys=0.00s Real=0.02s
[2023-07-10T22:16:47.362+0900][gc,start      ] GC(39) Pause Young (Normal) (G1 Evacuation Pause)
[2023-07-10T22:16:47.368+0900][gc,task       ] GC(39) Using 9 workers of 9 for evacuation
[2023-07-10T22:16:47.392+0900][gc,mmu        ] GC(39) MMU target violated: 21.0ms (20.0ms/21.0ms)
[2023-07-10T22:16:47.392+0900][gc,phases     ] GC(39)   Pre Evacuate Collection Set: 1.5ms
[2023-07-10T22:16:47.392+0900][gc,phases     ] GC(39)   Evacuate Collection Set: 19.8ms
[2023-07-10T22:16:47.392+0900][gc,phases     ] GC(39)   Post Evacuate Collection Set: 0.8ms
[2023-07-10T22:16:47.392+0900][gc,phases     ] GC(39)   Other: 8.3ms
[2023-07-10T22:16:47.392+0900][gc,heap       ] GC(39) Eden regions: 64->0(64)
[2023-07-10T22:16:47.392+0900][gc,heap       ] GC(39) Survivor regions: 8->9(9)
[2023-07-10T22:16:47.392+0900][gc,heap       ] GC(39) Old regions: 79->82
[2023-07-10T22:16:47.392+0900][gc,heap       ] GC(39) Humongous regions: 129->129
[2023-07-10T22:16:47.392+0900][gc,metaspace  ] GC(39) Metaspace: 51729K->51729K(1095680K)
[2023-07-10T22:16:47.392+0900][gc            ] GC(39) Pause Young (Normal) (G1 Evacuation Pause) 279M->218M(1024M) 30.290ms
[2023-07-10T22:16:47.392+0900][gc,cpu        ] GC(39) User=0.08s Sys=0.04s Real=0.03s
[2023-07-10T22:20:16.756+0900][gc,start      ] GC(40) Pause Young (Normal) (G1 Evacuation Pause)
[2023-07-10T22:20:16.757+0900][gc,task       ] GC(40) Using 9 workers of 9 for evacuation
[2023-07-10T22:20:16.774+0900][gc,phases     ] GC(40)   Pre Evacuate Collection Set: 0.1ms
[2023-07-10T22:20:16.774+0900][gc,phases     ] GC(40)   Evacuate Collection Set: 15.8ms
[2023-07-10T22:20:16.774+0900][gc,phases     ] GC(40)   Post Evacuate Collection Set: 0.4ms
[2023-07-10T22:20:16.774+0900][gc,phases     ] GC(40)   Other: 1.5ms
[2023-07-10T22:20:16.774+0900][gc,heap       ] GC(40) Eden regions: 59->0(81)
[2023-07-10T22:20:16.774+0900][gc,heap       ] GC(40) Survivor regions: 9->5(9)
[2023-07-10T22:20:16.774+0900][gc,heap       ] GC(40) Old regions: 82->85
[2023-07-10T22:20:16.774+0900][gc,heap       ] GC(40) Humongous regions: 129->129
[2023-07-10T22:20:16.774+0900][gc,metaspace  ] GC(40) Metaspace: 51730K->51730K(1095680K)
[2023-07-10T22:20:16.774+0900][gc            ] GC(40) Pause Young (Normal) (G1 Evacuation Pause) 277M->218M(1024M) 17.996ms
[2023-07-10T22:20:16.774+0900][gc,cpu        ] GC(40) User=0.05s Sys=0.02s Real=0.02s
[2023-07-10T22:24:30.453+0900][gc,start      ] GC(41) Pause Young (Normal) (G1 Evacuation Pause)
[2023-07-10T22:24:30.454+0900][gc,task       ] GC(41) Using 9 workers of 9 for evacuation
[2023-07-10T22:24:30.478+0900][gc,mmu        ] GC(41) MMU target violated: 21.0ms (20.0ms/21.0ms)
[2023-07-10T22:24:30.478+0900][gc,phases     ] GC(41)   Pre Evacuate Collection Set: 0.7ms
[2023-07-10T22:24:30.478+0900][gc,phases     ] GC(41)   Evacuate Collection Set: 21.1ms
[2023-07-10T22:24:30.478+0900][gc,phases     ] GC(41)   Post Evacuate Collection Set: 0.4ms
[2023-07-10T22:24:30.478+0900][gc,phases     ] GC(41)   Other: 2.7ms
[2023-07-10T22:24:30.478+0900][gc,heap       ] GC(41) Eden regions: 74->0(86)
[2023-07-10T22:24:30.478+0900][gc,heap       ] GC(41) Survivor regions: 5->5(10)
[2023-07-10T22:24:30.478+0900][gc,heap       ] GC(41) Old regions: 85->85
[2023-07-10T22:24:30.478+0900][gc,heap       ] GC(41) Humongous regions: 129->129
[2023-07-10T22:24:30.478+0900][gc,metaspace  ] GC(41) Metaspace: 51931K->51931K(1095680K)
[2023-07-10T22:24:30.478+0900][gc            ] GC(41) Pause Young (Normal) (G1 Evacuation Pause) 292M->217M(1024M) 24.850ms
[2023-07-10T22:24:30.478+0900][gc,cpu        ] GC(41) User=0.02s Sys=0.03s Real=0.02s
[2023-07-10T22:28:32.695+0900][gc,start      ] GC(42) Pause Young (Normal) (G1 Evacuation Pause)
[2023-07-10T22:28:32.696+0900][gc,task       ] GC(42) Using 9 workers of 9 for evacuation
[2023-07-10T22:28:32.704+0900][gc,phases     ] GC(42)   Pre Evacuate Collection Set: 0.1ms
[2023-07-10T22:28:32.704+0900][gc,phases     ] GC(42)   Evacuate Collection Set: 6.8ms
[2023-07-10T22:28:32.704+0900][gc,phases     ] GC(42)   Post Evacuate Collection Set: 0.4ms
[2023-07-10T22:28:32.704+0900][gc,phases     ] GC(42)   Other: 2.2ms
[2023-07-10T22:28:32.704+0900][gc,heap       ] GC(42) Eden regions: 76->0(96)
[2023-07-10T22:28:32.704+0900][gc,heap       ] GC(42) Survivor regions: 5->6(11)
[2023-07-10T22:28:32.704+0900][gc,heap       ] GC(42) Old regions: 85->85
[2023-07-10T22:28:32.704+0900][gc,heap       ] GC(42) Humongous regions: 129->129
[2023-07-10T22:28:32.704+0900][gc,metaspace  ] GC(42) Metaspace: 51951K->51951K(1095680K)
[2023-07-10T22:28:32.704+0900][gc            ] GC(42) Pause Young (Normal) (G1 Evacuation Pause) 293M->219M(1024M) 9.561ms
[2023-07-10T22:28:32.704+0900][gc,cpu        ] GC(42) User=0.04s Sys=0.01s Real=0.01s
[2023-07-10T22:33:16.231+0900][gc,start      ] GC(43) Pause Young (Normal) (G1 Evacuation Pause)
[2023-07-10T22:33:16.233+0900][gc,task       ] GC(43) Using 9 workers of 9 for evacuation
[2023-07-10T22:33:16.249+0900][gc,phases     ] GC(43)   Pre Evacuate Collection Set: 0.7ms
[2023-07-10T22:33:16.249+0900][gc,phases     ] GC(43)   Evacuate Collection Set: 14.3ms
[2023-07-10T22:33:16.249+0900][gc,phases     ] GC(43)   Post Evacuate Collection Set: 0.5ms
[2023-07-10T22:33:16.249+0900][gc,phases     ] GC(43)   Other: 2.2ms
[2023-07-10T22:33:16.249+0900][gc,heap       ] GC(43) Eden regions: 87->0(93)
[2023-07-10T22:33:16.249+0900][gc,heap       ] GC(43) Survivor regions: 6->5(12)
[2023-07-10T22:33:16.249+0900][gc,heap       ] GC(43) Old regions: 85->85
[2023-07-10T22:33:16.249+0900][gc,heap       ] GC(43) Humongous regions: 129->129
[2023-07-10T22:33:16.249+0900][gc,metaspace  ] GC(43) Metaspace: 51979K->51979K(1095680K)
[2023-07-10T22:33:16.249+0900][gc            ] GC(43) Pause Young (Normal) (G1 Evacuation Pause) 306M->218M(1024M) 17.787ms
[2023-07-10T22:33:16.249+0900][gc,cpu        ] GC(43) User=0.04s Sys=0.05s Real=0.01s
[2023-07-10T22:38:07.272+0900][gc,start      ] GC(44) Pause Young (Normal) (G1 Evacuation Pause)
[2023-07-10T22:38:07.274+0900][gc,task       ] GC(44) Using 9 workers of 9 for evacuation
[2023-07-10T22:38:07.291+0900][gc,phases     ] GC(44)   Pre Evacuate Collection Set: 0.7ms
[2023-07-10T22:38:07.291+0900][gc,phases     ] GC(44)   Evacuate Collection Set: 14.9ms
[2023-07-10T22:38:07.291+0900][gc,phases     ] GC(44)   Post Evacuate Collection Set: 0.6ms
[2023-07-10T22:38:07.291+0900][gc,phases     ] GC(44)   Other: 3.0ms
[2023-07-10T22:38:07.291+0900][gc,heap       ] GC(44) Eden regions: 82->0(88)
[2023-07-10T22:38:07.291+0900][gc,heap       ] GC(44) Survivor regions: 5->4(11)
[2023-07-10T22:38:07.291+0900][gc,heap       ] GC(44) Old regions: 85->85
[2023-07-10T22:38:07.291+0900][gc,heap       ] GC(44) Humongous regions: 129->129
[2023-07-10T22:38:07.291+0900][gc,metaspace  ] GC(44) Metaspace: 51986K->51986K(1095680K)
[2023-07-10T22:38:07.291+0900][gc            ] GC(44) Pause Young (Normal) (G1 Evacuation Pause) 300M->217M(1024M) 19.270ms
[2023-07-10T22:38:07.291+0900][gc,cpu        ] GC(44) User=0.04s Sys=0.06s Real=0.02s
[2023-07-10T22:40:19.427+0900][gc,heap,exit  ] Heap
[2023-07-10T22:40:19.428+0900][gc,heap,exit  ]  garbage-first heap   total 1048576K, used 271059K [0x00000007c0000000, 0x0000000800000000)
[2023-07-10T22:40:19.428+0900][gc,heap,exit  ]   region size 1024K, 52 young (53248K), 4 survivors (4096K)
[2023-07-10T22:40:19.428+0900][gc,heap,exit  ]  Metaspace       used 52671K, capacity 55887K, committed 56192K, reserved 1097728K
[2023-07-10T22:40:19.428+0900][gc,heap,exit  ]   class space    used 6718K, capacity 8236K, committed 8320K, reserved 1048576K
