[2023-07-10T11:44:03.582+0900][gc,heap] Heap region size: 1M
[2023-07-10T11:44:03.589+0900][gc     ] Using G1
[2023-07-10T11:44:03.589+0900][gc,heap,coops] Heap address: 0x00000007c0000000, size: 1024 MB, Compressed Oops mode: Zero based, Oop shift amount: 3
[2023-07-10T11:44:04.831+0900][gc,start     ] GC(0) Pause Young (Concurrent Start) (Metadata GC Threshold)
[2023-07-10T11:44:04.831+0900][gc,task      ] GC(0) Using 9 workers of 9 for evacuation
[2023-07-10T11:44:04.842+0900][gc,phases    ] GC(0)   Pre Evacuate Collection Set: 0.0ms
[2023-07-10T11:44:04.842+0900][gc,phases    ] GC(0)   Evacuate Collection Set: 9.5ms
[2023-07-10T11:44:04.842+0900][gc,phases    ] GC(0)   Post Evacuate Collection Set: 0.4ms
[2023-07-10T11:44:04.842+0900][gc,phases    ] GC(0)   Other: 0.7ms
[2023-07-10T11:44:04.842+0900][gc,heap      ] GC(0) Eden regions: 47->0(44)
[2023-07-10T11:44:04.842+0900][gc,heap      ] GC(0) Survivor regions: 0->7(7)
[2023-07-10T11:44:04.842+0900][gc,heap      ] GC(0) Old regions: 0->0
[2023-07-10T11:44:04.842+0900][gc,heap      ] GC(0) Humongous regions: 0->0
[2023-07-10T11:44:04.842+0900][gc,metaspace ] GC(0) Metaspace: 20626K->20626K(1069056K)
[2023-07-10T11:44:04.842+0900][gc           ] GC(0) Pause Young (Concurrent Start) (Metadata GC Threshold) 46M->6M(1024M) 10.796ms
[2023-07-10T11:44:04.842+0900][gc,cpu       ] GC(0) User=0.04s Sys=0.02s Real=0.01s
[2023-07-10T11:44:04.842+0900][gc           ] GC(1) Concurrent Cycle
[2023-07-10T11:44:04.842+0900][gc,marking   ] GC(1) Concurrent Clear Claimed Marks
[2023-07-10T11:44:04.842+0900][gc,marking   ] GC(1) Concurrent Clear Claimed Marks 0.048ms
[2023-07-10T11:44:04.842+0900][gc,marking   ] GC(1) Concurrent Scan Root Regions
[2023-07-10T11:44:04.845+0900][gc,marking   ] GC(1) Concurrent Scan Root Regions 2.076ms
[2023-07-10T11:44:04.845+0900][gc,marking   ] GC(1) Concurrent Mark (1.269s)
[2023-07-10T11:44:04.845+0900][gc,marking   ] GC(1) Concurrent Mark From Roots
[2023-07-10T11:44:04.845+0900][gc,task      ] GC(1) Using 2 workers of 2 for marking
[2023-07-10T11:44:04.845+0900][gc,marking   ] GC(1) Concurrent Mark From Roots 0.603ms
[2023-07-10T11:44:04.845+0900][gc,marking   ] GC(1) Concurrent Preclean
[2023-07-10T11:44:04.845+0900][gc,marking   ] GC(1) Concurrent Preclean 0.031ms
[2023-07-10T11:44:04.845+0900][gc,marking   ] GC(1) Concurrent Mark (1.269s, 1.270s) 0.793ms
[2023-07-10T11:44:04.846+0900][gc,start     ] GC(1) Pause Remark
[2023-07-10T11:44:04.850+0900][gc,stringtable] GC(1) Cleaned string and symbol table, strings: 7137 processed, 0 removed, symbols: 65884 processed, 29 removed
[2023-07-10T11:44:04.850+0900][gc            ] GC(1) Pause Remark 7M->7M(1024M) 4.280ms
[2023-07-10T11:44:04.850+0900][gc,cpu        ] GC(1) User=0.01s Sys=0.00s Real=0.01s
[2023-07-10T11:44:04.850+0900][gc,marking    ] GC(1) Concurrent Rebuild Remembered Sets
[2023-07-10T11:44:04.850+0900][gc,marking    ] GC(1) Concurrent Rebuild Remembered Sets 0.033ms
[2023-07-10T11:44:04.850+0900][gc,start      ] GC(1) Pause Cleanup
[2023-07-10T11:44:04.851+0900][gc            ] GC(1) Pause Cleanup 7M->7M(1024M) 0.307ms
[2023-07-10T11:44:04.851+0900][gc,cpu        ] GC(1) User=0.00s Sys=0.00s Real=0.00s
[2023-07-10T11:44:04.851+0900][gc,marking    ] GC(1) Concurrent Cleanup for Next Mark
[2023-07-10T11:44:04.855+0900][gc,marking    ] GC(1) Concurrent Cleanup for Next Mark 4.033ms
[2023-07-10T11:44:04.855+0900][gc            ] GC(1) Concurrent Cycle 12.737ms
[2023-07-10T11:44:05.688+0900][gc,start      ] GC(2) Pause Young (Normal) (G1 Evacuation Pause)
[2023-07-10T11:44:05.688+0900][gc,task       ] GC(2) Using 9 workers of 9 for evacuation
[2023-07-10T11:44:05.704+0900][gc,phases     ] GC(2)   Pre Evacuate Collection Set: 0.0ms
[2023-07-10T11:44:05.704+0900][gc,phases     ] GC(2)   Evacuate Collection Set: 15.5ms
[2023-07-10T11:44:05.704+0900][gc,phases     ] GC(2)   Post Evacuate Collection Set: 0.4ms
[2023-07-10T11:44:05.704+0900][gc,phases     ] GC(2)   Other: 0.2ms
[2023-07-10T11:44:05.704+0900][gc,heap       ] GC(2) Eden regions: 44->0(49)
[2023-07-10T11:44:05.704+0900][gc,heap       ] GC(2) Survivor regions: 7->2(7)
[2023-07-10T11:44:05.705+0900][gc,heap       ] GC(2) Old regions: 0->7
[2023-07-10T11:44:05.705+0900][gc,heap       ] GC(2) Humongous regions: 0->0
[2023-07-10T11:44:05.705+0900][gc,metaspace  ] GC(2) Metaspace: 29245K->29245K(1075200K)
[2023-07-10T11:44:05.705+0900][gc            ] GC(2) Pause Young (Normal) (G1 Evacuation Pause) 50M->8M(1024M) 16.275ms
[2023-07-10T11:44:05.705+0900][gc,cpu        ] GC(2) User=0.08s Sys=0.02s Real=0.02s
[2023-07-10T11:44:06.550+0900][gc,start      ] GC(3) Pause Young (Concurrent Start) (Metadata GC Threshold)
[2023-07-10T11:44:06.551+0900][gc,task       ] GC(3) Using 9 workers of 9 for evacuation
[2023-07-10T11:44:06.556+0900][gc,phases     ] GC(3)   Pre Evacuate Collection Set: 0.0ms
[2023-07-10T11:44:06.556+0900][gc,phases     ] GC(3)   Evacuate Collection Set: 4.8ms
[2023-07-10T11:44:06.556+0900][gc,phases     ] GC(3)   Post Evacuate Collection Set: 0.2ms
[2023-07-10T11:44:06.556+0900][gc,phases     ] GC(3)   Other: 0.2ms
[2023-07-10T11:44:06.556+0900][gc,heap       ] GC(3) Eden regions: 36->0(47)
[2023-07-10T11:44:06.556+0900][gc,heap       ] GC(3) Survivor regions: 2->4(7)
[2023-07-10T11:44:06.556+0900][gc,heap       ] GC(3) Old regions: 7->7
[2023-07-10T11:44:06.556+0900][gc,heap       ] GC(3) Humongous regions: 129->129
[2023-07-10T11:44:06.556+0900][gc,metaspace  ] GC(3) Metaspace: 34685K->34685K(1081344K)
[2023-07-10T11:44:06.556+0900][gc            ] GC(3) Pause Young (Concurrent Start) (Metadata GC Threshold) 172M->139M(1024M) 5.225ms
[2023-07-10T11:44:06.556+0900][gc,cpu        ] GC(3) User=0.03s Sys=0.01s Real=0.00s
[2023-07-10T11:44:06.556+0900][gc            ] GC(4) Concurrent Cycle
[2023-07-10T11:44:06.556+0900][gc,marking    ] GC(4) Concurrent Clear Claimed Marks
[2023-07-10T11:44:06.556+0900][gc,marking    ] GC(4) Concurrent Clear Claimed Marks 0.016ms
[2023-07-10T11:44:06.556+0900][gc,marking    ] GC(4) Concurrent Scan Root Regions
[2023-07-10T11:44:06.557+0900][gc,marking    ] GC(4) Concurrent Scan Root Regions 1.011ms
[2023-07-10T11:44:06.557+0900][gc,marking    ] GC(4) Concurrent Mark (2.981s)
[2023-07-10T11:44:06.557+0900][gc,marking    ] GC(4) Concurrent Mark From Roots
[2023-07-10T11:44:06.557+0900][gc,task       ] GC(4) Using 2 workers of 2 for marking
[2023-07-10T11:44:06.561+0900][gc,marking    ] GC(4) Concurrent Mark From Roots 3.961ms
[2023-07-10T11:44:06.561+0900][gc,marking    ] GC(4) Concurrent Preclean
[2023-07-10T11:44:06.561+0900][gc,marking    ] GC(4) Concurrent Preclean 0.061ms
[2023-07-10T11:44:06.561+0900][gc,marking    ] GC(4) Concurrent Mark (2.981s, 2.985s) 4.065ms
[2023-07-10T11:44:06.561+0900][gc,start      ] GC(4) Pause Remark
[2023-07-10T11:44:06.569+0900][gc,stringtable] GC(4) Cleaned string and symbol table, strings: 10867 processed, 11 removed, symbols: 98506 processed, 23 removed
[2023-07-10T11:44:06.569+0900][gc            ] GC(4) Pause Remark 139M->139M(1024M) 8.395ms
[2023-07-10T11:44:06.569+0900][gc,cpu        ] GC(4) User=0.01s Sys=0.01s Real=0.00s
[2023-07-10T11:44:06.569+0900][gc,marking    ] GC(4) Concurrent Rebuild Remembered Sets
[2023-07-10T11:44:06.572+0900][gc,marking    ] GC(4) Concurrent Rebuild Remembered Sets 2.190ms
[2023-07-10T11:44:06.572+0900][gc,start      ] GC(4) Pause Cleanup
[2023-07-10T11:44:06.572+0900][gc            ] GC(4) Pause Cleanup 139M->139M(1024M) 0.148ms
[2023-07-10T11:44:06.572+0900][gc,cpu        ] GC(4) User=0.00s Sys=0.00s Real=0.00s
[2023-07-10T11:44:06.572+0900][gc,marking    ] GC(4) Concurrent Cleanup for Next Mark
[2023-07-10T11:44:06.576+0900][gc,marking    ] GC(4) Concurrent Cleanup for Next Mark 3.537ms
[2023-07-10T11:44:06.576+0900][gc            ] GC(4) Concurrent Cycle 20.230ms
[2023-07-10T11:44:07.176+0900][gc,start      ] GC(5) Pause Young (Normal) (G1 Evacuation Pause)
[2023-07-10T11:44:07.176+0900][gc,task       ] GC(5) Using 9 workers of 9 for evacuation
[2023-07-10T11:44:07.187+0900][gc,phases     ] GC(5)   Pre Evacuate Collection Set: 0.0ms
[2023-07-10T11:44:07.187+0900][gc,phases     ] GC(5)   Evacuate Collection Set: 9.9ms
[2023-07-10T11:44:07.187+0900][gc,phases     ] GC(5)   Post Evacuate Collection Set: 0.4ms
[2023-07-10T11:44:07.187+0900][gc,phases     ] GC(5)   Other: 0.2ms
[2023-07-10T11:44:07.187+0900][gc,heap       ] GC(5) Eden regions: 47->0(44)
[2023-07-10T11:44:07.187+0900][gc,heap       ] GC(5) Survivor regions: 4->7(7)
[2023-07-10T11:44:07.187+0900][gc,heap       ] GC(5) Old regions: 7->7
[2023-07-10T11:44:07.187+0900][gc,heap       ] GC(5) Humongous regions: 129->129
[2023-07-10T11:44:07.187+0900][gc,metaspace  ] GC(5) Metaspace: 42397K->42397K(1087488K)
[2023-07-10T11:44:07.187+0900][gc            ] GC(5) Pause Young (Normal) (G1 Evacuation Pause) 186M->142M(1024M) 10.597ms
[2023-07-10T11:44:07.187+0900][gc,cpu        ] GC(5) User=0.07s Sys=0.02s Real=0.01s
[2023-07-10T11:44:27.213+0900][gc,heap,exit  ] Heap
[2023-07-10T11:44:27.213+0900][gc,heap,exit  ]  garbage-first heap   total 1048576K, used 195373K [0x00000007c0000000, 0x0000000800000000)
[2023-07-10T11:44:27.213+0900][gc,heap,exit  ]   region size 1024K, 45 young (46080K), 7 survivors (7168K)
[2023-07-10T11:44:27.213+0900][gc,heap,exit  ]  Metaspace       used 47050K, capacity 49233K, committed 49408K, reserved 1091584K
[2023-07-10T11:44:27.213+0900][gc,heap,exit  ]   class space    used 5792K, capacity 6870K, committed 6912K, reserved 1048576K
