[2023-07-08T19:32:51.313+0900][gc,heap] Heap region size: 1M
[2023-07-08T19:32:51.319+0900][gc     ] Using G1
[2023-07-08T19:32:51.319+0900][gc,heap,coops] Heap address: 0x00000007c0000000, size: 1024 MB, Compressed Oops mode: Zero based, Oop shift amount: 3
[2023-07-08T19:32:52.451+0900][gc,start     ] GC(0) Pause Young (Concurrent Start) (Metadata GC Threshold)
[2023-07-08T19:32:52.451+0900][gc,task      ] GC(0) Using 9 workers of 9 for evacuation
[2023-07-08T19:32:52.467+0900][gc,phases    ] GC(0)   Pre Evacuate Collection Set: 0.0ms
[2023-07-08T19:32:52.467+0900][gc,phases    ] GC(0)   Evacuate Collection Set: 14.9ms
[2023-07-08T19:32:52.467+0900][gc,phases    ] GC(0)   Post Evacuate Collection Set: 0.4ms
[2023-07-08T19:32:52.467+0900][gc,phases    ] GC(0)   Other: 0.7ms
[2023-07-08T19:32:52.467+0900][gc,heap      ] GC(0) Eden regions: 47->0(44)
[2023-07-08T19:32:52.467+0900][gc,heap      ] GC(0) Survivor regions: 0->7(7)
[2023-07-08T19:32:52.467+0900][gc,heap      ] GC(0) Old regions: 0->0
[2023-07-08T19:32:52.467+0900][gc,heap      ] GC(0) Humongous regions: 0->0
[2023-07-08T19:32:52.467+0900][gc,metaspace ] GC(0) Metaspace: 20626K->20626K(1069056K)
[2023-07-08T19:32:52.467+0900][gc           ] GC(0) Pause Young (Concurrent Start) (Metadata GC Threshold) 46M->6M(1024M) 16.125ms
[2023-07-08T19:32:52.467+0900][gc,cpu       ] GC(0) User=0.04s Sys=0.02s Real=0.01s
[2023-07-08T19:32:52.467+0900][gc           ] GC(1) Concurrent Cycle
[2023-07-08T19:32:52.467+0900][gc,marking   ] GC(1) Concurrent Clear Claimed Marks
[2023-07-08T19:32:52.467+0900][gc,marking   ] GC(1) Concurrent Clear Claimed Marks 0.021ms
[2023-07-08T19:32:52.467+0900][gc,marking   ] GC(1) Concurrent Scan Root Regions
[2023-07-08T19:32:52.469+0900][gc,marking   ] GC(1) Concurrent Scan Root Regions 1.568ms
[2023-07-08T19:32:52.469+0900][gc,marking   ] GC(1) Concurrent Mark (1.162s)
[2023-07-08T19:32:52.469+0900][gc,marking   ] GC(1) Concurrent Mark From Roots
[2023-07-08T19:32:52.469+0900][gc,task      ] GC(1) Using 2 workers of 2 for marking
[2023-07-08T19:32:52.469+0900][gc,marking   ] GC(1) Concurrent Mark From Roots 0.154ms
[2023-07-08T19:32:52.469+0900][gc,marking   ] GC(1) Concurrent Preclean
[2023-07-08T19:32:52.469+0900][gc,marking   ] GC(1) Concurrent Preclean 0.026ms
[2023-07-08T19:32:52.469+0900][gc,marking   ] GC(1) Concurrent Mark (1.162s, 1.162s) 0.340ms
[2023-07-08T19:32:52.470+0900][gc,start     ] GC(1) Pause Remark
[2023-07-08T19:32:52.474+0900][gc,stringtable] GC(1) Cleaned string and symbol table, strings: 7122 processed, 0 removed, symbols: 65884 processed, 29 removed
[2023-07-08T19:32:52.474+0900][gc            ] GC(1) Pause Remark 7M->7M(1024M) 4.435ms
[2023-07-08T19:32:52.474+0900][gc,cpu        ] GC(1) User=0.00s Sys=0.00s Real=0.00s
[2023-07-08T19:32:52.474+0900][gc,marking    ] GC(1) Concurrent Rebuild Remembered Sets
[2023-07-08T19:32:52.474+0900][gc,marking    ] GC(1) Concurrent Rebuild Remembered Sets 0.067ms
[2023-07-08T19:32:52.475+0900][gc,start      ] GC(1) Pause Cleanup
[2023-07-08T19:32:52.475+0900][gc            ] GC(1) Pause Cleanup 7M->7M(1024M) 0.173ms
[2023-07-08T19:32:52.475+0900][gc,cpu        ] GC(1) User=0.00s Sys=0.00s Real=0.00s
[2023-07-08T19:32:52.475+0900][gc,marking    ] GC(1) Concurrent Cleanup for Next Mark
[2023-07-08T19:32:52.479+0900][gc,marking    ] GC(1) Concurrent Cleanup for Next Mark 4.288ms
[2023-07-08T19:32:52.483+0900][gc            ] GC(1) Concurrent Cycle 15.850ms
[2023-07-08T19:32:53.268+0900][gc,start      ] GC(2) Pause Young (Normal) (GCLocker Initiated GC)
[2023-07-08T19:32:53.268+0900][gc,task       ] GC(2) Using 9 workers of 9 for evacuation
[2023-07-08T19:32:53.285+0900][gc,phases     ] GC(2)   Pre Evacuate Collection Set: 0.0ms
[2023-07-08T19:32:53.285+0900][gc,phases     ] GC(2)   Evacuate Collection Set: 16.3ms
[2023-07-08T19:32:53.285+0900][gc,phases     ] GC(2)   Post Evacuate Collection Set: 0.6ms
[2023-07-08T19:32:53.285+0900][gc,phases     ] GC(2)   Other: 0.2ms
[2023-07-08T19:32:53.285+0900][gc,heap       ] GC(2) Eden regions: 44->0(48)
[2023-07-08T19:32:53.285+0900][gc,heap       ] GC(2) Survivor regions: 7->3(7)
[2023-07-08T19:32:53.285+0900][gc,heap       ] GC(2) Old regions: 0->7
[2023-07-08T19:32:53.285+0900][gc,heap       ] GC(2) Humongous regions: 129->129
[2023-07-08T19:32:53.285+0900][gc,metaspace  ] GC(2) Metaspace: 29130K->29130K(1075200K)
[2023-07-08T19:32:53.285+0900][gc            ] GC(2) Pause Young (Normal) (GCLocker Initiated GC) 179M->137M(1024M) 17.274ms
[2023-07-08T19:32:53.286+0900][gc,cpu        ] GC(2) User=0.07s Sys=0.02s Real=0.02s
[2023-07-08T19:32:53.660+0900][gc,start      ] GC(3) Pause Young (Concurrent Start) (Metadata GC Threshold)
[2023-07-08T19:32:53.660+0900][gc,task       ] GC(3) Using 9 workers of 9 for evacuation
[2023-07-08T19:32:53.665+0900][gc,phases     ] GC(3)   Pre Evacuate Collection Set: 0.0ms
[2023-07-08T19:32:53.665+0900][gc,phases     ] GC(3)   Evacuate Collection Set: 4.8ms
[2023-07-08T19:32:53.665+0900][gc,phases     ] GC(3)   Post Evacuate Collection Set: 0.2ms
[2023-07-08T19:32:53.665+0900][gc,phases     ] GC(3)   Other: 0.2ms
[2023-07-08T19:32:53.665+0900][gc,heap       ] GC(3) Eden regions: 34->0(46)
[2023-07-08T19:32:53.665+0900][gc,heap       ] GC(3) Survivor regions: 3->5(7)
[2023-07-08T19:32:53.665+0900][gc,heap       ] GC(3) Old regions: 7->7
[2023-07-08T19:32:53.665+0900][gc,heap       ] GC(3) Humongous regions: 129->129
[2023-07-08T19:32:53.665+0900][gc,metaspace  ] GC(3) Metaspace: 34712K->34712K(1081344K)
[2023-07-08T19:32:53.665+0900][gc            ] GC(3) Pause Young (Concurrent Start) (Metadata GC Threshold) 171M->140M(1024M) 5.309ms
[2023-07-08T19:32:53.665+0900][gc,cpu        ] GC(3) User=0.03s Sys=0.01s Real=0.00s
[2023-07-08T19:32:53.665+0900][gc            ] GC(4) Concurrent Cycle
[2023-07-08T19:32:53.665+0900][gc,marking    ] GC(4) Concurrent Clear Claimed Marks
[2023-07-08T19:32:53.665+0900][gc,marking    ] GC(4) Concurrent Clear Claimed Marks 0.017ms
[2023-07-08T19:32:53.665+0900][gc,marking    ] GC(4) Concurrent Scan Root Regions
[2023-07-08T19:32:53.666+0900][gc,marking    ] GC(4) Concurrent Scan Root Regions 1.242ms
[2023-07-08T19:32:53.666+0900][gc,marking    ] GC(4) Concurrent Mark (2.360s)
[2023-07-08T19:32:53.666+0900][gc,marking    ] GC(4) Concurrent Mark From Roots
[2023-07-08T19:32:53.666+0900][gc,task       ] GC(4) Using 2 workers of 2 for marking
[2023-07-08T19:32:53.670+0900][gc,marking    ] GC(4) Concurrent Mark From Roots 3.938ms
[2023-07-08T19:32:53.670+0900][gc,marking    ] GC(4) Concurrent Preclean
[2023-07-08T19:32:53.671+0900][gc,marking    ] GC(4) Concurrent Preclean 0.635ms
[2023-07-08T19:32:53.671+0900][gc,marking    ] GC(4) Concurrent Mark (2.360s, 2.364s) 4.923ms
[2023-07-08T19:32:53.672+0900][gc,start      ] GC(4) Pause Remark
[2023-07-08T19:32:53.678+0900][gc,stringtable] GC(4) Cleaned string and symbol table, strings: 11599 processed, 12 removed, symbols: 97908 processed, 24 removed
[2023-07-08T19:32:53.679+0900][gc            ] GC(4) Pause Remark 140M->140M(1024M) 7.097ms
[2023-07-08T19:32:53.679+0900][gc,cpu        ] GC(4) User=0.01s Sys=0.01s Real=0.00s
[2023-07-08T19:32:53.679+0900][gc,marking    ] GC(4) Concurrent Rebuild Remembered Sets
[2023-07-08T19:32:53.681+0900][gc,marking    ] GC(4) Concurrent Rebuild Remembered Sets 2.138ms
[2023-07-08T19:32:53.681+0900][gc,start      ] GC(4) Pause Cleanup
[2023-07-08T19:32:53.681+0900][gc            ] GC(4) Pause Cleanup 140M->140M(1024M) 0.146ms
[2023-07-08T19:32:53.681+0900][gc,cpu        ] GC(4) User=0.00s Sys=0.00s Real=0.00s
[2023-07-08T19:32:53.681+0900][gc,marking    ] GC(4) Concurrent Cleanup for Next Mark
[2023-07-08T19:32:53.685+0900][gc,marking    ] GC(4) Concurrent Cleanup for Next Mark 3.243ms
[2023-07-08T19:32:53.685+0900][gc            ] GC(4) Concurrent Cycle 19.561ms
[2023-07-08T19:34:04.996+0900][gc,start      ] GC(5) Pause Young (Normal) (G1 Evacuation Pause)
[2023-07-08T19:34:04.996+0900][gc,task       ] GC(5) Using 9 workers of 9 for evacuation
[2023-07-08T19:34:05.004+0900][gc,phases     ] GC(5)   Pre Evacuate Collection Set: 0.1ms
[2023-07-08T19:34:05.004+0900][gc,phases     ] GC(5)   Evacuate Collection Set: 7.4ms
[2023-07-08T19:34:05.004+0900][gc,phases     ] GC(5)   Post Evacuate Collection Set: 0.3ms
[2023-07-08T19:34:05.004+0900][gc,phases     ] GC(5)   Other: 0.4ms
[2023-07-08T19:34:05.004+0900][gc,heap       ] GC(5) Eden regions: 46->0(45)
[2023-07-08T19:34:05.004+0900][gc,heap       ] GC(5) Survivor regions: 5->6(7)
[2023-07-08T19:34:05.004+0900][gc,heap       ] GC(5) Old regions: 7->9
[2023-07-08T19:34:05.004+0900][gc,heap       ] GC(5) Humongous regions: 129->129
[2023-07-08T19:34:05.004+0900][gc,metaspace  ] GC(5) Metaspace: 43016K->43016K(1087488K)
[2023-07-08T19:34:05.004+0900][gc            ] GC(5) Pause Young (Normal) (G1 Evacuation Pause) 186M->142M(1024M) 8.307ms
[2023-07-08T19:34:05.004+0900][gc,cpu        ] GC(5) User=0.05s Sys=0.01s Real=0.01s
[2023-07-08T19:38:56.527+0900][gc,start      ] GC(6) Pause Young (Normal) (G1 Evacuation Pause)
[2023-07-08T19:38:56.527+0900][gc,task       ] GC(6) Using 9 workers of 9 for evacuation
[2023-07-08T19:38:56.536+0900][gc,phases     ] GC(6)   Pre Evacuate Collection Set: 0.0ms
[2023-07-08T19:38:56.536+0900][gc,phases     ] GC(6)   Evacuate Collection Set: 8.0ms
[2023-07-08T19:38:56.536+0900][gc,phases     ] GC(6)   Post Evacuate Collection Set: 0.5ms
[2023-07-08T19:38:56.536+0900][gc,phases     ] GC(6)   Other: 0.4ms
[2023-07-08T19:38:56.536+0900][gc,heap       ] GC(6) Eden regions: 45->0(45)
[2023-07-08T19:38:56.536+0900][gc,heap       ] GC(6) Survivor regions: 6->6(7)
[2023-07-08T19:38:56.536+0900][gc,heap       ] GC(6) Old regions: 9->12
[2023-07-08T19:38:56.536+0900][gc,heap       ] GC(6) Humongous regions: 129->129
[2023-07-08T19:38:56.536+0900][gc,metaspace  ] GC(6) Metaspace: 48733K->48733K(1093632K)
[2023-07-08T19:38:56.536+0900][gc            ] GC(6) Pause Young (Normal) (G1 Evacuation Pause) 187M->145M(1024M) 9.128ms
[2023-07-08T19:38:56.536+0900][gc,cpu        ] GC(6) User=0.04s Sys=0.01s Real=0.01s
[2023-07-08T19:47:23.991+0900][gc,start      ] GC(7) Pause Young (Normal) (G1 Evacuation Pause)
[2023-07-08T19:47:23.992+0900][gc,task       ] GC(7) Using 9 workers of 9 for evacuation
[2023-07-08T19:47:24.008+0900][gc,phases     ] GC(7)   Pre Evacuate Collection Set: 0.1ms
[2023-07-08T19:47:24.009+0900][gc,phases     ] GC(7)   Evacuate Collection Set: 15.2ms
[2023-07-08T19:47:24.009+0900][gc,phases     ] GC(7)   Post Evacuate Collection Set: 0.6ms
[2023-07-08T19:47:24.009+0900][gc,phases     ] GC(7)   Other: 1.8ms
[2023-07-08T19:47:24.009+0900][gc,heap       ] GC(7) Eden regions: 45->0(45)
[2023-07-08T19:47:24.009+0900][gc,heap       ] GC(7) Survivor regions: 6->6(7)
[2023-07-08T19:47:24.009+0900][gc,heap       ] GC(7) Old regions: 12->14
[2023-07-08T19:47:24.009+0900][gc,heap       ] GC(7) Humongous regions: 129->129
[2023-07-08T19:47:24.009+0900][gc,metaspace  ] GC(7) Metaspace: 50504K->50504K(1095680K)
[2023-07-08T19:47:24.009+0900][gc            ] GC(7) Pause Young (Normal) (G1 Evacuation Pause) 190M->148M(1024M) 17.796ms
[2023-07-08T19:47:24.009+0900][gc,cpu        ] GC(7) User=0.07s Sys=0.03s Real=0.01s
[2023-07-08T19:56:20.489+0900][gc,start      ] GC(8) Pause Young (Normal) (G1 Evacuation Pause)
[2023-07-08T19:56:20.491+0900][gc,task       ] GC(8) Using 9 workers of 9 for evacuation
[2023-07-08T19:56:20.525+0900][gc,mmu        ] GC(8) MMU target violated: 21.0ms (20.0ms/21.0ms)
[2023-07-08T19:56:20.525+0900][gc,phases     ] GC(8)   Pre Evacuate Collection Set: 0.2ms
[2023-07-08T19:56:20.525+0900][gc,phases     ] GC(8)   Evacuate Collection Set: 33.2ms
[2023-07-08T19:56:20.526+0900][gc,phases     ] GC(8)   Post Evacuate Collection Set: 0.6ms
[2023-07-08T19:56:20.526+0900][gc,phases     ] GC(8)   Other: 2.5ms
[2023-07-08T19:56:20.526+0900][gc,heap       ] GC(8) Eden regions: 45->0(47)
[2023-07-08T19:56:20.526+0900][gc,heap       ] GC(8) Survivor regions: 6->4(7)
[2023-07-08T19:56:20.526+0900][gc,heap       ] GC(8) Old regions: 14->17
[2023-07-08T19:56:20.526+0900][gc,heap       ] GC(8) Humongous regions: 129->129
[2023-07-08T19:56:20.526+0900][gc,metaspace  ] GC(8) Metaspace: 50593K->50593K(1095680K)
[2023-07-08T19:56:20.526+0900][gc            ] GC(8) Pause Young (Normal) (G1 Evacuation Pause) 193M->148M(1024M) 36.495ms
[2023-07-08T19:56:20.526+0900][gc,cpu        ] GC(8) User=0.10s Sys=0.04s Real=0.04s
[2023-07-08T20:06:06.985+0900][gc,start      ] GC(9) Pause Young (Normal) (G1 Evacuation Pause)
[2023-07-08T20:06:06.987+0900][gc,task       ] GC(9) Using 9 workers of 9 for evacuation
[2023-07-08T20:06:07.014+0900][gc,mmu        ] GC(9) MMU target violated: 21.0ms (20.0ms/21.0ms)
[2023-07-08T20:06:07.014+0900][gc,phases     ] GC(9)   Pre Evacuate Collection Set: 1.2ms
[2023-07-08T20:06:07.014+0900][gc,phases     ] GC(9)   Evacuate Collection Set: 23.6ms
[2023-07-08T20:06:07.014+0900][gc,phases     ] GC(9)   Post Evacuate Collection Set: 0.6ms
[2023-07-08T20:06:07.014+0900][gc,phases     ] GC(9)   Other: 3.3ms
[2023-07-08T20:06:07.014+0900][gc,heap       ] GC(9) Eden regions: 47->0(51)
[2023-07-08T20:06:07.014+0900][gc,heap       ] GC(9) Survivor regions: 4->3(7)
[2023-07-08T20:06:07.014+0900][gc,heap       ] GC(9) Old regions: 17->17
[2023-07-08T20:06:07.014+0900][gc,heap       ] GC(9) Humongous regions: 129->129
[2023-07-08T20:06:07.014+0900][gc,metaspace  ] GC(9) Metaspace: 50629K->50629K(1095680K)
[2023-07-08T20:06:07.014+0900][gc            ] GC(9) Pause Young (Normal) (G1 Evacuation Pause) 195M->147M(1024M) 28.522ms
[2023-07-08T20:06:07.014+0900][gc,cpu        ] GC(9) User=0.07s Sys=0.03s Real=0.03s
[2023-07-08T20:17:06.994+0900][gc,start      ] GC(10) Pause Young (Normal) (G1 Evacuation Pause)
[2023-07-08T20:17:06.996+0900][gc,task       ] GC(10) Using 9 workers of 9 for evacuation
[2023-07-08T20:17:07.012+0900][gc,phases     ] GC(10)   Pre Evacuate Collection Set: 0.3ms
[2023-07-08T20:17:07.012+0900][gc,phases     ] GC(10)   Evacuate Collection Set: 15.1ms
[2023-07-08T20:17:07.012+0900][gc,phases     ] GC(10)   Post Evacuate Collection Set: 0.5ms
[2023-07-08T20:17:07.012+0900][gc,phases     ] GC(10)   Other: 2.0ms
[2023-07-08T20:17:07.012+0900][gc,heap       ] GC(10) Eden regions: 51->0(57)
[2023-07-08T20:17:07.012+0900][gc,heap       ] GC(10) Survivor regions: 3->4(7)
[2023-07-08T20:17:07.012+0900][gc,heap       ] GC(10) Old regions: 17->17
[2023-07-08T20:17:07.012+0900][gc,heap       ] GC(10) Humongous regions: 129->129
[2023-07-08T20:17:07.012+0900][gc,metaspace  ] GC(10) Metaspace: 50708K->50708K(1095680K)
[2023-07-08T20:17:07.012+0900][gc            ] GC(10) Pause Young (Normal) (G1 Evacuation Pause) 198M->148M(1024M) 18.088ms
[2023-07-08T20:17:07.012+0900][gc,cpu        ] GC(10) User=0.05s Sys=0.06s Real=0.02s
[2023-07-08T20:29:20.215+0900][gc,start      ] GC(11) Pause Young (Normal) (G1 Evacuation Pause)
[2023-07-08T20:29:20.218+0900][gc,task       ] GC(11) Using 9 workers of 9 for evacuation
[2023-07-08T20:29:20.243+0900][gc,mmu        ] GC(11) MMU target violated: 21.0ms (20.0ms/21.0ms)
[2023-07-08T20:29:20.244+0900][gc,phases     ] GC(11)   Pre Evacuate Collection Set: 0.9ms
[2023-07-08T20:29:20.244+0900][gc,phases     ] GC(11)   Evacuate Collection Set: 23.2ms
[2023-07-08T20:29:20.244+0900][gc,phases     ] GC(11)   Post Evacuate Collection Set: 0.6ms
[2023-07-08T20:29:20.244+0900][gc,phases     ] GC(11)   Other: 4.2ms
[2023-07-08T20:29:20.244+0900][gc,heap       ] GC(11) Eden regions: 57->0(159)
[2023-07-08T20:29:20.244+0900][gc,heap       ] GC(11) Survivor regions: 4->4(8)
[2023-07-08T20:29:20.244+0900][gc,heap       ] GC(11) Old regions: 17->17
[2023-07-08T20:29:20.244+0900][gc,heap       ] GC(11) Humongous regions: 129->129
[2023-07-08T20:29:20.244+0900][gc,metaspace  ] GC(11) Metaspace: 50766K->50766K(1095680K)
[2023-07-08T20:29:20.244+0900][gc            ] GC(11) Pause Young (Normal) (G1 Evacuation Pause) 205M->148M(1024M) 28.807ms
[2023-07-08T20:29:20.244+0900][gc,cpu        ] GC(11) User=0.09s Sys=0.06s Real=0.03s
[2023-07-08T21:03:05.910+0900][gc,start      ] GC(12) Pause Young (Normal) (G1 Evacuation Pause)
[2023-07-08T21:03:05.911+0900][gc,task       ] GC(12) Using 9 workers of 9 for evacuation
[2023-07-08T21:03:05.945+0900][gc,mmu        ] GC(12) MMU target violated: 21.0ms (20.0ms/21.0ms)
[2023-07-08T21:03:05.945+0900][gc,phases     ] GC(12)   Pre Evacuate Collection Set: 0.7ms
[2023-07-08T21:03:05.945+0900][gc,phases     ] GC(12)   Evacuate Collection Set: 30.3ms
[2023-07-08T21:03:05.945+0900][gc,phases     ] GC(12)   Post Evacuate Collection Set: 1.2ms
[2023-07-08T21:03:05.945+0900][gc,phases     ] GC(12)   Other: 3.8ms
[2023-07-08T21:03:05.945+0900][gc,heap       ] GC(12) Eden regions: 159->0(110)
[2023-07-08T21:03:05.945+0900][gc,heap       ] GC(12) Survivor regions: 4->4(21)
[2023-07-08T21:03:05.945+0900][gc,heap       ] GC(12) Old regions: 17->17
[2023-07-08T21:03:05.945+0900][gc,heap       ] GC(12) Humongous regions: 129->129
[2023-07-08T21:03:05.945+0900][gc,metaspace  ] GC(12) Metaspace: 50894K->50894K(1095680K)
[2023-07-08T21:03:05.945+0900][gc            ] GC(12) Pause Young (Normal) (G1 Evacuation Pause) 307M->148M(1024M) 34.595ms
[2023-07-08T21:03:05.945+0900][gc,cpu        ] GC(12) User=0.08s Sys=0.06s Real=0.03s
[2023-07-09T15:10:05.353+0900][gc,start      ] GC(13) Pause Young (Normal) (G1 Evacuation Pause)
[2023-07-09T15:10:05.354+0900][gc,task       ] GC(13) Using 9 workers of 9 for evacuation
[2023-07-09T15:10:05.408+0900][gc,mmu        ] GC(13) MMU target violated: 21.0ms (20.0ms/21.0ms)
[2023-07-09T15:10:05.408+0900][gc,phases     ] GC(13)   Pre Evacuate Collection Set: 0.7ms
[2023-07-09T15:10:05.408+0900][gc,phases     ] GC(13)   Evacuate Collection Set: 50.9ms
[2023-07-09T15:10:05.408+0900][gc,phases     ] GC(13)   Post Evacuate Collection Set: 1.4ms
[2023-07-09T15:10:05.408+0900][gc,phases     ] GC(13)   Other: 5.3ms
[2023-07-09T15:10:05.409+0900][gc,heap       ] GC(13) Eden regions: 110->0(47)
[2023-07-09T15:10:05.409+0900][gc,heap       ] GC(13) Survivor regions: 4->4(15)
[2023-07-09T15:10:05.409+0900][gc,heap       ] GC(13) Old regions: 17->17
[2023-07-09T15:10:05.409+0900][gc,heap       ] GC(13) Humongous regions: 129->129
[2023-07-09T15:10:05.409+0900][gc,metaspace  ] GC(13) Metaspace: 51120K->51120K(1095680K)
[2023-07-09T15:10:05.409+0900][gc            ] GC(13) Pause Young (Normal) (G1 Evacuation Pause) 258M->149M(1024M) 56.212ms
[2023-07-09T15:10:05.409+0900][gc,cpu        ] GC(13) User=0.08s Sys=0.12s Real=0.05s
[2023-07-09T15:20:10.886+0900][gc,start      ] GC(14) Pause Young (Normal) (G1 Evacuation Pause)
[2023-07-09T15:20:10.886+0900][gc,task       ] GC(14) Using 9 workers of 9 for evacuation
[2023-07-09T15:20:10.916+0900][gc,mmu        ] GC(14) MMU target violated: 21.0ms (20.0ms/21.0ms)
[2023-07-09T15:20:10.916+0900][gc,phases     ] GC(14)   Pre Evacuate Collection Set: 6.3ms
[2023-07-09T15:20:10.916+0900][gc,phases     ] GC(14)   Evacuate Collection Set: 20.7ms
[2023-07-09T15:20:10.916+0900][gc,phases     ] GC(14)   Post Evacuate Collection Set: 0.8ms
[2023-07-09T15:20:10.916+0900][gc,phases     ] GC(14)   Other: 2.8ms
[2023-07-09T15:20:10.916+0900][gc,heap       ] GC(14) Eden regions: 47->0(49)
[2023-07-09T15:20:10.916+0900][gc,heap       ] GC(14) Survivor regions: 4->2(7)
[2023-07-09T15:20:10.916+0900][gc,heap       ] GC(14) Old regions: 17->17
[2023-07-09T15:20:10.916+0900][gc,heap       ] GC(14) Humongous regions: 129->129
[2023-07-09T15:20:10.916+0900][gc,metaspace  ] GC(14) Metaspace: 51126K->51126K(1095680K)
[2023-07-09T15:20:10.916+0900][gc            ] GC(14) Pause Young (Normal) (G1 Evacuation Pause) 196M->147M(1024M) 30.451ms
[2023-07-09T15:20:10.916+0900][gc,cpu        ] GC(14) User=0.10s Sys=0.05s Real=0.03s
[2023-07-09T15:30:40.734+0900][gc,start      ] GC(15) Pause Young (Normal) (G1 Evacuation Pause)
[2023-07-09T15:30:40.737+0900][gc,task       ] GC(15) Using 9 workers of 9 for evacuation
[2023-07-09T15:30:40.768+0900][gc,mmu        ] GC(15) MMU target violated: 21.0ms (20.0ms/21.0ms)
[2023-07-09T15:30:40.768+0900][gc,phases     ] GC(15)   Pre Evacuate Collection Set: 1.1ms
[2023-07-09T15:30:40.768+0900][gc,phases     ] GC(15)   Evacuate Collection Set: 27.3ms
[2023-07-09T15:30:40.768+0900][gc,phases     ] GC(15)   Post Evacuate Collection Set: 1.5ms
[2023-07-09T15:30:40.768+0900][gc,phases     ] GC(15)   Other: 4.2ms
[2023-07-09T15:30:40.768+0900][gc,heap       ] GC(15) Eden regions: 49->0(48)
[2023-07-09T15:30:40.768+0900][gc,heap       ] GC(15) Survivor regions: 2->3(7)
[2023-07-09T15:30:40.768+0900][gc,heap       ] GC(15) Old regions: 17->17
[2023-07-09T15:30:40.768+0900][gc,heap       ] GC(15) Humongous regions: 129->129
[2023-07-09T15:30:40.768+0900][gc,metaspace  ] GC(15) Metaspace: 51151K->51151K(1095680K)
[2023-07-09T15:30:40.769+0900][gc            ] GC(15) Pause Young (Normal) (G1 Evacuation Pause) 196M->148M(1024M) 34.277ms
[2023-07-09T15:30:40.769+0900][gc,cpu        ] GC(15) User=0.11s Sys=0.04s Real=0.03s
[2023-07-09T15:40:54.065+0900][gc,start      ] GC(16) Pause Young (Normal) (G1 Evacuation Pause)
[2023-07-09T15:40:54.067+0900][gc,task       ] GC(16) Using 9 workers of 9 for evacuation
[2023-07-09T15:40:54.104+0900][gc,mmu        ] GC(16) MMU target violated: 21.0ms (20.0ms/21.0ms)
[2023-07-09T15:40:54.104+0900][gc,phases     ] GC(16)   Pre Evacuate Collection Set: 1.2ms
[2023-07-09T15:40:54.104+0900][gc,phases     ] GC(16)   Evacuate Collection Set: 34.0ms
[2023-07-09T15:40:54.104+0900][gc,phases     ] GC(16)   Post Evacuate Collection Set: 0.9ms
[2023-07-09T15:40:54.104+0900][gc,phases     ] GC(16)   Other: 3.5ms
[2023-07-09T15:40:54.104+0900][gc,heap       ] GC(16) Eden regions: 48->0(48)
[2023-07-09T15:40:54.104+0900][gc,heap       ] GC(16) Survivor regions: 3->3(7)
[2023-07-09T15:40:54.104+0900][gc,heap       ] GC(16) Old regions: 17->17
[2023-07-09T15:40:54.104+0900][gc,heap       ] GC(16) Humongous regions: 129->129
[2023-07-09T15:40:54.104+0900][gc,metaspace  ] GC(16) Metaspace: 51152K->51152K(1095680K)
[2023-07-09T15:40:54.104+0900][gc            ] GC(16) Pause Young (Normal) (G1 Evacuation Pause) 196M->147M(1024M) 39.598ms
[2023-07-09T15:40:54.105+0900][gc,cpu        ] GC(16) User=0.12s Sys=0.05s Real=0.04s
[2023-07-09T15:51:08.559+0900][gc,start      ] GC(17) Pause Young (Normal) (G1 Evacuation Pause)
[2023-07-09T15:51:08.560+0900][gc,task       ] GC(17) Using 9 workers of 9 for evacuation
[2023-07-09T15:51:08.592+0900][gc,mmu        ] GC(17) MMU target violated: 21.0ms (20.0ms/21.0ms)
[2023-07-09T15:51:08.592+0900][gc,phases     ] GC(17)   Pre Evacuate Collection Set: 0.9ms
[2023-07-09T15:51:08.592+0900][gc,phases     ] GC(17)   Evacuate Collection Set: 29.1ms
[2023-07-09T15:51:08.592+0900][gc,phases     ] GC(17)   Post Evacuate Collection Set: 0.7ms
[2023-07-09T15:51:08.592+0900][gc,phases     ] GC(17)   Other: 2.0ms
[2023-07-09T15:51:08.592+0900][gc,heap       ] GC(17) Eden regions: 48->0(53)
[2023-07-09T15:51:08.592+0900][gc,heap       ] GC(17) Survivor regions: 3->3(7)
[2023-07-09T15:51:08.592+0900][gc,heap       ] GC(17) Old regions: 17->17
[2023-07-09T15:51:08.592+0900][gc,heap       ] GC(17) Humongous regions: 129->129
[2023-07-09T15:51:08.592+0900][gc,metaspace  ] GC(17) Metaspace: 51152K->51152K(1095680K)
[2023-07-09T15:51:08.592+0900][gc            ] GC(17) Pause Young (Normal) (G1 Evacuation Pause) 195M->148M(1024M) 32.766ms
[2023-07-09T15:51:08.592+0900][gc,cpu        ] GC(17) User=0.09s Sys=0.04s Real=0.04s
[2023-07-09T16:02:22.240+0900][gc,start      ] GC(18) Pause Young (Normal) (G1 Evacuation Pause)
[2023-07-09T16:02:22.243+0900][gc,task       ] GC(18) Using 9 workers of 9 for evacuation
[2023-07-09T16:02:22.261+0900][gc,phases     ] GC(18)   Pre Evacuate Collection Set: 0.3ms
[2023-07-09T16:02:22.261+0900][gc,phases     ] GC(18)   Evacuate Collection Set: 14.6ms
[2023-07-09T16:02:22.261+0900][gc,phases     ] GC(18)   Post Evacuate Collection Set: 1.1ms
[2023-07-09T16:02:22.262+0900][gc,phases     ] GC(18)   Other: 6.1ms
[2023-07-09T16:02:22.262+0900][gc,heap       ] GC(18) Eden regions: 53->0(62)
[2023-07-09T16:02:22.262+0900][gc,heap       ] GC(18) Survivor regions: 3->3(7)
[2023-07-09T16:02:22.262+0900][gc,heap       ] GC(18) Old regions: 17->17
[2023-07-09T16:02:22.262+0900][gc,heap       ] GC(18) Humongous regions: 129->129
[2023-07-09T16:02:22.262+0900][gc,metaspace  ] GC(18) Metaspace: 51154K->51154K(1095680K)
[2023-07-09T16:02:22.262+0900][gc            ] GC(18) Pause Young (Normal) (G1 Evacuation Pause) 201M->148M(1024M) 21.907ms
[2023-07-09T16:02:22.262+0900][gc,cpu        ] GC(18) User=0.06s Sys=0.04s Real=0.02s
[2023-07-09T16:41:12.512+0900][gc,start      ] GC(19) Pause Young (Normal) (G1 Evacuation Pause)
[2023-07-09T16:41:12.515+0900][gc,task       ] GC(19) Using 9 workers of 9 for evacuation
[2023-07-09T16:41:12.548+0900][gc,mmu        ] GC(19) MMU target violated: 21.0ms (20.0ms/21.0ms)
[2023-07-09T16:41:12.548+0900][gc,phases     ] GC(19)   Pre Evacuate Collection Set: 1.1ms
[2023-07-09T16:41:12.548+0900][gc,phases     ] GC(19)   Evacuate Collection Set: 29.8ms
[2023-07-09T16:41:12.548+0900][gc,phases     ] GC(19)   Post Evacuate Collection Set: 0.9ms
[2023-07-09T16:41:12.548+0900][gc,phases     ] GC(19)   Other: 4.2ms
[2023-07-09T16:41:12.548+0900][gc,heap       ] GC(19) Eden regions: 62->0(66)
[2023-07-09T16:41:12.548+0900][gc,heap       ] GC(19) Survivor regions: 3->3(9)
[2023-07-09T16:41:12.548+0900][gc,heap       ] GC(19) Old regions: 17->17
[2023-07-09T16:41:12.548+0900][gc,heap       ] GC(19) Humongous regions: 129->129
[2023-07-09T16:41:12.548+0900][gc,metaspace  ] GC(19) Metaspace: 51155K->51155K(1095680K)
[2023-07-09T16:41:12.548+0900][gc            ] GC(19) Pause Young (Normal) (G1 Evacuation Pause) 210M->148M(1024M) 35.785ms
[2023-07-09T16:41:12.548+0900][gc,cpu        ] GC(19) User=0.12s Sys=0.06s Real=0.03s
[2023-07-09T21:50:02.967+0900][gc,start      ] GC(20) Pause Young (Normal) (G1 Evacuation Pause)
[2023-07-09T21:50:02.969+0900][gc,task       ] GC(20) Using 9 workers of 9 for evacuation
[2023-07-09T21:50:02.999+0900][gc,mmu        ] GC(20) MMU target violated: 21.0ms (20.0ms/21.0ms)
[2023-07-09T21:50:02.999+0900][gc,phases     ] GC(20)   Pre Evacuate Collection Set: 0.9ms
[2023-07-09T21:50:02.999+0900][gc,phases     ] GC(20)   Evacuate Collection Set: 28.0ms
[2023-07-09T21:50:02.999+0900][gc,phases     ] GC(20)   Post Evacuate Collection Set: 0.8ms
[2023-07-09T21:50:02.999+0900][gc,phases     ] GC(20)   Other: 2.4ms
[2023-07-09T21:50:02.999+0900][gc,heap       ] GC(20) Eden regions: 66->0(74)
[2023-07-09T21:50:02.999+0900][gc,heap       ] GC(20) Survivor regions: 3->3(9)
[2023-07-09T21:50:02.999+0900][gc,heap       ] GC(20) Old regions: 17->17
[2023-07-09T21:50:02.999+0900][gc,heap       ] GC(20) Humongous regions: 129->129
[2023-07-09T21:50:02.999+0900][gc,metaspace  ] GC(20) Metaspace: 51217K->51217K(1095680K)
[2023-07-09T21:50:02.999+0900][gc            ] GC(20) Pause Young (Normal) (G1 Evacuation Pause) 214M->148M(1024M) 31.859ms
[2023-07-09T21:50:02.999+0900][gc,cpu        ] GC(20) User=0.11s Sys=0.05s Real=0.03s
[2023-07-09T23:50:55.439+0900][gc,start      ] GC(21) Pause Young (Normal) (G1 Evacuation Pause)
[2023-07-09T23:50:55.440+0900][gc,task       ] GC(21) Using 9 workers of 9 for evacuation
[2023-07-09T23:50:55.481+0900][gc,mmu        ] GC(21) MMU target violated: 21.0ms (20.0ms/21.0ms)
[2023-07-09T23:50:55.481+0900][gc,phases     ] GC(21)   Pre Evacuate Collection Set: 0.9ms
[2023-07-09T23:50:55.481+0900][gc,phases     ] GC(21)   Evacuate Collection Set: 38.8ms
[2023-07-09T23:50:55.481+0900][gc,phases     ] GC(21)   Post Evacuate Collection Set: 0.6ms
[2023-07-09T23:50:55.481+0900][gc,phases     ] GC(21)   Other: 2.7ms
[2023-07-09T23:50:55.481+0900][gc,heap       ] GC(21) Eden regions: 74->0(65)
[2023-07-09T23:50:55.481+0900][gc,heap       ] GC(21) Survivor regions: 3->4(10)
[2023-07-09T23:50:55.481+0900][gc,heap       ] GC(21) Old regions: 17->17
[2023-07-09T23:50:55.481+0900][gc,heap       ] GC(21) Humongous regions: 129->129
[2023-07-09T23:50:55.481+0900][gc,metaspace  ] GC(21) Metaspace: 51225K->51225K(1095680K)
[2023-07-09T23:50:55.481+0900][gc            ] GC(21) Pause Young (Normal) (G1 Evacuation Pause) 222M->149M(1024M) 42.784ms
[2023-07-09T23:50:55.481+0900][gc,cpu        ] GC(21) User=0.11s Sys=0.10s Real=0.05s
[2023-07-10T10:42:46.109+0900][gc,start      ] GC(22) Pause Young (Normal) (G1 Evacuation Pause)
[2023-07-10T10:42:46.110+0900][gc,task       ] GC(22) Using 9 workers of 9 for evacuation
[2023-07-10T10:42:46.154+0900][gc,mmu        ] GC(22) MMU target violated: 21.0ms (20.0ms/21.0ms)
[2023-07-10T10:42:46.154+0900][gc,phases     ] GC(22)   Pre Evacuate Collection Set: 0.4ms
[2023-07-10T10:42:46.154+0900][gc,phases     ] GC(22)   Evacuate Collection Set: 41.6ms
[2023-07-10T10:42:46.154+0900][gc,phases     ] GC(22)   Post Evacuate Collection Set: 1.0ms
[2023-07-10T10:42:46.154+0900][gc,phases     ] GC(22)   Other: 2.1ms
[2023-07-10T10:42:46.154+0900][gc,heap       ] GC(22) Eden regions: 65->0(62)
[2023-07-10T10:42:46.154+0900][gc,heap       ] GC(22) Survivor regions: 4->3(9)
[2023-07-10T10:42:46.154+0900][gc,heap       ] GC(22) Old regions: 17->17
[2023-07-10T10:42:46.154+0900][gc,heap       ] GC(22) Humongous regions: 129->129
[2023-07-10T10:42:46.155+0900][gc,metaspace  ] GC(22) Metaspace: 51305K->51305K(1095680K)
[2023-07-10T10:42:46.155+0900][gc            ] GC(22) Pause Young (Normal) (G1 Evacuation Pause) 214M->148M(1024M) 45.243ms
[2023-07-10T10:42:46.155+0900][gc,cpu        ] GC(22) User=0.14s Sys=0.09s Real=0.05s
[2023-07-10T10:56:52.716+0900][gc,start      ] GC(23) Pause Young (Normal) (G1 Evacuation Pause)
[2023-07-10T10:56:52.717+0900][gc,task       ] GC(23) Using 9 workers of 9 for evacuation
[2023-07-10T10:56:52.733+0900][gc,phases     ] GC(23)   Pre Evacuate Collection Set: 0.5ms
[2023-07-10T10:56:52.733+0900][gc,phases     ] GC(23)   Evacuate Collection Set: 14.0ms
[2023-07-10T10:56:52.733+0900][gc,phases     ] GC(23)   Post Evacuate Collection Set: 0.6ms
[2023-07-10T10:56:52.733+0900][gc,phases     ] GC(23)   Other: 1.7ms
[2023-07-10T10:56:52.733+0900][gc,heap       ] GC(23) Eden regions: 62->0(64)
[2023-07-10T10:56:52.733+0900][gc,heap       ] GC(23) Survivor regions: 3->3(9)
[2023-07-10T10:56:52.733+0900][gc,heap       ] GC(23) Old regions: 17->17
[2023-07-10T10:56:52.733+0900][gc,heap       ] GC(23) Humongous regions: 129->129
[2023-07-10T10:56:52.733+0900][gc,metaspace  ] GC(23) Metaspace: 51305K->51305K(1095680K)
[2023-07-10T10:56:52.733+0900][gc            ] GC(23) Pause Young (Normal) (G1 Evacuation Pause) 210M->148M(1024M) 16.891ms
[2023-07-10T10:56:52.733+0900][gc,cpu        ] GC(23) User=0.03s Sys=0.05s Real=0.02s
[2023-07-10T11:10:40.650+0900][gc,start      ] GC(24) Pause Young (Normal) (G1 Evacuation Pause)
[2023-07-10T11:10:40.651+0900][gc,task       ] GC(24) Using 9 workers of 9 for evacuation
[2023-07-10T11:10:40.671+0900][gc,phases     ] GC(24)   Pre Evacuate Collection Set: 0.8ms
[2023-07-10T11:10:40.671+0900][gc,phases     ] GC(24)   Evacuate Collection Set: 18.0ms
[2023-07-10T11:10:40.671+0900][gc,phases     ] GC(24)   Post Evacuate Collection Set: 0.7ms
[2023-07-10T11:10:40.671+0900][gc,phases     ] GC(24)   Other: 1.6ms
[2023-07-10T11:10:40.671+0900][gc,heap       ] GC(24) Eden regions: 64->0(67)
[2023-07-10T11:10:40.671+0900][gc,heap       ] GC(24) Survivor regions: 3->3(9)
[2023-07-10T11:10:40.671+0900][gc,heap       ] GC(24) Old regions: 17->17
[2023-07-10T11:10:40.671+0900][gc,heap       ] GC(24) Humongous regions: 129->129
[2023-07-10T11:10:40.671+0900][gc,metaspace  ] GC(24) Metaspace: 51319K->51319K(1095680K)
[2023-07-10T11:10:40.672+0900][gc            ] GC(24) Pause Young (Normal) (G1 Evacuation Pause) 212M->148M(1024M) 21.107ms
[2023-07-10T11:10:40.672+0900][gc,cpu        ] GC(24) User=0.06s Sys=0.07s Real=0.02s
[2023-07-10T11:17:50.930+0900][gc,heap,exit  ] Heap
[2023-07-10T11:17:50.930+0900][gc,heap,exit  ]  garbage-first heap   total 1048576K, used 195321K [0x00000007c0000000, 0x0000000800000000)
[2023-07-10T11:17:50.930+0900][gc,heap,exit  ]   region size 1024K, 47 young (48128K), 3 survivors (3072K)
[2023-07-10T11:17:50.930+0900][gc,heap,exit  ]  Metaspace       used 52189K, capacity 55250K, committed 55552K, reserved 1097728K
[2023-07-10T11:17:50.930+0900][gc,heap,exit  ]   class space    used 6602K, capacity 8088K, committed 8192K, reserved 1048576K
