[2023-07-08T17:07:05.723+0900][gc,heap] Heap region size: 1M
[2023-07-08T17:07:05.730+0900][gc     ] Using G1
[2023-07-08T17:07:05.730+0900][gc,heap,coops] Heap address: 0x00000007c0000000, size: 1024 MB, Compressed Oops mode: Zero based, Oop shift amount: 3
[2023-07-08T17:07:06.958+0900][gc,start     ] GC(0) Pause Young (Concurrent Start) (Metadata GC Threshold)
[2023-07-08T17:07:06.958+0900][gc,task      ] GC(0) Using 9 workers of 9 for evacuation
[2023-07-08T17:07:06.969+0900][gc,phases    ] GC(0)   Pre Evacuate Collection Set: 0.0ms
[2023-07-08T17:07:06.969+0900][gc,phases    ] GC(0)   Evacuate Collection Set: 10.5ms
[2023-07-08T17:07:06.969+0900][gc,phases    ] GC(0)   Post Evacuate Collection Set: 0.5ms
[2023-07-08T17:07:06.970+0900][gc,phases    ] GC(0)   Other: 0.8ms
[2023-07-08T17:07:06.970+0900][gc,heap      ] GC(0) Eden regions: 47->0(44)
[2023-07-08T17:07:06.970+0900][gc,heap      ] GC(0) Survivor regions: 0->7(7)
[2023-07-08T17:07:06.970+0900][gc,heap      ] GC(0) Old regions: 0->0
[2023-07-08T17:07:06.970+0900][gc,heap      ] GC(0) Humongous regions: 0->0
[2023-07-08T17:07:06.970+0900][gc,metaspace ] GC(0) Metaspace: 20551K->20551K(1069056K)
[2023-07-08T17:07:06.970+0900][gc           ] GC(0) Pause Young (Concurrent Start) (Metadata GC Threshold) 46M->6M(1024M) 11.933ms
[2023-07-08T17:07:06.970+0900][gc,cpu       ] GC(0) User=0.03s Sys=0.02s Real=0.02s
[2023-07-08T17:07:06.970+0900][gc           ] GC(1) Concurrent Cycle
[2023-07-08T17:07:06.970+0900][gc,marking   ] GC(1) Concurrent Clear Claimed Marks
[2023-07-08T17:07:06.970+0900][gc,marking   ] GC(1) Concurrent Clear Claimed Marks 0.017ms
[2023-07-08T17:07:06.970+0900][gc,marking   ] GC(1) Concurrent Scan Root Regions
[2023-07-08T17:07:06.972+0900][gc,marking   ] GC(1) Concurrent Scan Root Regions 1.705ms
[2023-07-08T17:07:06.972+0900][gc,marking   ] GC(1) Concurrent Mark (1.257s)
[2023-07-08T17:07:06.972+0900][gc,marking   ] GC(1) Concurrent Mark From Roots
[2023-07-08T17:07:06.972+0900][gc,task      ] GC(1) Using 2 workers of 2 for marking
[2023-07-08T17:07:06.973+0900][gc,marking   ] GC(1) Concurrent Mark From Roots 0.144ms
[2023-07-08T17:07:06.973+0900][gc,marking   ] GC(1) Concurrent Preclean
[2023-07-08T17:07:06.973+0900][gc,marking   ] GC(1) Concurrent Preclean 0.025ms
[2023-07-08T17:07:06.973+0900][gc,marking   ] GC(1) Concurrent Mark (1.257s, 1.258s) 0.859ms
[2023-07-08T17:07:06.973+0900][gc,start     ] GC(1) Pause Remark
[2023-07-08T17:07:06.977+0900][gc,stringtable] GC(1) Cleaned string and symbol table, strings: 7125 processed, 0 removed, symbols: 65699 processed, 29 removed
[2023-07-08T17:07:06.977+0900][gc            ] GC(1) Pause Remark 7M->7M(1024M) 4.261ms
[2023-07-08T17:07:06.977+0900][gc,cpu        ] GC(1) User=0.01s Sys=0.01s Real=0.00s
[2023-07-08T17:07:06.977+0900][gc,marking    ] GC(1) Concurrent Rebuild Remembered Sets
[2023-07-08T17:07:06.978+0900][gc,marking    ] GC(1) Concurrent Rebuild Remembered Sets 0.998ms
[2023-07-08T17:07:06.979+0900][gc,start      ] GC(1) Pause Cleanup
[2023-07-08T17:07:06.979+0900][gc            ] GC(1) Pause Cleanup 7M->7M(1024M) 0.152ms
[2023-07-08T17:07:06.979+0900][gc,cpu        ] GC(1) User=0.00s Sys=0.00s Real=0.00s
[2023-07-08T17:07:06.979+0900][gc,marking    ] GC(1) Concurrent Cleanup for Next Mark
[2023-07-08T17:07:06.985+0900][gc,marking    ] GC(1) Concurrent Cleanup for Next Mark 5.583ms
[2023-07-08T17:07:06.985+0900][gc            ] GC(1) Concurrent Cycle 15.556ms
[2023-07-08T17:07:07.811+0900][gc,start      ] GC(2) Pause Young (Normal) (G1 Evacuation Pause)
[2023-07-08T17:07:07.811+0900][gc,task       ] GC(2) Using 9 workers of 9 for evacuation
[2023-07-08T17:07:07.827+0900][gc,phases     ] GC(2)   Pre Evacuate Collection Set: 0.0ms
[2023-07-08T17:07:07.827+0900][gc,phases     ] GC(2)   Evacuate Collection Set: 15.5ms
[2023-07-08T17:07:07.827+0900][gc,phases     ] GC(2)   Post Evacuate Collection Set: 0.4ms
[2023-07-08T17:07:07.827+0900][gc,phases     ] GC(2)   Other: 0.2ms
[2023-07-08T17:07:07.827+0900][gc,heap       ] GC(2) Eden regions: 44->0(48)
[2023-07-08T17:07:07.827+0900][gc,heap       ] GC(2) Survivor regions: 7->3(7)
[2023-07-08T17:07:07.827+0900][gc,heap       ] GC(2) Old regions: 0->7
[2023-07-08T17:07:07.827+0900][gc,heap       ] GC(2) Humongous regions: 129->129
[2023-07-08T17:07:07.827+0900][gc,metaspace  ] GC(2) Metaspace: 28980K->28980K(1075200K)
[2023-07-08T17:07:07.827+0900][gc            ] GC(2) Pause Young (Normal) (G1 Evacuation Pause) 179M->137M(1024M) 16.163ms
[2023-07-08T17:07:07.827+0900][gc,cpu        ] GC(2) User=0.07s Sys=0.03s Real=0.01s
[2023-07-08T17:07:08.250+0900][gc,start      ] GC(3) Pause Young (Concurrent Start) (Metadata GC Threshold)
[2023-07-08T17:07:08.250+0900][gc,task       ] GC(3) Using 9 workers of 9 for evacuation
[2023-07-08T17:07:08.254+0900][gc,phases     ] GC(3)   Pre Evacuate Collection Set: 0.0ms
[2023-07-08T17:07:08.254+0900][gc,phases     ] GC(3)   Evacuate Collection Set: 3.9ms
[2023-07-08T17:07:08.254+0900][gc,phases     ] GC(3)   Post Evacuate Collection Set: 0.2ms
[2023-07-08T17:07:08.254+0900][gc,phases     ] GC(3)   Other: 0.2ms
[2023-07-08T17:07:08.254+0900][gc,heap       ] GC(3) Eden regions: 35->0(46)
[2023-07-08T17:07:08.254+0900][gc,heap       ] GC(3) Survivor regions: 3->5(7)
[2023-07-08T17:07:08.254+0900][gc,heap       ] GC(3) Old regions: 7->7
[2023-07-08T17:07:08.254+0900][gc,heap       ] GC(3) Humongous regions: 129->129
[2023-07-08T17:07:08.254+0900][gc,metaspace  ] GC(3) Metaspace: 34730K->34730K(1081344K)
[2023-07-08T17:07:08.254+0900][gc            ] GC(3) Pause Young (Concurrent Start) (Metadata GC Threshold) 172M->140M(1024M) 4.339ms
[2023-07-08T17:07:08.254+0900][gc,cpu        ] GC(3) User=0.03s Sys=0.00s Real=0.00s
[2023-07-08T17:07:08.254+0900][gc            ] GC(4) Concurrent Cycle
[2023-07-08T17:07:08.254+0900][gc,marking    ] GC(4) Concurrent Clear Claimed Marks
[2023-07-08T17:07:08.254+0900][gc,marking    ] GC(4) Concurrent Clear Claimed Marks 0.019ms
[2023-07-08T17:07:08.254+0900][gc,marking    ] GC(4) Concurrent Scan Root Regions
[2023-07-08T17:07:08.255+0900][gc,marking    ] GC(4) Concurrent Scan Root Regions 1.307ms
[2023-07-08T17:07:08.255+0900][gc,marking    ] GC(4) Concurrent Mark (2.541s)
[2023-07-08T17:07:08.255+0900][gc,marking    ] GC(4) Concurrent Mark From Roots
[2023-07-08T17:07:08.255+0900][gc,task       ] GC(4) Using 2 workers of 2 for marking
[2023-07-08T17:07:08.259+0900][gc,marking    ] GC(4) Concurrent Mark From Roots 3.941ms
[2023-07-08T17:07:08.260+0900][gc,marking    ] GC(4) Concurrent Preclean
[2023-07-08T17:07:08.260+0900][gc,marking    ] GC(4) Concurrent Preclean 0.065ms
[2023-07-08T17:07:08.260+0900][gc,marking    ] GC(4) Concurrent Mark (2.541s, 2.546s) 4.285ms
[2023-07-08T17:07:08.260+0900][gc,start      ] GC(4) Pause Remark
[2023-07-08T17:07:08.268+0900][gc,stringtable] GC(4) Cleaned string and symbol table, strings: 11649 processed, 12 removed, symbols: 97909 processed, 25 removed
[2023-07-08T17:07:08.268+0900][gc            ] GC(4) Pause Remark 140M->140M(1024M) 8.292ms
[2023-07-08T17:07:08.268+0900][gc,cpu        ] GC(4) User=0.01s Sys=0.01s Real=0.00s
[2023-07-08T17:07:08.268+0900][gc,marking    ] GC(4) Concurrent Rebuild Remembered Sets
[2023-07-08T17:07:08.273+0900][gc,marking    ] GC(4) Concurrent Rebuild Remembered Sets 4.758ms
[2023-07-08T17:07:08.273+0900][gc,start      ] GC(4) Pause Cleanup
[2023-07-08T17:07:08.273+0900][gc            ] GC(4) Pause Cleanup 140M->140M(1024M) 0.159ms
[2023-07-08T17:07:08.273+0900][gc,cpu        ] GC(4) User=0.00s Sys=0.00s Real=0.00s
[2023-07-08T17:07:08.273+0900][gc,marking    ] GC(4) Concurrent Cleanup for Next Mark
[2023-07-08T17:07:08.276+0900][gc,marking    ] GC(4) Concurrent Cleanup for Next Mark 3.095ms
[2023-07-08T17:07:08.277+0900][gc            ] GC(4) Concurrent Cycle 22.571ms
[2023-07-08T17:07:50.588+0900][gc,start      ] GC(5) Pause Young (Normal) (G1 Evacuation Pause)
[2023-07-08T17:07:50.589+0900][gc,task       ] GC(5) Using 9 workers of 9 for evacuation
[2023-07-08T17:07:50.597+0900][gc,phases     ] GC(5)   Pre Evacuate Collection Set: 0.0ms
[2023-07-08T17:07:50.597+0900][gc,phases     ] GC(5)   Evacuate Collection Set: 8.1ms
[2023-07-08T17:07:50.597+0900][gc,phases     ] GC(5)   Post Evacuate Collection Set: 0.3ms
[2023-07-08T17:07:50.597+0900][gc,phases     ] GC(5)   Other: 0.4ms
[2023-07-08T17:07:50.597+0900][gc,heap       ] GC(5) Eden regions: 46->0(45)
[2023-07-08T17:07:50.597+0900][gc,heap       ] GC(5) Survivor regions: 5->6(7)
[2023-07-08T17:07:50.597+0900][gc,heap       ] GC(5) Old regions: 7->9
[2023-07-08T17:07:50.597+0900][gc,heap       ] GC(5) Humongous regions: 129->129
[2023-07-08T17:07:50.597+0900][gc,metaspace  ] GC(5) Metaspace: 42821K->42821K(1087488K)
[2023-07-08T17:07:50.597+0900][gc            ] GC(5) Pause Young (Normal) (G1 Evacuation Pause) 186M->142M(1024M) 8.959ms
[2023-07-08T17:07:50.597+0900][gc,cpu        ] GC(5) User=0.05s Sys=0.01s Real=0.01s
[2023-07-08T17:14:51.233+0900][gc,heap,exit  ] Heap
[2023-07-08T17:14:51.234+0900][gc,heap,exit  ]  garbage-first heap   total 1048576K, used 175902K [0x00000007c0000000, 0x0000000800000000)
[2023-07-08T17:14:51.234+0900][gc,heap,exit  ]   region size 1024K, 37 young (37888K), 6 survivors (6144K)
[2023-07-08T17:14:51.234+0900][gc,heap,exit  ]  Metaspace       used 44613K, capacity 46362K, committed 46464K, reserved 1089536K
[2023-07-08T17:14:51.234+0900][gc,heap,exit  ]   class space    used 5172K, capacity 5981K, committed 6016K, reserved 1048576K
