[2023-07-10T22:40:48.096+0900][gc,heap] Heap region size: 1M
[2023-07-10T22:40:48.102+0900][gc     ] Using G1
[2023-07-10T22:40:48.102+0900][gc,heap,coops] Heap address: 0x00000007c0000000, size: 1024 MB, Compressed Oops mode: Zero based, Oop shift amount: 3
[2023-07-10T22:40:49.264+0900][gc,start     ] GC(0) Pause Young (Concurrent Start) (Metadata GC Threshold)
[2023-07-10T22:40:49.264+0900][gc,task      ] GC(0) Using 9 workers of 9 for evacuation
[2023-07-10T22:40:49.275+0900][gc,phases    ] GC(0)   Pre Evacuate Collection Set: 0.0ms
[2023-07-10T22:40:49.275+0900][gc,phases    ] GC(0)   Evacuate Collection Set: 10.5ms
[2023-07-10T22:40:49.275+0900][gc,phases    ] GC(0)   Post Evacuate Collection Set: 0.4ms
[2023-07-10T22:40:49.275+0900][gc,phases    ] GC(0)   Other: 0.7ms
[2023-07-10T22:40:49.275+0900][gc,heap      ] GC(0) Eden regions: 47->0(44)
[2023-07-10T22:40:49.275+0900][gc,heap      ] GC(0) Survivor regions: 0->7(7)
[2023-07-10T22:40:49.275+0900][gc,heap      ] GC(0) Old regions: 0->0
[2023-07-10T22:40:49.275+0900][gc,heap      ] GC(0) Humongous regions: 0->0
[2023-07-10T22:40:49.275+0900][gc,metaspace ] GC(0) Metaspace: 20630K->20630K(1069056K)
[2023-07-10T22:40:49.275+0900][gc           ] GC(0) Pause Young (Concurrent Start) (Metadata GC Threshold) 46M->6M(1024M) 11.686ms
[2023-07-10T22:40:49.275+0900][gc,cpu       ] GC(0) User=0.04s Sys=0.02s Real=0.01s
[2023-07-10T22:40:49.276+0900][gc           ] GC(1) Concurrent Cycle
[2023-07-10T22:40:49.276+0900][gc,marking   ] GC(1) Concurrent Clear Claimed Marks
[2023-07-10T22:40:49.276+0900][gc,marking   ] GC(1) Concurrent Clear Claimed Marks 0.029ms
[2023-07-10T22:40:49.276+0900][gc,marking   ] GC(1) Concurrent Scan Root Regions
[2023-07-10T22:40:49.277+0900][gc,marking   ] GC(1) Concurrent Scan Root Regions 1.513ms
[2023-07-10T22:40:49.277+0900][gc,marking   ] GC(1) Concurrent Mark (1.190s)
[2023-07-10T22:40:49.278+0900][gc,marking   ] GC(1) Concurrent Mark From Roots
[2023-07-10T22:40:49.278+0900][gc,task      ] GC(1) Using 2 workers of 2 for marking
[2023-07-10T22:40:49.278+0900][gc,marking   ] GC(1) Concurrent Mark From Roots 0.137ms
[2023-07-10T22:40:49.278+0900][gc,marking   ] GC(1) Concurrent Preclean
[2023-07-10T22:40:49.278+0900][gc,marking   ] GC(1) Concurrent Preclean 0.029ms
[2023-07-10T22:40:49.278+0900][gc,marking   ] GC(1) Concurrent Mark (1.190s, 1.191s) 0.726ms
[2023-07-10T22:40:49.278+0900][gc,start     ] GC(1) Pause Remark
[2023-07-10T22:40:49.282+0900][gc,stringtable] GC(1) Cleaned string and symbol table, strings: 7148 processed, 0 removed, symbols: 65910 processed, 29 removed
[2023-07-10T22:40:49.283+0900][gc            ] GC(1) Pause Remark 7M->7M(1024M) 4.226ms
[2023-07-10T22:40:49.283+0900][gc,cpu        ] GC(1) User=0.00s Sys=0.01s Real=0.01s
[2023-07-10T22:40:49.283+0900][gc,marking    ] GC(1) Concurrent Rebuild Remembered Sets
[2023-07-10T22:40:49.283+0900][gc,marking    ] GC(1) Concurrent Rebuild Remembered Sets 0.054ms
[2023-07-10T22:40:49.283+0900][gc,start      ] GC(1) Pause Cleanup
[2023-07-10T22:40:49.283+0900][gc            ] GC(1) Pause Cleanup 7M->7M(1024M) 0.147ms
[2023-07-10T22:40:49.283+0900][gc,cpu        ] GC(1) User=0.01s Sys=0.00s Real=0.00s
[2023-07-10T22:40:49.283+0900][gc,marking    ] GC(1) Concurrent Cleanup for Next Mark
[2023-07-10T22:40:49.287+0900][gc,marking    ] GC(1) Concurrent Cleanup for Next Mark 3.532ms
[2023-07-10T22:40:49.288+0900][gc            ] GC(1) Concurrent Cycle 12.532ms
[2023-07-10T22:40:50.108+0900][gc,start      ] GC(2) Pause Young (Normal) (G1 Evacuation Pause)
[2023-07-10T22:40:50.108+0900][gc,task       ] GC(2) Using 9 workers of 9 for evacuation
[2023-07-10T22:40:50.126+0900][gc,phases     ] GC(2)   Pre Evacuate Collection Set: 0.0ms
[2023-07-10T22:40:50.126+0900][gc,phases     ] GC(2)   Evacuate Collection Set: 17.6ms
[2023-07-10T22:40:50.126+0900][gc,phases     ] GC(2)   Post Evacuate Collection Set: 0.5ms
[2023-07-10T22:40:50.126+0900][gc,phases     ] GC(2)   Other: 0.2ms
[2023-07-10T22:40:50.126+0900][gc,heap       ] GC(2) Eden regions: 44->0(49)
[2023-07-10T22:40:50.126+0900][gc,heap       ] GC(2) Survivor regions: 7->2(7)
[2023-07-10T22:40:50.126+0900][gc,heap       ] GC(2) Old regions: 0->7
[2023-07-10T22:40:50.126+0900][gc,heap       ] GC(2) Humongous regions: 0->0
[2023-07-10T22:40:50.126+0900][gc,metaspace  ] GC(2) Metaspace: 29232K->29232K(1075200K)
[2023-07-10T22:40:50.126+0900][gc            ] GC(2) Pause Young (Normal) (G1 Evacuation Pause) 50M->8M(1024M) 18.460ms
[2023-07-10T22:40:50.126+0900][gc,cpu        ] GC(2) User=0.09s Sys=0.03s Real=0.02s
[2023-07-10T22:40:51.291+0900][gc,start      ] GC(3) Pause Young (Concurrent Start) (Metadata GC Threshold)
[2023-07-10T22:40:51.291+0900][gc,task       ] GC(3) Using 9 workers of 9 for evacuation
[2023-07-10T22:40:51.297+0900][gc,phases     ] GC(3)   Pre Evacuate Collection Set: 0.0ms
[2023-07-10T22:40:51.297+0900][gc,phases     ] GC(3)   Evacuate Collection Set: 5.7ms
[2023-07-10T22:40:51.297+0900][gc,phases     ] GC(3)   Post Evacuate Collection Set: 0.2ms
[2023-07-10T22:40:51.297+0900][gc,phases     ] GC(3)   Other: 0.2ms
[2023-07-10T22:40:51.297+0900][gc,heap       ] GC(3) Eden regions: 40->0(47)
[2023-07-10T22:40:51.297+0900][gc,heap       ] GC(3) Survivor regions: 2->4(7)
[2023-07-10T22:40:51.297+0900][gc,heap       ] GC(3) Old regions: 7->7
[2023-07-10T22:40:51.297+0900][gc,heap       ] GC(3) Humongous regions: 129->129
[2023-07-10T22:40:51.297+0900][gc,metaspace  ] GC(3) Metaspace: 34731K->34731K(1081344K)
[2023-07-10T22:40:51.297+0900][gc            ] GC(3) Pause Young (Concurrent Start) (Metadata GC Threshold) 177M->139M(1024M) 6.210ms
[2023-07-10T22:40:51.297+0900][gc,cpu        ] GC(3) User=0.04s Sys=0.00s Real=0.00s
[2023-07-10T22:40:51.297+0900][gc            ] GC(4) Concurrent Cycle
[2023-07-10T22:40:51.297+0900][gc,marking    ] GC(4) Concurrent Clear Claimed Marks
[2023-07-10T22:40:51.297+0900][gc,marking    ] GC(4) Concurrent Clear Claimed Marks 0.015ms
[2023-07-10T22:40:51.297+0900][gc,marking    ] GC(4) Concurrent Scan Root Regions
[2023-07-10T22:40:51.298+0900][gc,marking    ] GC(4) Concurrent Scan Root Regions 1.053ms
[2023-07-10T22:40:51.298+0900][gc,marking    ] GC(4) Concurrent Mark (3.211s)
[2023-07-10T22:40:51.298+0900][gc,marking    ] GC(4) Concurrent Mark From Roots
[2023-07-10T22:40:51.298+0900][gc,task       ] GC(4) Using 2 workers of 2 for marking
[2023-07-10T22:40:51.301+0900][gc,marking    ] GC(4) Concurrent Mark From Roots 3.271ms
[2023-07-10T22:40:51.301+0900][gc,marking    ] GC(4) Concurrent Preclean
[2023-07-10T22:40:51.301+0900][gc,marking    ] GC(4) Concurrent Preclean 0.042ms
[2023-07-10T22:40:51.301+0900][gc,marking    ] GC(4) Concurrent Mark (3.211s, 3.214s) 3.363ms
[2023-07-10T22:40:51.302+0900][gc,start      ] GC(4) Pause Remark
[2023-07-10T22:40:51.312+0900][gc,stringtable] GC(4) Cleaned string and symbol table, strings: 10975 processed, 11 removed, symbols: 98237 processed, 23 removed
[2023-07-10T22:40:51.312+0900][gc            ] GC(4) Pause Remark 140M->140M(1024M) 10.176ms
[2023-07-10T22:40:51.312+0900][gc,cpu        ] GC(4) User=0.01s Sys=0.01s Real=0.01s
[2023-07-10T22:40:51.312+0900][gc,marking    ] GC(4) Concurrent Rebuild Remembered Sets
[2023-07-10T22:40:51.323+0900][gc,marking    ] GC(4) Concurrent Rebuild Remembered Sets 11.017ms
[2023-07-10T22:40:51.324+0900][gc,start      ] GC(4) Pause Cleanup
[2023-07-10T22:40:51.324+0900][gc            ] GC(4) Pause Cleanup 140M->140M(1024M) 0.153ms
[2023-07-10T22:40:51.324+0900][gc,cpu        ] GC(4) User=0.00s Sys=0.00s Real=0.00s
[2023-07-10T22:40:51.324+0900][gc,marking    ] GC(4) Concurrent Cleanup for Next Mark
[2023-07-10T22:40:51.327+0900][gc,marking    ] GC(4) Concurrent Cleanup for Next Mark 3.162ms
[2023-07-10T22:40:51.327+0900][gc            ] GC(4) Concurrent Cycle 30.530ms
[2023-07-10T22:40:51.838+0900][gc,start      ] GC(5) Pause Young (Normal) (G1 Evacuation Pause)
[2023-07-10T22:40:51.839+0900][gc,task       ] GC(5) Using 9 workers of 9 for evacuation
[2023-07-10T22:40:51.847+0900][gc,phases     ] GC(5)   Pre Evacuate Collection Set: 0.0ms
[2023-07-10T22:40:51.847+0900][gc,phases     ] GC(5)   Evacuate Collection Set: 8.3ms
[2023-07-10T22:40:51.847+0900][gc,phases     ] GC(5)   Post Evacuate Collection Set: 0.4ms
[2023-07-10T22:40:51.847+0900][gc,phases     ] GC(5)   Other: 0.2ms
[2023-07-10T22:40:51.847+0900][gc,heap       ] GC(5) Eden regions: 47->0(44)
[2023-07-10T22:40:51.847+0900][gc,heap       ] GC(5) Survivor regions: 4->7(7)
[2023-07-10T22:40:51.847+0900][gc,heap       ] GC(5) Old regions: 7->8
[2023-07-10T22:40:51.847+0900][gc,heap       ] GC(5) Humongous regions: 129->129
[2023-07-10T22:40:51.847+0900][gc,metaspace  ] GC(5) Metaspace: 42346K->42346K(1087488K)
[2023-07-10T22:40:51.847+0900][gc            ] GC(5) Pause Young (Normal) (G1 Evacuation Pause) 186M->143M(1024M) 8.976ms
[2023-07-10T22:40:51.847+0900][gc,cpu        ] GC(5) User=0.05s Sys=0.02s Real=0.01s
[2023-07-10T22:42:05.606+0900][gc,start      ] GC(6) Pause Young (Normal) (G1 Evacuation Pause)
[2023-07-10T22:42:05.607+0900][gc,task       ] GC(6) Using 9 workers of 9 for evacuation
[2023-07-10T22:42:05.618+0900][gc,phases     ] GC(6)   Pre Evacuate Collection Set: 0.0ms
[2023-07-10T22:42:05.618+0900][gc,phases     ] GC(6)   Evacuate Collection Set: 10.5ms
[2023-07-10T22:42:05.618+0900][gc,phases     ] GC(6)   Post Evacuate Collection Set: 0.8ms
[2023-07-10T22:42:05.618+0900][gc,phases     ] GC(6)   Other: 1.0ms
[2023-07-10T22:42:05.618+0900][gc,heap       ] GC(6) Eden regions: 44->0(48)
[2023-07-10T22:42:05.618+0900][gc,heap       ] GC(6) Survivor regions: 7->3(7)
[2023-07-10T22:42:05.618+0900][gc,heap       ] GC(6) Old regions: 8->14
[2023-07-10T22:42:05.618+0900][gc,heap       ] GC(6) Humongous regions: 171->129
[2023-07-10T22:42:05.618+0900][gc,metaspace  ] GC(6) Metaspace: 48532K->48532K(1093632K)
[2023-07-10T22:42:05.618+0900][gc            ] GC(6) Pause Young (Normal) (G1 Evacuation Pause) 229M->145M(1024M) 12.476ms
[2023-07-10T22:42:05.618+0900][gc,cpu        ] GC(6) User=0.04s Sys=0.02s Real=0.01s
[2023-07-10T22:43:55.189+0900][gc,start      ] GC(7) Pause Young (Normal) (G1 Evacuation Pause)
[2023-07-10T22:43:55.191+0900][gc,task       ] GC(7) Using 9 workers of 9 for evacuation
[2023-07-10T22:43:55.208+0900][gc,phases     ] GC(7)   Pre Evacuate Collection Set: 0.2ms
[2023-07-10T22:43:55.208+0900][gc,phases     ] GC(7)   Evacuate Collection Set: 15.8ms
[2023-07-10T22:43:55.208+0900][gc,phases     ] GC(7)   Post Evacuate Collection Set: 0.9ms
[2023-07-10T22:43:55.208+0900][gc,phases     ] GC(7)   Other: 2.0ms
[2023-07-10T22:43:55.208+0900][gc,heap       ] GC(7) Eden regions: 48->0(46)
[2023-07-10T22:43:55.208+0900][gc,heap       ] GC(7) Survivor regions: 3->5(7)
[2023-07-10T22:43:55.208+0900][gc,heap       ] GC(7) Old regions: 14->14
[2023-07-10T22:43:55.208+0900][gc,heap       ] GC(7) Humongous regions: 129->129
[2023-07-10T22:43:55.208+0900][gc,metaspace  ] GC(7) Metaspace: 51393K->51393K(1095680K)
[2023-07-10T22:43:55.208+0900][gc            ] GC(7) Pause Young (Normal) (G1 Evacuation Pause) 193M->147M(1024M) 18.931ms
[2023-07-10T22:43:55.208+0900][gc,cpu        ] GC(7) User=0.07s Sys=0.02s Real=0.02s
[2023-07-10T22:46:06.050+0900][gc,start      ] GC(8) Pause Young (Normal) (G1 Evacuation Pause)
[2023-07-10T22:46:06.051+0900][gc,task       ] GC(8) Using 9 workers of 9 for evacuation
[2023-07-10T22:46:06.073+0900][gc,mmu        ] GC(8) MMU target violated: 21.0ms (20.0ms/21.0ms)
[2023-07-10T22:46:06.073+0900][gc,phases     ] GC(8)   Pre Evacuate Collection Set: 0.1ms
[2023-07-10T22:46:06.073+0900][gc,phases     ] GC(8)   Evacuate Collection Set: 20.0ms
[2023-07-10T22:46:06.073+0900][gc,phases     ] GC(8)   Post Evacuate Collection Set: 0.9ms
[2023-07-10T22:46:06.073+0900][gc,phases     ] GC(8)   Other: 1.9ms
[2023-07-10T22:46:06.073+0900][gc,heap       ] GC(8) Eden regions: 46->0(47)
[2023-07-10T22:46:06.073+0900][gc,heap       ] GC(8) Survivor regions: 5->4(7)
[2023-07-10T22:46:06.073+0900][gc,heap       ] GC(8) Old regions: 14->16
[2023-07-10T22:46:06.073+0900][gc,heap       ] GC(8) Humongous regions: 129->129
[2023-07-10T22:46:06.073+0900][gc,metaspace  ] GC(8) Metaspace: 51775K->51775K(1095680K)
[2023-07-10T22:46:06.073+0900][gc            ] GC(8) Pause Young (Normal) (G1 Evacuation Pause) 193M->148M(1024M) 22.959ms
[2023-07-10T22:46:06.073+0900][gc,cpu        ] GC(8) User=0.11s Sys=0.04s Real=0.02s
[2023-07-10T22:48:32.064+0900][gc,start      ] GC(9) Pause Young (Normal) (G1 Evacuation Pause)
[2023-07-10T22:48:32.064+0900][gc,task       ] GC(9) Using 9 workers of 9 for evacuation
[2023-07-10T22:48:32.076+0900][gc,phases     ] GC(9)   Pre Evacuate Collection Set: 0.1ms
[2023-07-10T22:48:32.076+0900][gc,phases     ] GC(9)   Evacuate Collection Set: 10.9ms
[2023-07-10T22:48:32.076+0900][gc,phases     ] GC(9)   Post Evacuate Collection Set: 0.6ms
[2023-07-10T22:48:32.076+0900][gc,phases     ] GC(9)   Other: 1.1ms
[2023-07-10T22:48:32.076+0900][gc,heap       ] GC(9) Eden regions: 47->0(47)
[2023-07-10T22:48:32.076+0900][gc,heap       ] GC(9) Survivor regions: 4->4(7)
[2023-07-10T22:48:32.077+0900][gc,heap       ] GC(9) Old regions: 16->16
[2023-07-10T22:48:32.077+0900][gc,heap       ] GC(9) Humongous regions: 129->129
[2023-07-10T22:48:32.077+0900][gc,metaspace  ] GC(9) Metaspace: 51838K->51838K(1095680K)
[2023-07-10T22:48:32.077+0900][gc            ] GC(9) Pause Young (Normal) (G1 Evacuation Pause) 195M->148M(1024M) 12.785ms
[2023-07-10T22:48:32.077+0900][gc,cpu        ] GC(9) User=0.07s Sys=0.01s Real=0.01s
