[2023-07-08T17:00:16.106+0900][gc,heap] Heap region size: 1M
[2023-07-08T17:00:16.112+0900][gc     ] Using G1
[2023-07-08T17:00:16.112+0900][gc,heap,coops] Heap address: 0x00000007c0000000, size: 1024 MB, Compressed Oops mode: Zero based, Oop shift amount: 3
[2023-07-08T17:00:17.352+0900][gc,start     ] GC(0) Pause Young (Concurrent Start) (Metadata GC Threshold)
[2023-07-08T17:00:17.352+0900][gc,task      ] GC(0) Using 9 workers of 9 for evacuation
[2023-07-08T17:00:17.364+0900][gc,phases    ] GC(0)   Pre Evacuate Collection Set: 0.0ms
[2023-07-08T17:00:17.364+0900][gc,phases    ] GC(0)   Evacuate Collection Set: 10.3ms
[2023-07-08T17:00:17.364+0900][gc,phases    ] GC(0)   Post Evacuate Collection Set: 0.4ms
[2023-07-08T17:00:17.364+0900][gc,phases    ] GC(0)   Other: 0.8ms
[2023-07-08T17:00:17.364+0900][gc,heap      ] GC(0) Eden regions: 47->0(44)
[2023-07-08T17:00:17.364+0900][gc,heap      ] GC(0) Survivor regions: 0->7(7)
[2023-07-08T17:00:17.364+0900][gc,heap      ] GC(0) Old regions: 0->0
[2023-07-08T17:00:17.364+0900][gc,heap      ] GC(0) Humongous regions: 0->0
[2023-07-08T17:00:17.364+0900][gc,metaspace ] GC(0) Metaspace: 20618K->20618K(1069056K)
[2023-07-08T17:00:17.364+0900][gc           ] GC(0) Pause Young (Concurrent Start) (Metadata GC Threshold) 46M->6M(1024M) 11.670ms
[2023-07-08T17:00:17.364+0900][gc,cpu       ] GC(0) User=0.04s Sys=0.02s Real=0.01s
[2023-07-08T17:00:17.364+0900][gc           ] GC(1) Concurrent Cycle
[2023-07-08T17:00:17.364+0900][gc,marking   ] GC(1) Concurrent Clear Claimed Marks
[2023-07-08T17:00:17.364+0900][gc,marking   ] GC(1) Concurrent Clear Claimed Marks 0.066ms
[2023-07-08T17:00:17.364+0900][gc,marking   ] GC(1) Concurrent Scan Root Regions
[2023-07-08T17:00:17.367+0900][gc,marking   ] GC(1) Concurrent Scan Root Regions 2.753ms
[2023-07-08T17:00:17.368+0900][gc,marking   ] GC(1) Concurrent Mark (1.269s)
[2023-07-08T17:00:17.368+0900][gc,marking   ] GC(1) Concurrent Mark From Roots
[2023-07-08T17:00:17.368+0900][gc,task      ] GC(1) Using 2 workers of 2 for marking
[2023-07-08T17:00:17.371+0900][gc,marking   ] GC(1) Concurrent Mark From Roots 3.357ms
[2023-07-08T17:00:17.371+0900][gc,marking   ] GC(1) Concurrent Preclean
[2023-07-08T17:00:17.371+0900][gc,marking   ] GC(1) Concurrent Preclean 0.030ms
[2023-07-08T17:00:17.371+0900][gc,marking   ] GC(1) Concurrent Mark (1.269s, 1.272s) 3.488ms
[2023-07-08T17:00:17.372+0900][gc,start     ] GC(1) Pause Remark
[2023-07-08T17:00:17.376+0900][gc,stringtable] GC(1) Cleaned string and symbol table, strings: 7143 processed, 0 removed, symbols: 65884 processed, 29 removed
[2023-07-08T17:00:17.377+0900][gc            ] GC(1) Pause Remark 7M->7M(1024M) 5.030ms
[2023-07-08T17:00:17.377+0900][gc,cpu        ] GC(1) User=0.01s Sys=0.01s Real=0.00s
[2023-07-08T17:00:17.377+0900][gc,marking    ] GC(1) Concurrent Rebuild Remembered Sets
[2023-07-08T17:00:17.377+0900][gc,marking    ] GC(1) Concurrent Rebuild Remembered Sets 0.067ms
[2023-07-08T17:00:17.377+0900][gc,start      ] GC(1) Pause Cleanup
[2023-07-08T17:00:17.378+0900][gc            ] GC(1) Pause Cleanup 7M->7M(1024M) 0.526ms
[2023-07-08T17:00:17.378+0900][gc,cpu        ] GC(1) User=0.00s Sys=0.00s Real=0.00s
[2023-07-08T17:00:17.378+0900][gc,marking    ] GC(1) Concurrent Cleanup for Next Mark
[2023-07-08T17:00:17.382+0900][gc,marking    ] GC(1) Concurrent Cleanup for Next Mark 4.081ms
[2023-07-08T17:00:17.382+0900][gc            ] GC(1) Concurrent Cycle 18.259ms
[2023-07-08T17:00:18.287+0900][gc,start      ] GC(2) Pause Young (Normal) (G1 Evacuation Pause)
[2023-07-08T17:00:18.287+0900][gc,task       ] GC(2) Using 9 workers of 9 for evacuation
[2023-07-08T17:00:18.304+0900][gc,phases     ] GC(2)   Pre Evacuate Collection Set: 0.0ms
[2023-07-08T17:00:18.304+0900][gc,phases     ] GC(2)   Evacuate Collection Set: 17.2ms
[2023-07-08T17:00:18.304+0900][gc,phases     ] GC(2)   Post Evacuate Collection Set: 0.4ms
[2023-07-08T17:00:18.304+0900][gc,phases     ] GC(2)   Other: 0.2ms
[2023-07-08T17:00:18.304+0900][gc,heap       ] GC(2) Eden regions: 44->0(48)
[2023-07-08T17:00:18.304+0900][gc,heap       ] GC(2) Survivor regions: 7->3(7)
[2023-07-08T17:00:18.304+0900][gc,heap       ] GC(2) Old regions: 0->7
[2023-07-08T17:00:18.304+0900][gc,heap       ] GC(2) Humongous regions: 129->129
[2023-07-08T17:00:18.304+0900][gc,metaspace  ] GC(2) Metaspace: 29059K->29059K(1075200K)
[2023-07-08T17:00:18.305+0900][gc            ] GC(2) Pause Young (Normal) (G1 Evacuation Pause) 179M->137M(1024M) 17.985ms
[2023-07-08T17:00:18.305+0900][gc,cpu        ] GC(2) User=0.08s Sys=0.03s Real=0.02s
[2023-07-08T17:00:18.740+0900][gc,start      ] GC(3) Pause Young (Concurrent Start) (Metadata GC Threshold)
[2023-07-08T17:00:18.740+0900][gc,task       ] GC(3) Using 9 workers of 9 for evacuation
[2023-07-08T17:00:18.745+0900][gc,phases     ] GC(3)   Pre Evacuate Collection Set: 0.0ms
[2023-07-08T17:00:18.745+0900][gc,phases     ] GC(3)   Evacuate Collection Set: 4.1ms
[2023-07-08T17:00:18.745+0900][gc,phases     ] GC(3)   Post Evacuate Collection Set: 0.3ms
[2023-07-08T17:00:18.745+0900][gc,phases     ] GC(3)   Other: 0.2ms
[2023-07-08T17:00:18.745+0900][gc,heap       ] GC(3) Eden regions: 35->0(46)
[2023-07-08T17:00:18.745+0900][gc,heap       ] GC(3) Survivor regions: 3->5(7)
[2023-07-08T17:00:18.745+0900][gc,heap       ] GC(3) Old regions: 7->7
[2023-07-08T17:00:18.745+0900][gc,heap       ] GC(3) Humongous regions: 129->129
[2023-07-08T17:00:18.745+0900][gc,metaspace  ] GC(3) Metaspace: 34791K->34791K(1081344K)
[2023-07-08T17:00:18.745+0900][gc            ] GC(3) Pause Young (Concurrent Start) (Metadata GC Threshold) 172M->140M(1024M) 4.685ms
[2023-07-08T17:00:18.745+0900][gc,cpu        ] GC(3) User=0.02s Sys=0.01s Real=0.00s
[2023-07-08T17:00:18.745+0900][gc            ] GC(4) Concurrent Cycle
[2023-07-08T17:00:18.745+0900][gc,marking    ] GC(4) Concurrent Clear Claimed Marks
[2023-07-08T17:00:18.745+0900][gc,marking    ] GC(4) Concurrent Clear Claimed Marks 0.019ms
[2023-07-08T17:00:18.745+0900][gc,marking    ] GC(4) Concurrent Scan Root Regions
[2023-07-08T17:00:18.746+0900][gc,marking    ] GC(4) Concurrent Scan Root Regions 1.288ms
[2023-07-08T17:00:18.746+0900][gc,marking    ] GC(4) Concurrent Mark (2.647s)
[2023-07-08T17:00:18.746+0900][gc,marking    ] GC(4) Concurrent Mark From Roots
[2023-07-08T17:00:18.746+0900][gc,task       ] GC(4) Using 2 workers of 2 for marking
[2023-07-08T17:00:18.751+0900][gc,marking    ] GC(4) Concurrent Mark From Roots 5.222ms
[2023-07-08T17:00:18.751+0900][gc,marking    ] GC(4) Concurrent Preclean
[2023-07-08T17:00:18.751+0900][gc,marking    ] GC(4) Concurrent Preclean 0.051ms
[2023-07-08T17:00:18.751+0900][gc,marking    ] GC(4) Concurrent Mark (2.647s, 2.652s) 5.318ms
[2023-07-08T17:00:18.752+0900][gc,start      ] GC(4) Pause Remark
[2023-07-08T17:00:18.760+0900][gc,stringtable] GC(4) Cleaned string and symbol table, strings: 11670 processed, 12 removed, symbols: 98349 processed, 25 removed
[2023-07-08T17:00:18.760+0900][gc            ] GC(4) Pause Remark 140M->140M(1024M) 8.369ms
[2023-07-08T17:00:18.760+0900][gc,cpu        ] GC(4) User=0.01s Sys=0.01s Real=0.01s
[2023-07-08T17:00:18.760+0900][gc,marking    ] GC(4) Concurrent Rebuild Remembered Sets
[2023-07-08T17:00:18.763+0900][gc,marking    ] GC(4) Concurrent Rebuild Remembered Sets 2.498ms
[2023-07-08T17:00:18.763+0900][gc,start      ] GC(4) Pause Cleanup
[2023-07-08T17:00:18.763+0900][gc            ] GC(4) Pause Cleanup 140M->140M(1024M) 0.171ms
[2023-07-08T17:00:18.763+0900][gc,cpu        ] GC(4) User=0.00s Sys=0.00s Real=0.00s
[2023-07-08T17:00:18.764+0900][gc,marking    ] GC(4) Concurrent Cleanup for Next Mark
[2023-07-08T17:00:18.767+0900][gc,marking    ] GC(4) Concurrent Cleanup for Next Mark 3.852ms
[2023-07-08T17:00:18.767+0900][gc            ] GC(4) Concurrent Cycle 22.699ms
[2023-07-08T17:03:33.326+0900][gc,start      ] GC(5) Pause Young (Normal) (G1 Evacuation Pause)
[2023-07-08T17:03:33.328+0900][gc,task       ] GC(5) Using 9 workers of 9 for evacuation
[2023-07-08T17:03:33.355+0900][gc,mmu        ] GC(5) MMU target violated: 21.0ms (20.0ms/21.0ms)
[2023-07-08T17:03:33.355+0900][gc,phases     ] GC(5)   Pre Evacuate Collection Set: 0.2ms
[2023-07-08T17:03:33.355+0900][gc,phases     ] GC(5)   Evacuate Collection Set: 25.7ms
[2023-07-08T17:03:33.355+0900][gc,phases     ] GC(5)   Post Evacuate Collection Set: 0.5ms
[2023-07-08T17:03:33.355+0900][gc,phases     ] GC(5)   Other: 2.6ms
[2023-07-08T17:03:33.355+0900][gc,heap       ] GC(5) Eden regions: 46->0(45)
[2023-07-08T17:03:33.355+0900][gc,heap       ] GC(5) Survivor regions: 5->6(7)
[2023-07-08T17:03:33.355+0900][gc,heap       ] GC(5) Old regions: 7->9
[2023-07-08T17:03:33.355+0900][gc,heap       ] GC(5) Humongous regions: 129->129
[2023-07-08T17:03:33.355+0900][gc,metaspace  ] GC(5) Metaspace: 42165K->42165K(1087488K)
[2023-07-08T17:03:33.355+0900][gc            ] GC(5) Pause Young (Normal) (G1 Evacuation Pause) 186M->142M(1024M) 28.928ms
[2023-07-08T17:03:33.355+0900][gc,cpu        ] GC(5) User=0.08s Sys=0.02s Real=0.03s
[2023-07-08T17:06:16.323+0900][gc,heap,exit  ] Heap
[2023-07-08T17:06:16.323+0900][gc,heap,exit  ]  garbage-first heap   total 1048576K, used 172736K [0x00000007c0000000, 0x0000000800000000)
[2023-07-08T17:06:16.323+0900][gc,heap,exit  ]   region size 1024K, 33 young (33792K), 6 survivors (6144K)
[2023-07-08T17:06:16.323+0900][gc,heap,exit  ]  Metaspace       used 44506K, capacity 46199K, committed 46464K, reserved 1089536K
[2023-07-08T17:06:16.323+0900][gc,heap,exit  ]   class space    used 5183K, capacity 5992K, committed 6016K, reserved 1048576K
