[2023-07-10T11:44:39.737+0900][gc,heap] Heap region size: 1M
[2023-07-10T11:44:39.743+0900][gc     ] Using G1
[2023-07-10T11:44:39.743+0900][gc,heap,coops] Heap address: 0x00000007c0000000, size: 1024 MB, Compressed Oops mode: Zero based, Oop shift amount: 3
[2023-07-10T11:44:40.909+0900][gc,start     ] GC(0) Pause Young (Concurrent Start) (Metadata GC Threshold)
[2023-07-10T11:44:40.909+0900][gc,task      ] GC(0) Using 9 workers of 9 for evacuation
[2023-07-10T11:44:40.920+0900][gc,phases    ] GC(0)   Pre Evacuate Collection Set: 0.0ms
[2023-07-10T11:44:40.920+0900][gc,phases    ] GC(0)   Evacuate Collection Set: 10.1ms
[2023-07-10T11:44:40.920+0900][gc,phases    ] GC(0)   Post Evacuate Collection Set: 0.5ms
[2023-07-10T11:44:40.920+0900][gc,phases    ] GC(0)   Other: 0.7ms
[2023-07-10T11:44:40.920+0900][gc,heap      ] GC(0) Eden regions: 47->0(44)
[2023-07-10T11:44:40.920+0900][gc,heap      ] GC(0) Survivor regions: 0->7(7)
[2023-07-10T11:44:40.920+0900][gc,heap      ] GC(0) Old regions: 0->0
[2023-07-10T11:44:40.920+0900][gc,heap      ] GC(0) Humongous regions: 0->0
[2023-07-10T11:44:40.920+0900][gc,metaspace ] GC(0) Metaspace: 20624K->20624K(1069056K)
[2023-07-10T11:44:40.920+0900][gc           ] GC(0) Pause Young (Concurrent Start) (Metadata GC Threshold) 46M->6M(1024M) 11.428ms
[2023-07-10T11:44:40.920+0900][gc,cpu       ] GC(0) User=0.05s Sys=0.02s Real=0.02s
[2023-07-10T11:44:40.920+0900][gc           ] GC(1) Concurrent Cycle
[2023-07-10T11:44:40.920+0900][gc,marking   ] GC(1) Concurrent Clear Claimed Marks
[2023-07-10T11:44:40.920+0900][gc,marking   ] GC(1) Concurrent Clear Claimed Marks 0.036ms
[2023-07-10T11:44:40.920+0900][gc,marking   ] GC(1) Concurrent Scan Root Regions
[2023-07-10T11:44:40.922+0900][gc,marking   ] GC(1) Concurrent Scan Root Regions 1.584ms
[2023-07-10T11:44:40.922+0900][gc,marking   ] GC(1) Concurrent Mark (1.192s)
[2023-07-10T11:44:40.922+0900][gc,marking   ] GC(1) Concurrent Mark From Roots
[2023-07-10T11:44:40.922+0900][gc,task      ] GC(1) Using 2 workers of 2 for marking
[2023-07-10T11:44:40.923+0900][gc,marking   ] GC(1) Concurrent Mark From Roots 0.160ms
[2023-07-10T11:44:40.923+0900][gc,marking   ] GC(1) Concurrent Preclean
[2023-07-10T11:44:40.923+0900][gc,marking   ] GC(1) Concurrent Preclean 0.025ms
[2023-07-10T11:44:40.923+0900][gc,marking   ] GC(1) Concurrent Mark (1.192s, 1.192s) 0.732ms
[2023-07-10T11:44:40.923+0900][gc,start     ] GC(1) Pause Remark
[2023-07-10T11:44:40.927+0900][gc,stringtable] GC(1) Cleaned string and symbol table, strings: 7126 processed, 0 removed, symbols: 65908 processed, 29 removed
[2023-07-10T11:44:40.927+0900][gc            ] GC(1) Pause Remark 7M->7M(1024M) 4.569ms
[2023-07-10T11:44:40.927+0900][gc,cpu        ] GC(1) User=0.01s Sys=0.00s Real=0.00s
[2023-07-10T11:44:40.927+0900][gc,marking    ] GC(1) Concurrent Rebuild Remembered Sets
[2023-07-10T11:44:40.928+0900][gc,marking    ] GC(1) Concurrent Rebuild Remembered Sets 0.033ms
[2023-07-10T11:44:40.928+0900][gc,start      ] GC(1) Pause Cleanup
[2023-07-10T11:44:40.928+0900][gc            ] GC(1) Pause Cleanup 7M->7M(1024M) 0.099ms
[2023-07-10T11:44:40.928+0900][gc,cpu        ] GC(1) User=0.00s Sys=0.00s Real=0.00s
[2023-07-10T11:44:40.928+0900][gc,marking    ] GC(1) Concurrent Cleanup for Next Mark
[2023-07-10T11:44:40.931+0900][gc,marking    ] GC(1) Concurrent Cleanup for Next Mark 3.246ms
[2023-07-10T11:44:40.934+0900][gc            ] GC(1) Concurrent Cycle 14.147ms
[2023-07-10T11:44:41.700+0900][gc,start      ] GC(2) Pause Young (Normal) (G1 Evacuation Pause)
[2023-07-10T11:44:41.700+0900][gc,task       ] GC(2) Using 9 workers of 9 for evacuation
[2023-07-10T11:44:41.716+0900][gc,phases     ] GC(2)   Pre Evacuate Collection Set: 0.0ms
[2023-07-10T11:44:41.716+0900][gc,phases     ] GC(2)   Evacuate Collection Set: 15.2ms
[2023-07-10T11:44:41.716+0900][gc,phases     ] GC(2)   Post Evacuate Collection Set: 0.8ms
[2023-07-10T11:44:41.716+0900][gc,phases     ] GC(2)   Other: 0.1ms
[2023-07-10T11:44:41.716+0900][gc,heap       ] GC(2) Eden regions: 44->0(49)
[2023-07-10T11:44:41.716+0900][gc,heap       ] GC(2) Survivor regions: 7->2(7)
[2023-07-10T11:44:41.716+0900][gc,heap       ] GC(2) Old regions: 0->7
[2023-07-10T11:44:41.716+0900][gc,heap       ] GC(2) Humongous regions: 0->0
[2023-07-10T11:44:41.716+0900][gc,metaspace  ] GC(2) Metaspace: 29242K->29242K(1075200K)
[2023-07-10T11:44:41.716+0900][gc            ] GC(2) Pause Young (Normal) (G1 Evacuation Pause) 50M->8M(1024M) 16.220ms
[2023-07-10T11:44:41.716+0900][gc,cpu        ] GC(2) User=0.07s Sys=0.03s Real=0.01s
[2023-07-10T11:44:42.542+0900][gc,start      ] GC(3) Pause Young (Concurrent Start) (Metadata GC Threshold)
[2023-07-10T11:44:42.542+0900][gc,task       ] GC(3) Using 9 workers of 9 for evacuation
[2023-07-10T11:44:42.548+0900][gc,phases     ] GC(3)   Pre Evacuate Collection Set: 0.0ms
[2023-07-10T11:44:42.548+0900][gc,phases     ] GC(3)   Evacuate Collection Set: 5.2ms
[2023-07-10T11:44:42.548+0900][gc,phases     ] GC(3)   Post Evacuate Collection Set: 0.2ms
[2023-07-10T11:44:42.548+0900][gc,phases     ] GC(3)   Other: 0.2ms
[2023-07-10T11:44:42.548+0900][gc,heap       ] GC(3) Eden regions: 36->0(47)
[2023-07-10T11:44:42.548+0900][gc,heap       ] GC(3) Survivor regions: 2->4(7)
[2023-07-10T11:44:42.548+0900][gc,heap       ] GC(3) Old regions: 7->7
[2023-07-10T11:44:42.548+0900][gc,heap       ] GC(3) Humongous regions: 129->129
[2023-07-10T11:44:42.548+0900][gc,metaspace  ] GC(3) Metaspace: 34759K->34759K(1081344K)
[2023-07-10T11:44:42.548+0900][gc            ] GC(3) Pause Young (Concurrent Start) (Metadata GC Threshold) 173M->138M(1024M) 5.677ms
[2023-07-10T11:44:42.548+0900][gc,cpu        ] GC(3) User=0.03s Sys=0.00s Real=0.00s
[2023-07-10T11:44:42.548+0900][gc            ] GC(4) Concurrent Cycle
[2023-07-10T11:44:42.548+0900][gc,marking    ] GC(4) Concurrent Clear Claimed Marks
[2023-07-10T11:44:42.548+0900][gc,marking    ] GC(4) Concurrent Clear Claimed Marks 0.018ms
[2023-07-10T11:44:42.548+0900][gc,marking    ] GC(4) Concurrent Scan Root Regions
[2023-07-10T11:44:42.549+0900][gc,marking    ] GC(4) Concurrent Scan Root Regions 1.039ms
[2023-07-10T11:44:42.550+0900][gc,marking    ] GC(4) Concurrent Mark (2.820s)
[2023-07-10T11:44:42.550+0900][gc,marking    ] GC(4) Concurrent Mark From Roots
[2023-07-10T11:44:42.550+0900][gc,task       ] GC(4) Using 2 workers of 2 for marking
[2023-07-10T11:44:42.555+0900][gc,marking    ] GC(4) Concurrent Mark From Roots 4.822ms
[2023-07-10T11:44:42.555+0900][gc,marking    ] GC(4) Concurrent Preclean
[2023-07-10T11:44:42.555+0900][gc,marking    ] GC(4) Concurrent Preclean 0.102ms
[2023-07-10T11:44:42.555+0900][gc,marking    ] GC(4) Concurrent Mark (2.820s, 2.825s) 5.092ms
[2023-07-10T11:44:42.555+0900][gc,start      ] GC(4) Pause Remark
[2023-07-10T11:44:42.564+0900][gc,stringtable] GC(4) Cleaned string and symbol table, strings: 10851 processed, 10 removed, symbols: 98516 processed, 23 removed
[2023-07-10T11:44:42.565+0900][gc            ] GC(4) Pause Remark 139M->139M(1024M) 9.261ms
[2023-07-10T11:44:42.565+0900][gc,cpu        ] GC(4) User=0.01s Sys=0.01s Real=0.01s
[2023-07-10T11:44:42.565+0900][gc,marking    ] GC(4) Concurrent Rebuild Remembered Sets
[2023-07-10T11:44:42.574+0900][gc,marking    ] GC(4) Concurrent Rebuild Remembered Sets 8.950ms
[2023-07-10T11:44:42.574+0900][gc,start      ] GC(4) Pause Cleanup
[2023-07-10T11:44:42.574+0900][gc            ] GC(4) Pause Cleanup 139M->139M(1024M) 0.169ms
[2023-07-10T11:44:42.574+0900][gc,cpu        ] GC(4) User=0.00s Sys=0.00s Real=0.00s
[2023-07-10T11:44:42.574+0900][gc,marking    ] GC(4) Concurrent Cleanup for Next Mark
[2023-07-10T11:44:42.578+0900][gc,marking    ] GC(4) Concurrent Cleanup for Next Mark 3.869ms
[2023-07-10T11:44:42.578+0900][gc            ] GC(4) Concurrent Cycle 30.458ms
[2023-07-10T11:44:43.148+0900][gc,start      ] GC(5) Pause Young (Normal) (G1 Evacuation Pause)
[2023-07-10T11:44:43.148+0900][gc,task       ] GC(5) Using 9 workers of 9 for evacuation
[2023-07-10T11:44:43.157+0900][gc,phases     ] GC(5)   Pre Evacuate Collection Set: 0.0ms
[2023-07-10T11:44:43.157+0900][gc,phases     ] GC(5)   Evacuate Collection Set: 8.4ms
[2023-07-10T11:44:43.157+0900][gc,phases     ] GC(5)   Post Evacuate Collection Set: 0.3ms
[2023-07-10T11:44:43.157+0900][gc,phases     ] GC(5)   Other: 0.2ms
[2023-07-10T11:44:43.157+0900][gc,heap       ] GC(5) Eden regions: 47->0(44)
[2023-07-10T11:44:43.157+0900][gc,heap       ] GC(5) Survivor regions: 4->7(7)
[2023-07-10T11:44:43.157+0900][gc,heap       ] GC(5) Old regions: 7->7
[2023-07-10T11:44:43.157+0900][gc,heap       ] GC(5) Humongous regions: 129->129
[2023-07-10T11:44:43.157+0900][gc,metaspace  ] GC(5) Metaspace: 42476K->42476K(1087488K)
[2023-07-10T11:44:43.157+0900][gc            ] GC(5) Pause Young (Normal) (G1 Evacuation Pause) 185M->142M(1024M) 9.015ms
[2023-07-10T11:44:43.157+0900][gc,cpu        ] GC(5) User=0.06s Sys=0.02s Real=0.01s
[2023-07-10T11:50:43.889+0900][gc,start      ] GC(6) Pause Young (Normal) (G1 Evacuation Pause)
[2023-07-10T11:50:43.889+0900][gc,task       ] GC(6) Using 9 workers of 9 for evacuation
[2023-07-10T11:50:43.907+0900][gc,phases     ] GC(6)   Pre Evacuate Collection Set: 0.3ms
[2023-07-10T11:50:43.907+0900][gc,phases     ] GC(6)   Evacuate Collection Set: 16.2ms
[2023-07-10T11:50:43.907+0900][gc,phases     ] GC(6)   Post Evacuate Collection Set: 1.0ms
[2023-07-10T11:50:43.907+0900][gc,phases     ] GC(6)   Other: 0.2ms
[2023-07-10T11:50:43.907+0900][gc,heap       ] GC(6) Eden regions: 44->0(49)
[2023-07-10T11:50:43.907+0900][gc,heap       ] GC(6) Survivor regions: 7->2(7)
[2023-07-10T11:50:43.907+0900][gc,heap       ] GC(6) Old regions: 7->13
[2023-07-10T11:50:43.907+0900][gc,heap       ] GC(6) Humongous regions: 141->0
[2023-07-10T11:50:43.907+0900][gc,metaspace  ] GC(6) Metaspace: 47664K->47664K(1091584K)
[2023-07-10T11:50:43.907+0900][gc            ] GC(6) Pause Young (Normal) (G1 Evacuation Pause) 198M->14M(1024M) 17.840ms
[2023-07-10T11:50:43.907+0900][gc,cpu        ] GC(6) User=0.05s Sys=0.06s Real=0.02s
[2023-07-10T11:50:43.944+0900][gc,heap,exit  ] Heap
[2023-07-10T11:50:43.944+0900][gc,heap,exit  ]  garbage-first heap   total 1048576K, used 16759K [0x00000007c0000000, 0x0000000800000000)
[2023-07-10T11:50:43.945+0900][gc,heap,exit  ]   region size 1024K, 5 young (5120K), 2 survivors (2048K)
[2023-07-10T11:50:43.945+0900][gc,heap,exit  ]  Metaspace       used 47697K, capacity 49995K, committed 50048K, reserved 1091584K
[2023-07-10T11:50:43.945+0900][gc,heap,exit  ]   class space    used 5900K, capacity 7020K, committed 7040K, reserved 1048576K
