[2023-07-10T11:44:33.975+0900][gc,heap] Heap region size: 1M
[2023-07-10T11:44:33.978+0900][gc     ] Using G1
[2023-07-10T11:44:33.978+0900][gc,heap,coops] Heap address: 0x00000007e0000000, size: 512 MB, Compressed Oops mode: Zero based, Oop shift amount: 3
[2023-07-10T11:44:34.832+0900][gc,start     ] GC(0) Pause Young (Normal) (G1 Evacuation Pause)
[2023-07-10T11:44:34.833+0900][gc,task      ] GC(0) Using 9 workers of 9 for evacuation
[2023-07-10T11:44:34.843+0900][gc,phases    ] GC(0)   Pre Evacuate Collection Set: 0.0ms
[2023-07-10T11:44:34.843+0900][gc,phases    ] GC(0)   Evacuate Collection Set: 9.4ms
[2023-07-10T11:44:34.843+0900][gc,phases    ] GC(0)   Post Evacuate Collection Set: 0.3ms
[2023-07-10T11:44:34.843+0900][gc,phases    ] GC(0)   Other: 0.7ms
[2023-07-10T11:44:34.843+0900][gc,heap      ] GC(0) Eden regions: 25->0(21)
[2023-07-10T11:44:34.843+0900][gc,heap      ] GC(0) Survivor regions: 0->4(4)
[2023-07-10T11:44:34.843+0900][gc,heap      ] GC(0) Old regions: 0->4
[2023-07-10T11:44:34.843+0900][gc,heap      ] GC(0) Humongous regions: 0->0
[2023-07-10T11:44:34.843+0900][gc,metaspace ] GC(0) Metaspace: 14626K->14626K(1062912K)
[2023-07-10T11:44:34.843+0900][gc           ] GC(0) Pause Young (Normal) (G1 Evacuation Pause) 25M->7M(512M) 10.474ms
[2023-07-10T11:44:34.843+0900][gc,cpu       ] GC(0) User=0.04s Sys=0.02s Real=0.01s
[2023-07-10T11:50:43.358+0900][gc,heap,exit ] Heap
[2023-07-10T11:50:43.360+0900][gc,heap,exit ]  garbage-first heap   total 524288K, used 19951K [0x00000007e0000000, 0x0000000800000000)
[2023-07-10T11:50:43.360+0900][gc,heap,exit ]   region size 1024K, 17 young (17408K), 4 survivors (4096K)
[2023-07-10T11:50:43.360+0900][gc,heap,exit ]  Metaspace       used 16278K, capacity 16676K, committed 16896K, reserved 1064960K
[2023-07-10T11:50:43.360+0900][gc,heap,exit ]   class space    used 1638K, capacity 1782K, committed 1792K, reserved 1048576K
