[2023-07-08T19:32:05.039+0900][gc,heap] Heap region size: 1M
[2023-07-08T19:32:05.042+0900][gc     ] Using G1
[2023-07-08T19:32:05.043+0900][gc,heap,coops] Heap address: 0x00000007e0000000, size: 512 MB, Compressed Oops mode: Zero based, Oop shift amount: 3
[2023-07-08T19:32:05.959+0900][gc,start     ] GC(0) Pause Young (Normal) (G1 Evacuation Pause)
[2023-07-08T19:32:05.959+0900][gc,task      ] GC(0) Using 9 workers of 9 for evacuation
[2023-07-08T19:32:05.969+0900][gc,phases    ] GC(0)   Pre Evacuate Collection Set: 0.0ms
[2023-07-08T19:32:05.970+0900][gc,phases    ] GC(0)   Evacuate Collection Set: 9.8ms
[2023-07-08T19:32:05.970+0900][gc,phases    ] GC(0)   Post Evacuate Collection Set: 0.3ms
[2023-07-08T19:32:05.970+0900][gc,phases    ] GC(0)   Other: 1.1ms
[2023-07-08T19:32:05.970+0900][gc,heap      ] GC(0) Eden regions: 25->0(21)
[2023-07-08T19:32:05.970+0900][gc,heap      ] GC(0) Survivor regions: 0->4(4)
[2023-07-08T19:32:05.970+0900][gc,heap      ] GC(0) Old regions: 0->4
[2023-07-08T19:32:05.970+0900][gc,heap      ] GC(0) Humongous regions: 0->0
[2023-07-08T19:32:05.970+0900][gc,metaspace ] GC(0) Metaspace: 14634K->14634K(1062912K)
[2023-07-08T19:32:05.970+0900][gc           ] GC(0) Pause Young (Normal) (G1 Evacuation Pause) 25M->7M(512M) 10.902ms
[2023-07-08T19:32:05.970+0900][gc,cpu       ] GC(0) User=0.04s Sys=0.02s Real=0.02s
[2023-07-09T15:25:23.661+0900][gc,start     ] GC(1) Pause Young (Normal) (G1 Evacuation Pause)
[2023-07-09T15:25:23.663+0900][gc,task      ] GC(1) Using 9 workers of 9 for evacuation
[2023-07-09T15:25:23.775+0900][gc,mmu       ] GC(1) MMU target violated: 21.0ms (20.0ms/21.0ms)
[2023-07-09T15:25:23.775+0900][gc,phases    ] GC(1)   Pre Evacuate Collection Set: 1.3ms
[2023-07-09T15:25:23.775+0900][gc,phases    ] GC(1)   Evacuate Collection Set: 110.0ms
[2023-07-09T15:25:23.775+0900][gc,phases    ] GC(1)   Post Evacuate Collection Set: 0.7ms
[2023-07-09T15:25:23.775+0900][gc,phases    ] GC(1)   Other: 2.6ms
[2023-07-09T15:25:23.775+0900][gc,heap      ] GC(1) Eden regions: 21->0(24)
[2023-07-09T15:25:23.775+0900][gc,heap      ] GC(1) Survivor regions: 4->1(4)
[2023-07-09T15:25:23.775+0900][gc,heap      ] GC(1) Old regions: 4->8
[2023-07-09T15:25:23.775+0900][gc,heap      ] GC(1) Humongous regions: 0->0
[2023-07-09T15:25:23.775+0900][gc,metaspace ] GC(1) Metaspace: 16641K->16641K(1064960K)
[2023-07-09T15:25:23.775+0900][gc           ] GC(1) Pause Young (Normal) (G1 Evacuation Pause) 28M->8M(512M) 114.529ms
[2023-07-09T15:25:23.775+0900][gc,cpu       ] GC(1) User=0.32s Sys=0.12s Real=0.11s
[2023-07-10T11:17:48.919+0900][gc,heap,exit ] Heap
[2023-07-10T11:17:48.919+0900][gc,heap,exit ]  garbage-first heap   total 524288K, used 16390K [0x00000007e0000000, 0x0000000800000000)
[2023-07-10T11:17:48.919+0900][gc,heap,exit ]   region size 1024K, 10 young (10240K), 1 survivors (1024K)
[2023-07-10T11:17:48.919+0900][gc,heap,exit ]  Metaspace       used 16652K, capacity 17060K, committed 17408K, reserved 1064960K
[2023-07-10T11:17:48.919+0900][gc,heap,exit ]   class space    used 1638K, capacity 1782K, committed 1792K, reserved 1048576K
