[2023-07-10T22:40:45.171+0900][gc,heap] Heap region size: 1M
[2023-07-10T22:40:45.175+0900][gc     ] Using G1
[2023-07-10T22:40:45.175+0900][gc,heap,coops] Heap address: 0x00000007e0000000, size: 512 MB, Compressed Oops mode: Zero based, Oop shift amount: 3
[2023-07-10T22:40:46.042+0900][gc,start     ] GC(0) Pause Young (Normal) (G1 Evacuation Pause)
[2023-07-10T22:40:46.042+0900][gc,task      ] GC(0) Using 9 workers of 9 for evacuation
[2023-07-10T22:40:46.052+0900][gc,phases    ] GC(0)   Pre Evacuate Collection Set: 0.0ms
[2023-07-10T22:40:46.052+0900][gc,phases    ] GC(0)   Evacuate Collection Set: 9.4ms
[2023-07-10T22:40:46.052+0900][gc,phases    ] GC(0)   Post Evacuate Collection Set: 0.4ms
[2023-07-10T22:40:46.052+0900][gc,phases    ] GC(0)   Other: 0.6ms
[2023-07-10T22:40:46.052+0900][gc,heap      ] GC(0) Eden regions: 25->0(21)
[2023-07-10T22:40:46.052+0900][gc,heap      ] GC(0) Survivor regions: 0->4(4)
[2023-07-10T22:40:46.052+0900][gc,heap      ] GC(0) Old regions: 0->4
[2023-07-10T22:40:46.052+0900][gc,heap      ] GC(0) Humongous regions: 0->0
[2023-07-10T22:40:46.052+0900][gc,metaspace ] GC(0) Metaspace: 14620K->14620K(1062912K)
[2023-07-10T22:40:46.052+0900][gc           ] GC(0) Pause Young (Normal) (G1 Evacuation Pause) 25M->7M(512M) 10.448ms
[2023-07-10T22:40:46.052+0900][gc,cpu       ] GC(0) User=0.04s Sys=0.01s Real=0.01s
