[2023-07-10T12:08:02.879+0900][gc,heap] Heap region size: 1M
[2023-07-10T12:08:02.883+0900][gc     ] Using G1
[2023-07-10T12:08:02.883+0900][gc,heap,coops] Heap address: 0x00000007e0000000, size: 512 MB, Compressed Oops mode: Zero based, Oop shift amount: 3
[2023-07-10T12:08:03.916+0900][gc,start     ] GC(0) Pause Young (Normal) (G1 Evacuation Pause)
[2023-07-10T12:08:03.916+0900][gc,task      ] GC(0) Using 9 workers of 9 for evacuation
[2023-07-10T12:08:03.927+0900][gc,phases    ] GC(0)   Pre Evacuate Collection Set: 0.0ms
[2023-07-10T12:08:03.927+0900][gc,phases    ] GC(0)   Evacuate Collection Set: 10.4ms
[2023-07-10T12:08:03.927+0900][gc,phases    ] GC(0)   Post Evacuate Collection Set: 0.5ms
[2023-07-10T12:08:03.927+0900][gc,phases    ] GC(0)   Other: 0.8ms
[2023-07-10T12:08:03.927+0900][gc,heap      ] GC(0) Eden regions: 25->0(21)
[2023-07-10T12:08:03.927+0900][gc,heap      ] GC(0) Survivor regions: 0->4(4)
[2023-07-10T12:08:03.927+0900][gc,heap      ] GC(0) Old regions: 0->4
[2023-07-10T12:08:03.927+0900][gc,heap      ] GC(0) Humongous regions: 0->0
[2023-07-10T12:08:03.927+0900][gc,metaspace ] GC(0) Metaspace: 14621K->14621K(1062912K)
[2023-07-10T12:08:03.927+0900][gc           ] GC(0) Pause Young (Normal) (G1 Evacuation Pause) 25M->7M(512M) 11.749ms
[2023-07-10T12:08:03.927+0900][gc,cpu       ] GC(0) User=0.03s Sys=0.01s Real=0.01s
[2023-07-10T13:43:34.791+0900][gc,start     ] GC(1) Pause Young (Normal) (G1 Evacuation Pause)
[2023-07-10T13:43:34.793+0900][gc,task      ] GC(1) Using 9 workers of 9 for evacuation
[2023-07-10T13:43:34.841+0900][gc,mmu       ] GC(1) MMU target violated: 21.0ms (20.0ms/21.0ms)
[2023-07-10T13:43:34.841+0900][gc,phases    ] GC(1)   Pre Evacuate Collection Set: 0.3ms
[2023-07-10T13:43:34.841+0900][gc,phases    ] GC(1)   Evacuate Collection Set: 46.4ms
[2023-07-10T13:43:34.841+0900][gc,phases    ] GC(1)   Post Evacuate Collection Set: 0.5ms
[2023-07-10T13:43:34.841+0900][gc,phases    ] GC(1)   Other: 2.5ms
[2023-07-10T13:43:34.841+0900][gc,heap      ] GC(1) Eden regions: 21->0(24)
[2023-07-10T13:43:34.841+0900][gc,heap      ] GC(1) Survivor regions: 4->1(4)
[2023-07-10T13:43:34.841+0900][gc,heap      ] GC(1) Old regions: 4->8
[2023-07-10T13:43:34.841+0900][gc,heap      ] GC(1) Humongous regions: 0->0
[2023-07-10T13:43:34.841+0900][gc,metaspace ] GC(1) Metaspace: 16663K->16663K(1064960K)
[2023-07-10T13:43:34.841+0900][gc           ] GC(1) Pause Young (Normal) (G1 Evacuation Pause) 28M->8M(512M) 49.606ms
[2023-07-10T13:43:34.841+0900][gc,cpu       ] GC(1) User=0.15s Sys=0.08s Real=0.05s
[2023-07-10T18:26:20.035+0900][gc,heap,exit ] Heap
[2023-07-10T18:26:20.036+0900][gc,heap,exit ]  garbage-first heap   total 524288K, used 28033K [0x00000007e0000000, 0x0000000800000000)
[2023-07-10T18:26:20.036+0900][gc,heap,exit ]   region size 1024K, 21 young (21504K), 1 survivors (1024K)
[2023-07-10T18:26:20.036+0900][gc,heap,exit ]  Metaspace       used 16801K, capacity 17189K, committed 17408K, reserved 1064960K
[2023-07-10T18:26:20.036+0900][gc,heap,exit ]   class space    used 1637K, capacity 1782K, committed 1792K, reserved 1048576K
