[2023-07-10T18:26:23.615+0900][gc,heap] Heap region size: 1M
[2023-07-10T18:26:23.619+0900][gc     ] Using G1
[2023-07-10T18:26:23.619+0900][gc,heap,coops] Heap address: 0x00000007e0000000, size: 512 MB, Compressed Oops mode: Zero based, Oop shift amount: 3
[2023-07-10T18:26:24.442+0900][gc,start     ] GC(0) Pause Young (Normal) (G1 Evacuation Pause)
[2023-07-10T18:26:24.443+0900][gc,task      ] GC(0) Using 9 workers of 9 for evacuation
[2023-07-10T18:26:24.453+0900][gc,phases    ] GC(0)   Pre Evacuate Collection Set: 0.0ms
[2023-07-10T18:26:24.453+0900][gc,phases    ] GC(0)   Evacuate Collection Set: 9.5ms
[2023-07-10T18:26:24.453+0900][gc,phases    ] GC(0)   Post Evacuate Collection Set: 0.3ms
[2023-07-10T18:26:24.453+0900][gc,phases    ] GC(0)   Other: 0.6ms
[2023-07-10T18:26:24.453+0900][gc,heap      ] GC(0) Eden regions: 25->0(21)
[2023-07-10T18:26:24.453+0900][gc,heap      ] GC(0) Survivor regions: 0->4(4)
[2023-07-10T18:26:24.453+0900][gc,heap      ] GC(0) Old regions: 0->4
[2023-07-10T18:26:24.453+0900][gc,heap      ] GC(0) Humongous regions: 0->0
[2023-07-10T18:26:24.453+0900][gc,metaspace ] GC(0) Metaspace: 14631K->14631K(1062912K)
[2023-07-10T18:26:24.453+0900][gc           ] GC(0) Pause Young (Normal) (G1 Evacuation Pause) 25M->7M(512M) 10.539ms
[2023-07-10T18:26:24.453+0900][gc,cpu       ] GC(0) User=0.04s Sys=0.01s Real=0.01s
[2023-07-10T20:01:55.724+0900][gc,start     ] GC(1) Pause Young (Normal) (G1 Evacuation Pause)
[2023-07-10T20:01:55.726+0900][gc,task      ] GC(1) Using 9 workers of 9 for evacuation
[2023-07-10T20:01:55.784+0900][gc,mmu       ] GC(1) MMU target violated: 21.0ms (20.0ms/21.0ms)
[2023-07-10T20:01:55.784+0900][gc,phases    ] GC(1)   Pre Evacuate Collection Set: 0.3ms
[2023-07-10T20:01:55.784+0900][gc,phases    ] GC(1)   Evacuate Collection Set: 56.5ms
[2023-07-10T20:01:55.784+0900][gc,phases    ] GC(1)   Post Evacuate Collection Set: 0.7ms
[2023-07-10T20:01:55.784+0900][gc,phases    ] GC(1)   Other: 2.9ms
[2023-07-10T20:01:55.784+0900][gc,heap      ] GC(1) Eden regions: 21->0(23)
[2023-07-10T20:01:55.784+0900][gc,heap      ] GC(1) Survivor regions: 4->2(4)
[2023-07-10T20:01:55.784+0900][gc,heap      ] GC(1) Old regions: 4->8
[2023-07-10T20:01:55.784+0900][gc,heap      ] GC(1) Humongous regions: 0->0
[2023-07-10T20:01:55.784+0900][gc,metaspace ] GC(1) Metaspace: 16729K->16729K(1064960K)
[2023-07-10T20:01:55.784+0900][gc           ] GC(1) Pause Young (Normal) (G1 Evacuation Pause) 28M->8M(512M) 60.451ms
[2023-07-10T20:01:55.784+0900][gc,cpu       ] GC(1) User=0.17s Sys=0.10s Real=0.06s
[2023-07-10T22:40:22.556+0900][gc,heap,exit ] Heap
[2023-07-10T22:40:22.558+0900][gc,heap,exit ]  garbage-first heap   total 524288K, used 15799K [0x00000007e0000000, 0x0000000800000000)
[2023-07-10T22:40:22.558+0900][gc,heap,exit ]   region size 1024K, 10 young (10240K), 2 survivors (2048K)
[2023-07-10T22:40:22.558+0900][gc,heap,exit ]  Metaspace       used 16749K, capacity 17190K, committed 17408K, reserved 1064960K
[2023-07-10T22:40:22.558+0900][gc,heap,exit ]   class space    used 1638K, capacity 1782K, committed 1792K, reserved 1048576K
